<html>
<body>
<pre>
<h1>µVision Build Log</h1>
<h2>Tool Versions:</h2>
IDE-Version: ¦ÌVision V5.36.0.0
Copyright (C) 2021 ARM Ltd and ARM Germany GmbH. All rights reserved.
License Information: 1 Administrator, 1, LIC=MPPLD-83LY6-9UU4U-SUKIA-1GV9A-YD7DP
 
Tool Versions:
Toolchain:       MDK-ARM Plus  Version: 5.36.0.0
Toolchain Path:  C:\Keil_v5\ARM\ARMCC\Bin
C Compiler:      Armcc.exe V5.06 update 7 (build 960)
Assembler:       Armasm.exe V5.06 update 7 (build 960)
Linker/Locator:  ArmLink.exe V5.06 update 7 (build 960)
Library Manager: ArmAr.exe V5.06 update 7 (build 960)
Hex Converter:   FromElf.exe V5.06 update 7 (build 960)
CPU DLL:         SARMCM3.DLL V5.36.0.0
Dialog DLL:      DCM.DLL V1.17.3.0
Target DLL:      CMSIS_AGDI.dll V1.33.0.0
Dialog DLL:      TCM.DLL V1.53.0.0
 
<h2>Project:</h2>
C:\Users\Administrator\Desktop\6\1\AT32F435_437_Firmware_Library_V2.2.2 (1)\AT32F435_437_Firmware_Library_V2.2.2 (1)\project\at_start_f435\examples\gpio\led_toggle\mdk_v5\led_toggle.uvprojx
Project File Date:  10/16/2025

<h2>Output:</h2>
*** Using Compiler 'V5.06 update 7 (build 960)', folder: 'C:\Keil_v5\ARM\ARMCC\Bin'
Rebuild target 'led_toggle'
compiling bsp_oledfont.c...
compiling at32f435_437_clock.c...
compiling at32f435_437_int.c...
compiling main.c...
..\..\..\..\..\..\bsp\bsp.eep_lm75.h(37): warning:  #1-D: last line of file ends without a newline
  void eep_read(uint16_t men_address, uint8_t *pdata,uint8_t size);
..\..\..\..\..\..\bsp\bsp_uart.h(103): warning:  #1-D: last line of file ends without a newline
  #endif
..\src\main.c(168): warning:  #223-D: function "ESP12_SendAT" declared implicitly
  	ESP12_SendAT("AT");
..\src\main.c(169): warning:  #223-D: function "ESP12_WaitResponse" declared implicitly
  	if (ESP12_WaitResponse("OK", 5000) != 1)
..\src\main.c(223): warning:  #167-D: argument of type "unsigned char *" is incompatible with parameter of type "const char *"
  	comSendBuf(COM3, testStr, strlen(testStr));
..\src\main.c(257): warning:  #167-D: argument of type "char *" is incompatible with parameter of type "uint8_t *"
          comSendBuf(COM3, heartbeat, strlen(heartbeat));
..\src\main.c(320): warning:  #177-D: variable "testStr"  was declared but never referenced
  	char testStr[] =  "4SHXXEA8J21SC8G7";
..\src\main.c(321): warning:  #550-D: variable "ledtimer"  was set but never used
  	unsigned int ledtimer;
..\src\main.c(322): warning:  #550-D: variable "ledtimer2"  was set but never used
  	unsigned int ledtimer2;
..\src\main.c(323): warning:  #550-D: variable "rgbtimer"  was set but never used
  	unsigned int rgbtimer;
..\src\main.c(324): warning:  #177-D: variable "buttontimer"  was declared but never referenced
  	unsigned int buttontimer;
..\src\main.c(325): warning:  #177-D: variable "flag"  was declared but never referenced
  	int flag = 0;
..\src\main.c(326): warning:  #177-D: variable "keyvalue"  was declared but never referenced
    uint8_t keyvalue;
..\src\main.c(327): warning:  #177-D: variable "qvalue"  was declared but never referenced
  	int qvalue;
..\src\main.c(328): warning:  #177-D: variable "ledTimer"  was declared but never referenced
  	int ledTimer;
..\src\main.c(330): warning:  #177-D: variable "TlinkCommandStr"  was declared but never referenced
  	char TlinkCommandStr[20];
..\src\main.c: 16 warnings, 0 errors
compiling bsp.c...
..\..\..\..\..\..\bsp\bsp_uart.h(103): warning:  #1-D: last line of file ends without a newline
  #endif
..\..\..\..\..\..\bsp\bsp.c(178): warning:  #223-D: function "ic2_init" declared implicitly
  	ic2_init();
..\..\..\..\..\..\bsp\bsp.c: 2 warnings, 0 errors
compiling bsp.eep_lm75.c...
..\..\..\..\..\..\bsp\bsp.eep_lm75.h(37): warning:  #1-D: last line of file ends without a newline
  void eep_read(uint16_t men_address, uint8_t *pdata,uint8_t size);
..\..\..\..\..\..\bsp\bsp.eep_lm75.c: 1 warning, 0 errors
compiling bsp_uart.c...
..\..\..\..\..\..\bsp\bsp_uart.h(103): warning:  #1-D: last line of file ends without a newline
  #endif
..\..\..\..\..\..\bsp\bsp_uart.c(568): warning:  #177-D: function "ComToUSARTx"  was declared but never referenced
  usart_type *ComToUSARTx(COM_PORT_E _ucPort)
..\..\..\..\..\..\bsp\bsp_uart.c(25): warning:  #177-D: function "InitHardUart"  was declared but never referenced
  static void InitHardUart(void);
..\..\..\..\..\..\bsp\bsp_uart.c: 3 warnings, 0 errors
compiling bsp_oled.c...
..\..\..\..\..\..\bsp\bsp_oled.c(242): warning:  #223-D: function "delay_ms" declared implicitly
  	delay_ms(10);
..\..\..\..\..\..\bsp\bsp_oled.c(359): warning:  #223-D: function "delay_ms" declared implicitly
      delay_ms(10);
..\..\..\..\..\..\bsp\bsp_oled.c: 2 warnings, 0 errors
compiling bsp_beep.c...
compiling bsp_timer.c...
..\..\..\..\..\..\bsp\bsp_timer.c(14): warning:  #177-D: variable "s_TIM_CallBack1"  was declared but never referenced
  static void (*s_TIM_CallBack1)(void);
..\..\..\..\..\..\bsp\bsp_timer.c(15): warning:  #177-D: variable "s_TIM_CallBack2"  was declared but never referenced
  static void (*s_TIM_CallBack2)(void);
..\..\..\..\..\..\bsp\bsp_timer.c(16): warning:  #177-D: variable "s_TIM_CallBack3"  was declared but never referenced
  static void (*s_TIM_CallBack3)(void);
..\..\..\..\..\..\bsp\bsp_timer.c(17): warning:  #177-D: variable "s_TIM_CallBack4"  was declared but never referenced
  static void (*s_TIM_CallBack4)(void);
..\..\..\..\..\..\bsp\bsp_timer.c: 4 warnings, 0 errors
compiling bsp_gt911.c...
..\..\..\..\..\..\bsp\bsp_gt911.c(631): warning:  #177-D: variable "i"  was declared but never referenced
    uint8_t i = 0;
..\..\..\..\..\..\bsp\bsp_gt911.c(633): warning:  #550-D: variable "num"  was set but never used
    uint8_t buf[6], num = 0;  
..\..\..\..\..\..\bsp\bsp_gt911.c(677): warning:  #167-D: argument of type "int16_t *" is incompatible with parameter of type "uint16_t *"
        if(touch_read_xy(&xp, &yp)){
..\..\..\..\..\..\bsp\bsp_gt911.c(677): warning:  #167-D: argument of type "int16_t *" is incompatible with parameter of type "uint16_t *"
        if(touch_read_xy(&xp, &yp)){
..\..\..\..\..\..\bsp\bsp_gt911.c(685): warning:  #167-D: argument of type "int16_t *" is incompatible with parameter of type "uint16_t *"
        if(touch_read_xy(&xp, &yp)){
..\..\..\..\..\..\bsp\bsp_gt911.c(685): warning:  #167-D: argument of type "int16_t *" is incompatible with parameter of type "uint16_t *"
        if(touch_read_xy(&xp, &yp)){
..\..\..\..\..\..\bsp\bsp_gt911.c(701): warning:  #167-D: argument of type "int16_t *" is incompatible with parameter of type "uint16_t *"
        if(touch_read_xy(&xp, &yp)){ 
..\..\..\..\..\..\bsp\bsp_gt911.c(701): warning:  #167-D: argument of type "int16_t *" is incompatible with parameter of type "uint16_t *"
        if(touch_read_xy(&xp, &yp)){ 
..\..\..\..\..\..\bsp\bsp_gt911.c(716): warning:  #188-D: enumerated type mixed with another type
    return rtn;
..\..\..\..\..\..\bsp\bsp_gt911.c: 9 warnings, 0 errors
compiling bsp_esp12.c...
..\..\..\..\..\..\bsp\bsp_uart.h(103): warning:  #1-D: last line of file ends without a newline
  #endif
..\..\..\..\..\..\bsp\bsp_esp12.c: 1 warning, 0 errors
compiling bsp_key.c...
compiling bsp_lcd.c...
compiling i2c_application.c...
compiling at32f435_437_gpio.c...
assembling startup_at32f435_437.s...
compiling at32f435_437_usart.c...
compiling at32f435_437_crm.c...
compiling at32f435_437_misc.c...
compiling at32f435_437_i2c.c...
compiling at32f435_437_dma.c...
compiling at32f435_437_tmr.c...
compiling at32f435_437_adc.c...
compiling at32f435_437_spi.c...
compiling at32f435_437_xmc.c...
compiling system_at32f435_437.c...
linking...
Program Size: Code=13796 RO-data=2932 RW-data=148 ZI-data=4036  
FromELF: creating hex file...
".\objects\led_toggle.axf" - 0 Error(s), 38 Warning(s).

<h2>Software Packages used:</h2>

Package Vendor: ArteryTek
                
                ArteryTek.AT32F435_437_DFP.2.1.3
                ArteryTek AT32F4 Series Device Support,Drivers

<h2>Collection of Component include folders:</h2>
  C:\Users\Administrator\AppData\Local\Arm\Packs\ArteryTek\AT32F435_437_DFP\2.1.3\Device\Include

<h2>Collection of Component Files used:</h2>
Build Time Elapsed:  00:00:01
</pre>
</body>
</html>
