<html>
<body>
<pre>
<h1>µVision Build Log</h1>
<h2>Tool Versions:</h2>
IDE-Version: ¦ÌVision V5.36.0.0
Copyright (C) 2021 ARM Ltd and ARM Germany GmbH. All rights reserved.
License Information: 1 Administrator, 1, LIC=MPPLD-83LY6-9UU4U-SUKIA-1GV9A-YD7DP
 
Tool Versions:
Toolchain:       MDK-ARM Plus  Version: 5.36.0.0
Toolchain Path:  C:\Keil_v5\ARM\ARMCC\Bin
C Compiler:      Armcc.exe V5.06 update 7 (build 960)
Assembler:       Armasm.exe V5.06 update 7 (build 960)
Linker/Locator:  ArmLink.exe V5.06 update 7 (build 960)
Library Manager: ArmAr.exe V5.06 update 7 (build 960)
Hex Converter:   FromElf.exe V5.06 update 7 (build 960)
CPU DLL:         SARMCM3.DLL V5.36.0.0
Dialog DLL:      DCM.DLL V1.17.3.0
Target DLL:      CMSIS_AGDI.dll V1.33.0.0
Dialog DLL:      TCM.DLL V1.53.0.0
 
<h2>Project:</h2>
C:\Users\Administrator\Desktop\AT32F435_437_Firmware_Library_V2.2.2 (1)\project\at_start_f435\examples\i2c\eeprom\mdk_v5\eeprom.uvprojx
Project File Date:  09/25/2025

<h2>Output:</h2>
*** Using Compiler 'V5.06 update 7 (build 960)', folder: 'C:\Keil_v5\ARM\ARMCC\Bin'
Rebuild target 'eeprom'
assembling startup_at32f435_437.s...
compiling system_at32f435_437.c...
compiling at32f435_437_board.c...
compiling at32f435_437_i2c.c...
compiling at32f435_437_gpio.c...
compiling at32f435_437_clock.c...
compiling at32f435_437_int.c...
compiling at32f435_437_acc.c...
compiling at32f435_437_dma.c...
compiling at32f435_437_misc.c...
compiling main.c...
compiling eeprom.c...
compiling at32f435_437_usart.c...
compiling at32f435_437_crm.c...
compiling i2c_application.c...
linking...
Program Size: Code=8594 RO-data=578 RW-data=88 ZI-data=1720  
FromELF: creating hex file...
".\objects\eeprom.axf" - 0 Error(s), 0 Warning(s).

<h2>Software Packages used:</h2>

Package Vendor: ArteryTek
                
                ArteryTek.AT32F435_437_DFP.2.1.3
                ArteryTek AT32F4 Series Device Support,Drivers

<h2>Collection of Component include folders:</h2>
  C:\Users\Administrator\AppData\Local\Arm\Packs\ArteryTek\AT32F435_437_DFP\2.1.3\Device\Include

<h2>Collection of Component Files used:</h2>
Build Time Elapsed:  00:00:01
</pre>
</body>
</html>
