<!doctype html public "-//w3c//dtd html 4.0 transitional//en">
<html><head>
<title>Static Call Graph - [.\objects\lvgl_desktop_demo.axf]</title></head>
<body><HR>
<H1>Static Call Graph for image .\objects\lvgl_desktop_demo.axf</H1><HR>
<BR><P>#&#060CALLGRAPH&#062# ARM Linker, 5060960: Last Updated: Fri Dec 05 08:15:34 2025
<BR><P>
<H3>Maximum Stack Usage =       1056 bytes + Unknown(Functions without stacksize, Cycles, Untraceable Function Pointers)</H3><H3>
Call chain for Maximum Stack Depth:</H3>
lv_meter_event &rArr; draw_ticks_and_labels &rArr; lv_draw_label &rArr; lv_txt_get_size &rArr; _lv_txt_get_next_line &rArr; lv_font_get_glyph_width
<P>
<H3>
Functions with no stack information
</H3><UL>
 <LI><a href="#[164]">__user_initial_stackheap</a>
</UL>
</UL>
<P>
<H3>
Mutually Recursive functions
</H3> <LI><a href="#[6c]">ACC_IRQHandler</a>&nbsp;&nbsp;&nbsp;&rArr;&nbsp;&nbsp;&nbsp;<a href="#[6c]">ACC_IRQHandler</a><BR>
 <LI><a href="#[12]">BusFault_Handler</a>&nbsp;&nbsp;&nbsp;&rArr;&nbsp;&nbsp;&nbsp;<a href="#[12]">BusFault_Handler</a><BR>
 <LI><a href="#[10]">HardFault_Handler</a>&nbsp;&nbsp;&nbsp;&rArr;&nbsp;&nbsp;&nbsp;<a href="#[10]">HardFault_Handler</a><BR>
 <LI><a href="#[11]">MemManage_Handler</a>&nbsp;&nbsp;&nbsp;&rArr;&nbsp;&nbsp;&nbsp;<a href="#[11]">MemManage_Handler</a><BR>
 <LI><a href="#[13]">UsageFault_Handler</a>&nbsp;&nbsp;&nbsp;&rArr;&nbsp;&nbsp;&nbsp;<a href="#[13]">UsageFault_Handler</a><BR>
 <LI><a href="#[1d3]">lv_obj_get_style_prop</a>&nbsp;&nbsp;&nbsp;&rArr;&nbsp;&nbsp;&nbsp;<a href="#[1d3]">lv_obj_get_style_prop</a><BR>
 <LI><a href="#[34d]">lv_obj_get_screen</a>&nbsp;&nbsp;&nbsp;&rArr;&nbsp;&nbsp;&nbsp;<a href="#[34d]">lv_obj_get_screen</a><BR>
 <LI><a href="#[194]">_lv_area_is_point_on</a>&nbsp;&nbsp;&nbsp;&rArr;&nbsp;&nbsp;&nbsp;<a href="#[194]">_lv_area_is_point_on</a><BR>
 <LI><a href="#[296]">event_send_core</a>&nbsp;&nbsp;&nbsp;&rArr;&nbsp;&nbsp;&nbsp;<a href="#[296]">event_send_core</a><BR>
 <LI><a href="#[22f]">lv_obj_move_children_by</a>&nbsp;&nbsp;&nbsp;&rArr;&nbsp;&nbsp;&nbsp;<a href="#[22f]">lv_obj_move_children_by</a><BR>
 <LI><a href="#[3d3]">lv_obj_scroll_by_bounded</a>&nbsp;&nbsp;&nbsp;&rArr;&nbsp;&nbsp;&nbsp;<a href="#[19a]">lv_obj_update_layout</a><BR>
 <LI><a href="#[2f7]">layout_update_core</a>&nbsp;&nbsp;&nbsp;&rArr;&nbsp;&nbsp;&nbsp;<a href="#[2f7]">layout_update_core</a><BR>
 <LI><a href="#[405]">lv_refr_obj</a>&nbsp;&nbsp;&nbsp;&rArr;&nbsp;&nbsp;&nbsp;<a href="#[405]">lv_refr_obj</a><BR>
 <LI><a href="#[403]">lv_refr_get_top_obj</a>&nbsp;&nbsp;&nbsp;&rArr;&nbsp;&nbsp;&nbsp;<a href="#[403]">lv_refr_get_top_obj</a><BR>
 <LI><a href="#[3cc]">refresh_children_style</a>&nbsp;&nbsp;&nbsp;&rArr;&nbsp;&nbsp;&nbsp;<a href="#[3cc]">refresh_children_style</a><BR>
 <LI><a href="#[2e5]">lv_indev_search_obj</a>&nbsp;&nbsp;&nbsp;&rArr;&nbsp;&nbsp;&nbsp;<a href="#[2e5]">lv_indev_search_obj</a><BR>
 <LI><a href="#[382]">lv_textarea_add_char</a>&nbsp;&nbsp;&nbsp;&rArr;&nbsp;&nbsp;&nbsp;<a href="#[2ec]">insert_handler</a><BR>
 <LI><a href="#[2ed]">lv_textarea_add_text</a>&nbsp;&nbsp;&nbsp;&rArr;&nbsp;&nbsp;&nbsp;<a href="#[2ec]">insert_handler</a><BR>
 <LI><a href="#[1fc]">apply_theme</a>&nbsp;&nbsp;&nbsp;&rArr;&nbsp;&nbsp;&nbsp;<a href="#[1fc]">apply_theme</a><BR>
 <LI><a href="#[3b2]">lv_obj_construct</a>&nbsp;&nbsp;&nbsp;&rArr;&nbsp;&nbsp;&nbsp;<a href="#[3b2]">lv_obj_construct</a><BR>
 <LI><a href="#[1e4]">_vsnprintf</a>&nbsp;&nbsp;&nbsp;&rArr;&nbsp;&nbsp;&nbsp;<a href="#[1e4]">_vsnprintf</a><BR>
 <LI><a href="#[3b5]">obj_del_core</a>&nbsp;&nbsp;&nbsp;&rArr;&nbsp;&nbsp;&nbsp;<a href="#[3b5]">obj_del_core</a><BR>
 <LI><a href="#[3d1]">report_style_change_core</a>&nbsp;&nbsp;&nbsp;&rArr;&nbsp;&nbsp;&nbsp;<a href="#[3d1]">report_style_change_core</a><BR>
</UL>
<P>
<H3>
Function Pointers
</H3><UL>
 <LI><a href="#[6c]">ACC_IRQHandler</a> from startup_at32f435_437.o(.text) referenced from startup_at32f435_437.o(RESET)
 <LI><a href="#[2a]">ADC1_2_3_IRQHandler</a> from startup_at32f435_437.o(.text) referenced from startup_at32f435_437.o(RESET)
 <LI><a href="#[12]">BusFault_Handler</a> from at32f435_437_int.o(i.BusFault_Handler) referenced from startup_at32f435_437.o(RESET)
 <LI><a href="#[2c]">CAN1_RX0_IRQHandler</a> from startup_at32f435_437.o(.text) referenced from startup_at32f435_437.o(RESET)
 <LI><a href="#[2d]">CAN1_RX1_IRQHandler</a> from startup_at32f435_437.o(.text) referenced from startup_at32f435_437.o(RESET)
 <LI><a href="#[2e]">CAN1_SE_IRQHandler</a> from startup_at32f435_437.o(.text) referenced from startup_at32f435_437.o(RESET)
 <LI><a href="#[2b]">CAN1_TX_IRQHandler</a> from startup_at32f435_437.o(.text) referenced from startup_at32f435_437.o(RESET)
 <LI><a href="#[58]">CAN2_RX0_IRQHandler</a> from startup_at32f435_437.o(.text) referenced from startup_at32f435_437.o(RESET)
 <LI><a href="#[59]">CAN2_RX1_IRQHandler</a> from startup_at32f435_437.o(.text) referenced from startup_at32f435_437.o(RESET)
 <LI><a href="#[5a]">CAN2_SE_IRQHandler</a> from startup_at32f435_437.o(.text) referenced from startup_at32f435_437.o(RESET)
 <LI><a href="#[57]">CAN2_TX_IRQHandler</a> from startup_at32f435_437.o(.text) referenced from startup_at32f435_437.o(RESET)
 <LI><a href="#[1d]">CRM_IRQHandler</a> from startup_at32f435_437.o(.text) referenced from startup_at32f435_437.o(RESET)
 <LI><a href="#[50]">DMA1_Channel1_IRQHandler</a> from startup_at32f435_437.o(.text) referenced from startup_at32f435_437.o(RESET)
 <LI><a href="#[51]">DMA1_Channel2_IRQHandler</a> from startup_at32f435_437.o(.text) referenced from startup_at32f435_437.o(RESET)
 <LI><a href="#[52]">DMA1_Channel3_IRQHandler</a> from lv_port_disp_template.o(i.DMA1_Channel3_IRQHandler) referenced from startup_at32f435_437.o(RESET)
 <LI><a href="#[53]">DMA1_Channel4_IRQHandler</a> from startup_at32f435_437.o(.text) referenced from startup_at32f435_437.o(RESET)
 <LI><a href="#[54]">DMA1_Channel5_IRQHandler</a> from startup_at32f435_437.o(.text) referenced from startup_at32f435_437.o(RESET)
 <LI><a href="#[5c]">DMA1_Channel6_IRQHandler</a> from startup_at32f435_437.o(.text) referenced from startup_at32f435_437.o(RESET)
 <LI><a href="#[5d]">DMA1_Channel7_IRQHandler</a> from startup_at32f435_437.o(.text) referenced from startup_at32f435_437.o(RESET)
 <LI><a href="#[71]">DMA2_Channel1_IRQHandler</a> from startup_at32f435_437.o(.text) referenced from startup_at32f435_437.o(RESET)
 <LI><a href="#[72]">DMA2_Channel2_IRQHandler</a> from startup_at32f435_437.o(.text) referenced from startup_at32f435_437.o(RESET)
 <LI><a href="#[73]">DMA2_Channel3_IRQHandler</a> from startup_at32f435_437.o(.text) referenced from startup_at32f435_437.o(RESET)
 <LI><a href="#[74]">DMA2_Channel4_IRQHandler</a> from startup_at32f435_437.o(.text) referenced from startup_at32f435_437.o(RESET)
 <LI><a href="#[75]">DMA2_Channel5_IRQHandler</a> from startup_at32f435_437.o(.text) referenced from startup_at32f435_437.o(RESET)
 <LI><a href="#[76]">DMA2_Channel6_IRQHandler</a> from startup_at32f435_437.o(.text) referenced from startup_at32f435_437.o(RESET)
 <LI><a href="#[77]">DMA2_Channel7_IRQHandler</a> from startup_at32f435_437.o(.text) referenced from startup_at32f435_437.o(RESET)
 <LI><a href="#[6a]">DMAMUX_IRQHandler</a> from startup_at32f435_437.o(.text) referenced from startup_at32f435_437.o(RESET)
 <LI><a href="#[63]">DVP_IRQHandler</a> from startup_at32f435_437.o(.text) referenced from startup_at32f435_437.o(RESET)
 <LI><a href="#[15]">DebugMon_Handler</a> from at32f435_437_int.o(i.DebugMon_Handler) referenced from startup_at32f435_437.o(RESET)
 <LI><a href="#[23]">EDMA_Stream1_IRQHandler</a> from startup_at32f435_437.o(.text) referenced from startup_at32f435_437.o(RESET)
 <LI><a href="#[24]">EDMA_Stream2_IRQHandler</a> from startup_at32f435_437.o(.text) referenced from startup_at32f435_437.o(RESET)
 <LI><a href="#[25]">EDMA_Stream3_IRQHandler</a> from startup_at32f435_437.o(.text) referenced from startup_at32f435_437.o(RESET)
 <LI><a href="#[26]">EDMA_Stream4_IRQHandler</a> from startup_at32f435_437.o(.text) referenced from startup_at32f435_437.o(RESET)
 <LI><a href="#[27]">EDMA_Stream5_IRQHandler</a> from startup_at32f435_437.o(.text) referenced from startup_at32f435_437.o(RESET)
 <LI><a href="#[28]">EDMA_Stream6_IRQHandler</a> from startup_at32f435_437.o(.text) referenced from startup_at32f435_437.o(RESET)
 <LI><a href="#[29]">EDMA_Stream7_IRQHandler</a> from startup_at32f435_437.o(.text) referenced from startup_at32f435_437.o(RESET)
 <LI><a href="#[47]">EDMA_Stream8_IRQHandler</a> from startup_at32f435_437.o(.text) referenced from startup_at32f435_437.o(RESET)
 <LI><a href="#[55]">EMAC_IRQHandler</a> from startup_at32f435_437.o(.text) referenced from startup_at32f435_437.o(RESET)
 <LI><a href="#[56]">EMAC_WKUP_IRQHandler</a> from startup_at32f435_437.o(.text) referenced from startup_at32f435_437.o(RESET)
 <LI><a href="#[41]">ERTCAlarm_IRQHandler</a> from startup_at32f435_437.o(.text) referenced from startup_at32f435_437.o(RESET)
 <LI><a href="#[1b]">ERTC_WKUP_IRQHandler</a> from startup_at32f435_437.o(.text) referenced from startup_at32f435_437.o(RESET)
 <LI><a href="#[1e]">EXINT0_IRQHandler</a> from startup_at32f435_437.o(.text) referenced from startup_at32f435_437.o(RESET)
 <LI><a href="#[40]">EXINT15_10_IRQHandler</a> from startup_at32f435_437.o(.text) referenced from startup_at32f435_437.o(RESET)
 <LI><a href="#[1f]">EXINT1_IRQHandler</a> from startup_at32f435_437.o(.text) referenced from startup_at32f435_437.o(RESET)
 <LI><a href="#[20]">EXINT2_IRQHandler</a> from startup_at32f435_437.o(.text) referenced from startup_at32f435_437.o(RESET)
 <LI><a href="#[21]">EXINT3_IRQHandler</a> from startup_at32f435_437.o(.text) referenced from startup_at32f435_437.o(RESET)
 <LI><a href="#[22]">EXINT4_IRQHandler</a> from startup_at32f435_437.o(.text) referenced from startup_at32f435_437.o(RESET)
 <LI><a href="#[2f]">EXINT9_5_IRQHandler</a> from startup_at32f435_437.o(.text) referenced from startup_at32f435_437.o(RESET)
 <LI><a href="#[1c]">FLASH_IRQHandler</a> from startup_at32f435_437.o(.text) referenced from startup_at32f435_437.o(RESET)
 <LI><a href="#[64]">FPU_IRQHandler</a> from startup_at32f435_437.o(.text) referenced from startup_at32f435_437.o(RESET)
 <LI><a href="#[10]">HardFault_Handler</a> from at32f435_437_int.o(i.HardFault_Handler) referenced from startup_at32f435_437.o(RESET)
 <LI><a href="#[38]">I2C1_ERR_IRQHandler</a> from startup_at32f435_437.o(.text) referenced from startup_at32f435_437.o(RESET)
 <LI><a href="#[37]">I2C1_EVT_IRQHandler</a> from startup_at32f435_437.o(.text) referenced from startup_at32f435_437.o(RESET)
 <LI><a href="#[3a]">I2C2_ERR_IRQHandler</a> from startup_at32f435_437.o(.text) referenced from startup_at32f435_437.o(RESET)
 <LI><a href="#[39]">I2C2_EVT_IRQHandler</a> from startup_at32f435_437.o(.text) referenced from startup_at32f435_437.o(RESET)
 <LI><a href="#[60]">I2C3_ERR_IRQHandler</a> from startup_at32f435_437.o(.text) referenced from startup_at32f435_437.o(RESET)
 <LI><a href="#[5f]">I2C3_EVT_IRQHandler</a> from startup_at32f435_437.o(.text) referenced from startup_at32f435_437.o(RESET)
 <LI><a href="#[11]">MemManage_Handler</a> from at32f435_437_int.o(i.MemManage_Handler) referenced from startup_at32f435_437.o(RESET)
 <LI><a href="#[f]">NMI_Handler</a> from at32f435_437_int.o(i.NMI_Handler) referenced from startup_at32f435_437.o(RESET)
 <LI><a href="#[5b]">OTGFS1_IRQHandler</a> from startup_at32f435_437.o(.text) referenced from startup_at32f435_437.o(RESET)
 <LI><a href="#[42]">OTGFS1_WKUP_IRQHandler</a> from startup_at32f435_437.o(.text) referenced from startup_at32f435_437.o(RESET)
 <LI><a href="#[62]">OTGFS2_IRQHandler</a> from startup_at32f435_437.o(.text) referenced from startup_at32f435_437.o(RESET)
 <LI><a href="#[61]">OTGFS2_WKUP_IRQHandler</a> from startup_at32f435_437.o(.text) referenced from startup_at32f435_437.o(RESET)
 <LI><a href="#[19]">PVM_IRQHandler</a> from startup_at32f435_437.o(.text) referenced from startup_at32f435_437.o(RESET)
 <LI><a href="#[16]">PendSV_Handler</a> from at32f435_437_int.o(i.PendSV_Handler) referenced from startup_at32f435_437.o(RESET)
 <LI><a href="#[69]">QSPI1_IRQHandler</a> from startup_at32f435_437.o(.text) referenced from startup_at32f435_437.o(RESET)
 <LI><a href="#[68]">QSPI2_IRQHandler</a> from startup_at32f435_437.o(.text) referenced from startup_at32f435_437.o(RESET)
 <LI><a href="#[e]">Reset_Handler</a> from startup_at32f435_437.o(.text) referenced from startup_at32f435_437.o(RESET)
 <LI><a href="#[49]">SDIO1_IRQHandler</a> from startup_at32f435_437.o(.text) referenced from startup_at32f435_437.o(RESET)
 <LI><a href="#[6b]">SDIO2_IRQHandler</a> from startup_at32f435_437.o(.text) referenced from startup_at32f435_437.o(RESET)
 <LI><a href="#[3b]">SPI1_IRQHandler</a> from startup_at32f435_437.o(.text) referenced from startup_at32f435_437.o(RESET)
 <LI><a href="#[3c]">SPI2_I2S2EXT_IRQHandler</a> from startup_at32f435_437.o(.text) referenced from startup_at32f435_437.o(RESET)
 <LI><a href="#[4b]">SPI3_I2S3EXT_IRQHandler</a> from startup_at32f435_437.o(.text) referenced from startup_at32f435_437.o(RESET)
 <LI><a href="#[67]">SPI4_IRQHandler</a> from startup_at32f435_437.o(.text) referenced from startup_at32f435_437.o(RESET)
 <LI><a href="#[14]">SVC_Handler</a> from at32f435_437_int.o(i.SVC_Handler) referenced from startup_at32f435_437.o(RESET)
 <LI><a href="#[17]">SysTick_Handler</a> from at32f435_437_int.o(i.SysTick_Handler) referenced from startup_at32f435_437.o(RESET)
 <LI><a href="#[78]">SystemInit</a> from system_at32f435_437.o(i.SystemInit) referenced from startup_at32f435_437.o(.text)
 <LI><a href="#[1a]">TAMP_STAMP_IRQHandler</a> from startup_at32f435_437.o(.text) referenced from startup_at32f435_437.o(RESET)
 <LI><a href="#[30]">TMR1_BRK_TMR9_IRQHandler</a> from startup_at32f435_437.o(.text) referenced from startup_at32f435_437.o(RESET)
 <LI><a href="#[33]">TMR1_CH_IRQHandler</a> from startup_at32f435_437.o(.text) referenced from startup_at32f435_437.o(RESET)
 <LI><a href="#[31]">TMR1_OVF_TMR10_IRQHandler</a> from startup_at32f435_437.o(.text) referenced from startup_at32f435_437.o(RESET)
 <LI><a href="#[32]">TMR1_TRG_HALL_TMR11_IRQHandler</a> from startup_at32f435_437.o(.text) referenced from startup_at32f435_437.o(RESET)
 <LI><a href="#[6d]">TMR20_BRK_IRQHandler</a> from startup_at32f435_437.o(.text) referenced from startup_at32f435_437.o(RESET)
 <LI><a href="#[70]">TMR20_CH_IRQHandler</a> from startup_at32f435_437.o(.text) referenced from startup_at32f435_437.o(RESET)
 <LI><a href="#[6e]">TMR20_OVF_IRQHandler</a> from startup_at32f435_437.o(.text) referenced from startup_at32f435_437.o(RESET)
 <LI><a href="#[6f]">TMR20_TRG_HALL_IRQHandler</a> from startup_at32f435_437.o(.text) referenced from startup_at32f435_437.o(RESET)
 <LI><a href="#[34]">TMR2_GLOBAL_IRQHandler</a> from startup_at32f435_437.o(.text) referenced from startup_at32f435_437.o(RESET)
 <LI><a href="#[35]">TMR3_GLOBAL_IRQHandler</a> from startup_at32f435_437.o(.text) referenced from startup_at32f435_437.o(RESET)
 <LI><a href="#[36]">TMR4_GLOBAL_IRQHandler</a> from startup_at32f435_437.o(.text) referenced from startup_at32f435_437.o(RESET)
 <LI><a href="#[4a]">TMR5_GLOBAL_IRQHandler</a> from startup_at32f435_437.o(.text) referenced from startup_at32f435_437.o(RESET)
 <LI><a href="#[4e]">TMR6_DAC_GLOBAL_IRQHandler</a> from bsp_timer.o(i.TMR6_DAC_GLOBAL_IRQHandler) referenced from startup_at32f435_437.o(RESET)
 <LI><a href="#[4f]">TMR7_GLOBAL_IRQHandler</a> from lv_tick_custom.o(i.TMR7_GLOBAL_IRQHandler) referenced from startup_at32f435_437.o(RESET)
 <LI><a href="#[43]">TMR8_BRK_TMR12_IRQHandler</a> from startup_at32f435_437.o(.text) referenced from startup_at32f435_437.o(RESET)
 <LI><a href="#[46]">TMR8_CH_IRQHandler</a> from startup_at32f435_437.o(.text) referenced from startup_at32f435_437.o(RESET)
 <LI><a href="#[44]">TMR8_OVF_TMR13_IRQHandler</a> from startup_at32f435_437.o(.text) referenced from startup_at32f435_437.o(RESET)
 <LI><a href="#[45]">TMR8_TRG_HALL_TMR14_IRQHandler</a> from startup_at32f435_437.o(.text) referenced from startup_at32f435_437.o(RESET)
 <LI><a href="#[4c]">UART4_IRQHandler</a> from startup_at32f435_437.o(.text) referenced from startup_at32f435_437.o(RESET)
 <LI><a href="#[4d]">UART5_IRQHandler</a> from startup_at32f435_437.o(.text) referenced from startup_at32f435_437.o(RESET)
 <LI><a href="#[65]">UART7_IRQHandler</a> from startup_at32f435_437.o(.text) referenced from startup_at32f435_437.o(RESET)
 <LI><a href="#[66]">UART8_IRQHandler</a> from startup_at32f435_437.o(.text) referenced from startup_at32f435_437.o(RESET)
 <LI><a href="#[3d]">USART1_IRQHandler</a> from bsp.o(i.USART1_IRQHandler) referenced from startup_at32f435_437.o(RESET)
 <LI><a href="#[3e]">USART2_IRQHandler</a> from startup_at32f435_437.o(.text) referenced from startup_at32f435_437.o(RESET)
 <LI><a href="#[3f]">USART3_IRQHandler</a> from bsp_uart.o(i.USART3_IRQHandler) referenced from startup_at32f435_437.o(RESET)
 <LI><a href="#[5e]">USART6_IRQHandler</a> from startup_at32f435_437.o(.text) referenced from startup_at32f435_437.o(RESET)
 <LI><a href="#[13]">UsageFault_Handler</a> from at32f435_437_int.o(i.UsageFault_Handler) referenced from startup_at32f435_437.o(RESET)
 <LI><a href="#[18]">WWDT_IRQHandler</a> from startup_at32f435_437.o(.text) referenced from startup_at32f435_437.o(RESET)
 <LI><a href="#[48]">XMC_IRQHandler</a> from startup_at32f435_437.o(.text) referenced from startup_at32f435_437.o(RESET)
 <LI><a href="#[13d]">__main</a> from __main.o(!!!main) referenced from startup_at32f435_437.o(.text)
 <LI><a href="#[13c]">__user_font_get_bitmap</a> from myfont.o(i.__user_font_get_bitmap) referenced from myfont.o(.constdata)
 <LI><a href="#[13b]">__user_font_get_glyph_dsc</a> from myfont.o(i.__user_font_get_glyph_dsc) referenced from myfont.o(.constdata)
 <LI><a href="#[a4]">_lv_disp_refr_timer</a> from lv_refr.o(i._lv_disp_refr_timer) referenced from lv_hal_disp.o(i.lv_disp_drv_register)
 <LI><a href="#[bc]">_lv_ll_get_head</a> from lv_ll.o(i._lv_ll_get_head) referenced from lv_group.o(i.lv_group_focus_next)
 <LI><a href="#[bc]">_lv_ll_get_head</a> from lv_ll.o(i._lv_ll_get_head) referenced from lv_group.o(i.lv_group_refocus)
 <LI><a href="#[bb]">_lv_ll_get_next</a> from lv_ll.o(i._lv_ll_get_next) referenced from lv_group.o(i.lv_group_focus_next)
 <LI><a href="#[bb]">_lv_ll_get_next</a> from lv_ll.o(i._lv_ll_get_next) referenced from lv_group.o(i.lv_group_refocus)
 <LI><a href="#[bd]">_lv_ll_get_prev</a> from lv_ll.o(i._lv_ll_get_prev) referenced from lv_group.o(i.lv_group_focus_prev)
 <LI><a href="#[bd]">_lv_ll_get_prev</a> from lv_ll.o(i._lv_ll_get_prev) referenced from lv_group.o(i.lv_group_refocus)
 <LI><a href="#[be]">_lv_ll_get_tail</a> from lv_ll.o(i._lv_ll_get_tail) referenced from lv_group.o(i.lv_group_focus_prev)
 <LI><a href="#[be]">_lv_ll_get_tail</a> from lv_ll.o(i._lv_ll_get_tail) referenced from lv_group.o(i.lv_group_refocus)
 <LI><a href="#[d2]">_out_buffer</a> from lv_printf.o(i._out_buffer) referenced from lv_printf.o(i.lv_snprintf)
 <LI><a href="#[d2]">_out_buffer</a> from lv_printf.o(i._out_buffer) referenced from lv_printf.o(i.lv_vsnprintf)
 <LI><a href="#[86]">_out_null</a> from lv_printf.o(i._out_null) referenced from lv_printf.o(i._vsnprintf)
 <LI><a href="#[7c]">_printf_input_char</a> from _printf_char_common.o(.text) referenced from _printf_char_common.o(.text)
 <LI><a href="#[7b]">_snputc</a> from _snputc.o(.text) referenced from noretval__2snprintf.o(.text)
 <LI><a href="#[7a]">_sputc</a> from _sputc.o(.text) referenced from noretval__2sprintf.o(.text)
 <LI><a href="#[7e]">anim_timer</a> from lv_anim.o(i.anim_timer) referenced from lv_anim.o(i._lv_anim_core_init)
 <LI><a href="#[d3]">arc_anim_end_angle</a> from lv_spinner.o(i.arc_anim_end_angle) referenced from lv_spinner.o(i.lv_spinner_constructor)
 <LI><a href="#[d5]">arc_anim_start_angle</a> from lv_spinner.o(i.arc_anim_start_angle) referenced from lv_spinner.o(i.lv_spinner_constructor)
 <LI><a href="#[d8]">btns_value_changed_event_cb</a> from lv_tabview.o(i.btns_value_changed_event_cb) referenced from lv_tabview.o(i.lv_tabview_constructor)
 <LI><a href="#[a8]">color_blend_true_color_additive</a> from lv_draw_sw_blend.o(i.color_blend_true_color_additive) referenced from lv_draw_sw_blend.o(i.lv_draw_sw_blend_basic)
 <LI><a href="#[aa]">color_blend_true_color_multiply</a> from lv_draw_sw_blend.o(i.color_blend_true_color_multiply) referenced from lv_draw_sw_blend.o(i.lv_draw_sw_blend_basic)
 <LI><a href="#[a9]">color_blend_true_color_subtractive</a> from lv_draw_sw_blend.o(i.color_blend_true_color_subtractive) referenced from lv_draw_sw_blend.o(i.lv_draw_sw_blend_basic)
 <LI><a href="#[d9]">cont_scroll_end_event_cb</a> from lv_tabview.o(i.cont_scroll_end_event_cb) referenced from lv_tabview.o(i.lv_tabview_constructor)
 <LI><a href="#[ee]">cursor_blink_anim_cb</a> from lv_textarea.o(i.cursor_blink_anim_cb) referenced from lv_textarea.o(i.start_cursor_blink)
 <LI><a href="#[ef]">dark_color_filter_cb</a> from lv_theme_default.o(i.dark_color_filter_cb) referenced from lv_theme_default.o(i.style_init)
 <LI><a href="#[e0]">default_walker</a> from lv_tlsf.o(i.default_walker) referenced from lv_tlsf.o(i.lv_tlsf_walk_pool)
 <LI><a href="#[ca]">disp_flush</a> from lv_port_disp_template.o(i.disp_flush) referenced from lv_port_disp_template.o(i.lv_port_disp_init)
 <LI><a href="#[a2]">draw_part_begin_event_cb</a> from lv_calendar.o(i.draw_part_begin_event_cb) referenced from lv_calendar.o(i.lv_calendar_constructor)
 <LI><a href="#[b7]">find_item</a> from lv_draw_sw_gradient.o(i.find_item) referenced from lv_draw_sw_gradient.o(i.lv_gradient_get)
 <LI><a href="#[b8]">find_oldest_item_life</a> from lv_draw_sw_gradient.o(i.find_oldest_item_life) referenced from lv_draw_sw_gradient.o(i.lv_gradient_get)
 <LI><a href="#[b4]">flex_update</a> from lv_flex.o(i.flex_update) referenced from lv_flex.o(i.lv_flex_init)
 <LI><a href="#[7d]">fputc</a> from bsp.o(i.fputc) referenced from _printf_char_file.o(.text)
 <LI><a href="#[9e]">gomoku_board_draw</a> from gomoku.o(i.gomoku_board_draw) referenced from gomoku.o(i.gomoku_start_game)
 <LI><a href="#[9d]">gomoku_handle_touch</a> from gomoku.o(i.gomoku_handle_touch) referenced from gomoku.o(i.gomoku_start_game)
 <LI><a href="#[f0]">grey_filter_cb</a> from lv_theme_default.o(i.grey_filter_cb) referenced from lv_theme_default.o(i.style_init)
 <LI><a href="#[ba]">grid_update</a> from lv_grid.o(i.grid_update) referenced from lv_grid.o(i.lv_grid_init)
 <LI><a href="#[e7]">kb_main_screen_event_cb</a> from setup_scr_main_screen.o(i.kb_main_screen_event_cb) referenced from setup_scr_main_screen.o(i.setup_scr_main_screen)
 <LI><a href="#[e8]">kb_screen_1_event_cb</a> from setup_scr_screen_1.o(i.kb_screen_1_event_cb) referenced from setup_scr_screen_1.o(i.setup_scr_screen_1)
 <LI><a href="#[e9]">kb_screen_2_event_cb</a> from setup_scr_screen_2.o(i.kb_screen_2_event_cb) referenced from setup_scr_screen_2.o(i.setup_scr_screen_2)
 <LI><a href="#[ea]">kb_screen_3_event_cb</a> from setup_scr_screen_3.o(i.kb_screen_3_event_cb) referenced from setup_scr_screen_3.o(i.setup_scr_screen_3)
 <LI><a href="#[eb]">kb_screen_4_event_cb</a> from setup_scr_screen_4.o(i.kb_screen_4_event_cb) referenced from setup_scr_screen_4.o(i.setup_scr_screen_4)
 <LI><a href="#[b5]">kern_pair_16_compare</a> from lv_font_fmt_txt.o(i.kern_pair_16_compare) referenced from lv_font_fmt_txt.o(i.lv_font_get_glyph_dsc_fmt_txt)
 <LI><a href="#[b6]">kern_pair_8_compare</a> from lv_font_fmt_txt.o(i.kern_pair_8_compare) referenced from lv_font_fmt_txt.o(i.lv_font_get_glyph_dsc_fmt_txt)
 <LI><a href="#[b9]">kill_oldest_item</a> from lv_draw_sw_gradient.o(i.kill_oldest_item) referenced from lv_draw_sw_gradient.o(i.lv_gradient_get)
 <LI><a href="#[dd]">label_event_cb</a> from lv_textarea.o(i.label_event_cb) referenced from lv_textarea.o(i.lv_textarea_constructor)
 <LI><a href="#[d4]">lv_anim_path_ease_in_out</a> from lv_anim.o(i.lv_anim_path_ease_in_out) referenced from lv_spinner.o(i.lv_spinner_constructor)
 <LI><a href="#[c9]">lv_anim_path_ease_out</a> from lv_anim.o(i.lv_anim_path_ease_out) referenced from lv_obj_scroll.o(i.lv_obj_scroll_by)
 <LI><a href="#[c9]">lv_anim_path_ease_out</a> from lv_anim.o(i.lv_anim_path_ease_out) referenced from lv_roller.o(i.refr_position)
 <LI><a href="#[9f]">lv_anim_path_linear</a> from lv_anim.o(i.lv_anim_path_linear) referenced from lv_anim.o(i.lv_anim_init)
 <LI><a href="#[9f]">lv_anim_path_linear</a> from lv_anim.o(i.lv_anim_path_linear) referenced from lv_style.o(i.lv_style_transition_dsc_init)
 <LI><a href="#[9f]">lv_anim_path_linear</a> from lv_anim.o(i.lv_anim_path_linear) referenced from lv_theme_default.o(i.style_init)
 <LI><a href="#[db]">lv_anim_path_step</a> from lv_anim.o(i.lv_anim_path_step) referenced from lv_textarea.o(i.lv_textarea_add_char)
 <LI><a href="#[db]">lv_anim_path_step</a> from lv_anim.o(i.lv_anim_path_step) referenced from lv_textarea.o(i.lv_textarea_add_text)
 <LI><a href="#[db]">lv_anim_path_step</a> from lv_anim.o(i.lv_anim_path_step) referenced from lv_textarea.o(i.lv_textarea_set_text)
 <LI><a href="#[db]">lv_anim_path_step</a> from lv_anim.o(i.lv_anim_path_step) referenced from lv_textarea.o(i.start_cursor_blink)
 <LI><a href="#[113]">lv_arc_constructor</a> from lv_arc.o(i.lv_arc_constructor) referenced from lv_arc.o(.constdata)
 <LI><a href="#[114]">lv_arc_event</a> from lv_arc.o(i.lv_arc_event) referenced from lv_arc.o(.constdata)
 <LI><a href="#[8a]">lv_area_get_height</a> from lv_flex.o(i.lv_area_get_height) referenced from lv_flex.o(i.children_repos)
 <LI><a href="#[8c]">lv_area_get_height</a> from lv_bar.o(i.lv_area_get_height) referenced from lv_bar.o(i.draw_indic)
 <LI><a href="#[89]">lv_area_get_width</a> from lv_flex.o(i.lv_area_get_width) referenced from lv_flex.o(i.children_repos)
 <LI><a href="#[8b]">lv_area_get_width</a> from lv_bar.o(i.lv_area_get_width) referenced from lv_bar.o(i.draw_indic)
 <LI><a href="#[88]">lv_area_set_height</a> from lv_area.o(i.lv_area_set_height) referenced from lv_flex.o(i.children_repos)
 <LI><a href="#[87]">lv_area_set_width</a> from lv_area.o(i.lv_area_set_width) referenced from lv_flex.o(i.children_repos)
 <LI><a href="#[a0]">lv_bar_anim</a> from lv_bar.o(i.lv_bar_anim) referenced from lv_bar.o(i.lv_bar_set_value_with_anim)
 <LI><a href="#[a1]">lv_bar_anim_ready</a> from lv_bar.o(i.lv_bar_anim_ready) referenced from lv_bar.o(i.lv_bar_set_value_with_anim)
 <LI><a href="#[115]">lv_bar_constructor</a> from lv_bar.o(i.lv_bar_constructor) referenced from lv_bar.o(.constdata)
 <LI><a href="#[116]">lv_bar_destructor</a> from lv_bar.o(i.lv_bar_destructor) referenced from lv_bar.o(.constdata)
 <LI><a href="#[117]">lv_bar_event</a> from lv_bar.o(i.lv_bar_event) referenced from lv_bar.o(.constdata)
 <LI><a href="#[118]">lv_btn_constructor</a> from lv_btn.o(i.lv_btn_constructor) referenced from lv_btn.o(.constdata)
 <LI><a href="#[119]">lv_btnmatrix_constructor</a> from lv_btnmatrix.o(i.lv_btnmatrix_constructor) referenced from lv_btnmatrix.o(.constdata)
 <LI><a href="#[11a]">lv_btnmatrix_destructor</a> from lv_btnmatrix.o(i.lv_btnmatrix_destructor) referenced from lv_btnmatrix.o(.constdata)
 <LI><a href="#[11b]">lv_btnmatrix_event</a> from lv_btnmatrix.o(i.lv_btnmatrix_event) referenced from lv_btnmatrix.o(.constdata)
 <LI><a href="#[f4]">lv_calendar_constructor</a> from lv_calendar.o(i.lv_calendar_constructor) referenced from lv_calendar.o(.constdata)
 <LI><a href="#[f7]">lv_chart_constructor</a> from lv_chart.o(i.lv_chart_constructor) referenced from lv_chart.o(.constdata)
 <LI><a href="#[f8]">lv_chart_destructor</a> from lv_chart.o(i.lv_chart_destructor) referenced from lv_chart.o(.constdata)
 <LI><a href="#[f9]">lv_chart_event</a> from lv_chart.o(i.lv_chart_event) referenced from lv_chart.o(.constdata)
 <LI><a href="#[11c]">lv_checkbox_constructor</a> from lv_checkbox.o(i.lv_checkbox_constructor) referenced from lv_checkbox.o(.constdata)
 <LI><a href="#[11d]">lv_checkbox_destructor</a> from lv_checkbox.o(i.lv_checkbox_destructor) referenced from lv_checkbox.o(.constdata)
 <LI><a href="#[11e]">lv_checkbox_event</a> from lv_checkbox.o(i.lv_checkbox_event) referenced from lv_checkbox.o(.constdata)
 <LI><a href="#[fa]">lv_colorwheel_constructor</a> from lv_colorwheel.o(i.lv_colorwheel_constructor) referenced from lv_colorwheel.o(.constdata)
 <LI><a href="#[fb]">lv_colorwheel_event</a> from lv_colorwheel.o(i.lv_colorwheel_event) referenced from lv_colorwheel.o(.constdata)
 <LI><a href="#[a5]">lv_draw_mask_angle</a> from lv_draw_mask.o(i.lv_draw_mask_angle) referenced from lv_draw_mask.o(i.lv_draw_mask_angle_init)
 <LI><a href="#[a6]">lv_draw_mask_line</a> from lv_draw_mask.o(i.lv_draw_mask_line) referenced from lv_draw_mask.o(i.lv_draw_mask_line_points_init)
 <LI><a href="#[a7]">lv_draw_mask_radius</a> from lv_draw_mask.o(i.lv_draw_mask_radius) referenced from lv_draw_mask.o(i.lv_draw_mask_radius_init)
 <LI><a href="#[ab]">lv_draw_sw_arc</a> from lv_draw_sw_arc.o(i.lv_draw_sw_arc) referenced from lv_draw_sw.o(i.lv_draw_sw_init_ctx)
 <LI><a href="#[ad]">lv_draw_sw_bg</a> from lv_draw_sw_rect.o(i.lv_draw_sw_bg) referenced from lv_draw_sw.o(i.lv_draw_sw_init_ctx)
 <LI><a href="#[b3]">lv_draw_sw_blend_basic</a> from lv_draw_sw_blend.o(i.lv_draw_sw_blend_basic) referenced from lv_draw_sw.o(i.lv_draw_sw_init_ctx)
 <LI><a href="#[af]">lv_draw_sw_img_decoded</a> from lv_draw_sw_img.o(i.lv_draw_sw_img_decoded) referenced from lv_draw_sw.o(i.lv_draw_sw_init_ctx)
 <LI><a href="#[a3]">lv_draw_sw_init_ctx</a> from lv_draw_sw.o(i.lv_draw_sw_init_ctx) referenced from lv_hal_disp.o(i.lv_disp_drv_init)
 <LI><a href="#[ae]">lv_draw_sw_letter</a> from lv_draw_sw_letter.o(i.lv_draw_sw_letter) referenced from lv_draw_sw.o(i.lv_draw_sw_init_ctx)
 <LI><a href="#[b0]">lv_draw_sw_line</a> from lv_draw_sw_line.o(i.lv_draw_sw_line) referenced from lv_draw_sw.o(i.lv_draw_sw_init_ctx)
 <LI><a href="#[b1]">lv_draw_sw_polygon</a> from lv_draw_sw_polygon.o(i.lv_draw_sw_polygon) referenced from lv_draw_sw.o(i.lv_draw_sw_init_ctx)
 <LI><a href="#[ac]">lv_draw_sw_rect</a> from lv_draw_sw_rect.o(i.lv_draw_sw_rect) referenced from lv_draw_sw.o(i.lv_draw_sw_init_ctx)
 <LI><a href="#[b2]">lv_draw_sw_wait_for_finish</a> from lv_draw_sw.o(i.lv_draw_sw_wait_for_finish) referenced from lv_draw_sw.o(i.lv_draw_sw_init_ctx)
 <LI><a href="#[11f]">lv_dropdown_constructor</a> from lv_dropdown.o(i.lv_dropdown_constructor) referenced from lv_dropdown.o(.constdata)
 <LI><a href="#[120]">lv_dropdown_destructor</a> from lv_dropdown.o(i.lv_dropdown_destructor) referenced from lv_dropdown.o(.constdata)
 <LI><a href="#[121]">lv_dropdown_event</a> from lv_dropdown.o(i.lv_dropdown_event) referenced from lv_dropdown.o(.constdata)
 <LI><a href="#[124]">lv_dropdown_list_event</a> from lv_dropdown.o(i.lv_dropdown_list_event) referenced from lv_dropdown.o(.constdata)
 <LI><a href="#[122]">lv_dropdownlist_constructor</a> from lv_dropdown.o(i.lv_dropdownlist_constructor) referenced from lv_dropdown.o(.constdata)
 <LI><a href="#[123]">lv_dropdownlist_destructor</a> from lv_dropdown.o(i.lv_dropdownlist_destructor) referenced from lv_dropdown.o(.constdata)
 <LI><a href="#[112]">lv_font_get_bitmap_fmt_txt</a> from lv_font_fmt_txt.o(i.lv_font_get_bitmap_fmt_txt) referenced 4 times from lv_font_montserrat_14.o(.constdata)
 <LI><a href="#[111]">lv_font_get_glyph_dsc_fmt_txt</a> from lv_font_fmt_txt.o(i.lv_font_get_glyph_dsc_fmt_txt) referenced 4 times from lv_font_montserrat_14.o(.constdata)
 <LI><a href="#[125]">lv_img_constructor</a> from lv_img.o(i.lv_img_constructor) referenced from lv_img.o(.constdata)
 <LI><a href="#[82]">lv_img_decoder_built_in_close</a> from lv_img_decoder.o(i.lv_img_decoder_built_in_close) referenced from lv_img_decoder.o(i._lv_img_decoder_init)
 <LI><a href="#[7f]">lv_img_decoder_built_in_info</a> from lv_img_decoder.o(i.lv_img_decoder_built_in_info) referenced from lv_img_decoder.o(i._lv_img_decoder_init)
 <LI><a href="#[80]">lv_img_decoder_built_in_open</a> from lv_img_decoder.o(i.lv_img_decoder_built_in_open) referenced from lv_img_decoder.o(i._lv_img_decoder_init)
 <LI><a href="#[81]">lv_img_decoder_built_in_read_line</a> from lv_img_decoder.o(i.lv_img_decoder_built_in_read_line) referenced from lv_img_decoder.o(i._lv_img_decoder_init)
 <LI><a href="#[126]">lv_img_destructor</a> from lv_img.o(i.lv_img_destructor) referenced from lv_img.o(.constdata)
 <LI><a href="#[127]">lv_img_event</a> from lv_img.o(i.lv_img_event) referenced from lv_img.o(.constdata)
 <LI><a href="#[bf]">lv_indev_read_timer_cb</a> from lv_indev.o(i.lv_indev_read_timer_cb) referenced from lv_hal_indev.o(i.lv_indev_drv_register)
 <LI><a href="#[fc]">lv_keyboard_constructor</a> from lv_keyboard.o(i.lv_keyboard_constructor) referenced from lv_keyboard.o(.constdata)
 <LI><a href="#[c0]">lv_keyboard_def_event_cb</a> from lv_keyboard.o(i.lv_keyboard_def_event_cb) referenced from lv_keyboard.o(i.lv_keyboard_constructor)
 <LI><a href="#[128]">lv_label_constructor</a> from lv_label.o(i.lv_label_constructor) referenced from lv_label.o(.constdata)
 <LI><a href="#[129]">lv_label_destructor</a> from lv_label.o(i.lv_label_destructor) referenced from lv_label.o(.constdata)
 <LI><a href="#[12a]">lv_label_event</a> from lv_label.o(i.lv_label_event) referenced from lv_label.o(.constdata)
 <LI><a href="#[fd]">lv_led_constructor</a> from lv_led.o(i.lv_led_constructor) referenced from lv_led.o(.constdata)
 <LI><a href="#[fe]">lv_led_event</a> from lv_led.o(i.lv_led_event) referenced from lv_led.o(.constdata)
 <LI><a href="#[12b]">lv_line_constructor</a> from lv_line.o(i.lv_line_constructor) referenced from lv_line.o(.constdata)
 <LI><a href="#[12c]">lv_line_event</a> from lv_line.o(i.lv_line_event) referenced from lv_line.o(.constdata)
 <LI><a href="#[c3]">lv_mem_walker</a> from lv_mem.o(i.lv_mem_walker) referenced from lv_mem.o(i.lv_mem_monitor)
 <LI><a href="#[c4]">lv_menu_back_event_cb</a> from lv_menu.o(i.lv_menu_back_event_cb) referenced from lv_menu.o(i.lv_menu_constructor)
 <LI><a href="#[ff]">lv_menu_constructor</a> from lv_menu.o(i.lv_menu_constructor) referenced from lv_menu.o(.constdata)
 <LI><a href="#[103]">lv_menu_cont_constructor</a> from lv_menu.o(i.lv_menu_cont_constructor) referenced from lv_menu.o(.constdata)
 <LI><a href="#[100]">lv_menu_destructor</a> from lv_menu.o(i.lv_menu_destructor) referenced from lv_menu.o(.constdata)
 <LI><a href="#[101]">lv_menu_page_constructor</a> from lv_menu.o(i.lv_menu_page_constructor) referenced from lv_menu.o(.constdata)
 <LI><a href="#[102]">lv_menu_page_destructor</a> from lv_menu.o(i.lv_menu_page_destructor) referenced from lv_menu.o(.constdata)
 <LI><a href="#[104]">lv_menu_section_constructor</a> from lv_menu.o(i.lv_menu_section_constructor) referenced from lv_menu.o(.constdata)
 <LI><a href="#[c5]">lv_menu_value_changed_event_cb</a> from lv_menu.o(i.lv_menu_value_changed_event_cb) referenced from lv_menu.o(i.lv_menu_constructor)
 <LI><a href="#[105]">lv_meter_constructor</a> from lv_meter.o(i.lv_meter_constructor) referenced from lv_meter.o(.constdata)
 <LI><a href="#[106]">lv_meter_destructor</a> from lv_meter.o(i.lv_meter_destructor) referenced from lv_meter.o(.constdata)
 <LI><a href="#[107]">lv_meter_event</a> from lv_meter.o(i.lv_meter_event) referenced from lv_meter.o(.constdata)
 <LI><a href="#[f1]">lv_obj_constructor</a> from lv_obj.o(i.lv_obj_constructor) referenced from lv_obj.o(.constdata)
 <LI><a href="#[f2]">lv_obj_destructor</a> from lv_obj.o(i.lv_obj_destructor) referenced from lv_obj.o(.constdata)
 <LI><a href="#[f3]">lv_obj_event</a> from lv_obj.o(i.lv_obj_event) referenced from lv_obj.o(.constdata)
 <LI><a href="#[9b]">lv_obj_get_height</a> from lv_obj_pos.o(i.lv_obj_get_height) referenced from lv_flex.o(i.find_track_end)
 <LI><a href="#[9a]">lv_obj_get_width</a> from lv_obj_pos.o(i.lv_obj_get_width) referenced from lv_flex.o(i.find_track_end)
 <LI><a href="#[12d]">lv_roller_constructor</a> from lv_roller.o(i.lv_roller_constructor) referenced from lv_roller.o(.constdata)
 <LI><a href="#[12e]">lv_roller_event</a> from lv_roller.o(i.lv_roller_event) referenced from lv_roller.o(.constdata)
 <LI><a href="#[12f]">lv_roller_label_event</a> from lv_roller.o(i.lv_roller_label_event) referenced from lv_roller.o(.constdata)
 <LI><a href="#[130]">lv_slider_constructor</a> from lv_slider.o(i.lv_slider_constructor) referenced from lv_slider.o(.constdata)
 <LI><a href="#[131]">lv_slider_event</a> from lv_slider.o(i.lv_slider_event) referenced from lv_slider.o(.constdata)
 <LI><a href="#[108]">lv_spinbox_constructor</a> from lv_spinbox.o(i.lv_spinbox_constructor) referenced from lv_spinbox.o(.constdata)
 <LI><a href="#[109]">lv_spinbox_event</a> from lv_spinbox.o(i.lv_spinbox_event) referenced from lv_spinbox.o(.constdata)
 <LI><a href="#[10a]">lv_spinner_constructor</a> from lv_spinner.o(i.lv_spinner_constructor) referenced from lv_spinner.o(.constdata)
 <LI><a href="#[d6]">lv_switch_anim_exec_cb</a> from lv_switch.o(i.lv_switch_anim_exec_cb) referenced from lv_switch.o(i.lv_switch_event)
 <LI><a href="#[d7]">lv_switch_anim_ready</a> from lv_switch.o(i.lv_switch_anim_ready) referenced from lv_switch.o(i.lv_switch_event)
 <LI><a href="#[132]">lv_switch_constructor</a> from lv_switch.o(i.lv_switch_constructor) referenced from lv_switch.o(.constdata)
 <LI><a href="#[133]">lv_switch_destructor</a> from lv_switch.o(i.lv_switch_destructor) referenced from lv_switch.o(.constdata)
 <LI><a href="#[134]">lv_switch_event</a> from lv_switch.o(i.lv_switch_event) referenced from lv_switch.o(.constdata)
 <LI><a href="#[135]">lv_table_constructor</a> from lv_table.o(i.lv_table_constructor) referenced from lv_table.o(.constdata)
 <LI><a href="#[136]">lv_table_destructor</a> from lv_table.o(i.lv_table_destructor) referenced from lv_table.o(.constdata)
 <LI><a href="#[137]">lv_table_event</a> from lv_table.o(i.lv_table_event) referenced from lv_table.o(.constdata)
 <LI><a href="#[10b]">lv_tabview_constructor</a> from lv_tabview.o(i.lv_tabview_constructor) referenced from lv_tabview.o(.constdata)
 <LI><a href="#[10c]">lv_tabview_destructor</a> from lv_tabview.o(i.lv_tabview_destructor) referenced from lv_tabview.o(.constdata)
 <LI><a href="#[10d]">lv_tabview_event</a> from lv_tabview.o(i.lv_tabview_event) referenced from lv_tabview.o(.constdata)
 <LI><a href="#[138]">lv_textarea_constructor</a> from lv_textarea.o(i.lv_textarea_constructor) referenced from lv_textarea.o(.constdata)
 <LI><a href="#[139]">lv_textarea_destructor</a> from lv_textarea.o(i.lv_textarea_destructor) referenced from lv_textarea.o(.constdata)
 <LI><a href="#[13a]">lv_textarea_event</a> from lv_textarea.o(i.lv_textarea_event) referenced from lv_textarea.o(.constdata)
 <LI><a href="#[10e]">lv_tileview_constructor</a> from lv_tileview.o(i.lv_tileview_constructor) referenced from lv_tileview.o(.constdata)
 <LI><a href="#[10f]">lv_tileview_tile_constructor</a> from lv_tileview.o(i.lv_tileview_tile_constructor) referenced from lv_tileview.o(.constdata)
 <LI><a href="#[a]">lv_txt_unicode_to_utf8</a> from lv_txt.o(i.lv_txt_unicode_to_utf8) referenced 2 times from lv_txt.o(.data)
 <LI><a href="#[9]">lv_txt_utf8_get_byte_id</a> from lv_txt.o(i.lv_txt_utf8_get_byte_id) referenced 2 times from lv_txt.o(.data)
 <LI><a href="#[c]">lv_txt_utf8_get_char_id</a> from lv_txt.o(i.lv_txt_utf8_get_char_id) referenced 2 times from lv_txt.o(.data)
 <LI><a href="#[d]">lv_txt_utf8_get_length</a> from lv_txt.o(i.lv_txt_utf8_get_length) referenced 2 times from lv_txt.o(.data)
 <LI><a href="#[8]">lv_txt_utf8_next</a> from lv_txt.o(i.lv_txt_utf8_next) referenced 2 times from lv_txt.o(.data)
 <LI><a href="#[b]">lv_txt_utf8_prev</a> from lv_txt.o(i.lv_txt_utf8_prev) referenced 2 times from lv_txt.o(.data)
 <LI><a href="#[7]">lv_txt_utf8_size</a> from lv_txt.o(i.lv_txt_utf8_size) referenced 2 times from lv_txt.o(.data)
 <LI><a href="#[110]">lv_win_constructor</a> from lv_win.o(i.lv_win_constructor) referenced from lv_win.o(.constdata)
 <LI><a href="#[8d]">main_screen_btn_1_event_handler</a> from events_init.o(i.main_screen_btn_1_event_handler) referenced from events_init.o(i.events_init_main_screen)
 <LI><a href="#[8d]">main_screen_btn_1_event_handler</a> from events_init.o(i.main_screen_btn_1_event_handler) referenced from events_init.o(i.screen_3_btn_6_event_handler)
 <LI><a href="#[8e]">main_screen_btn_2_event_handler</a> from events_init.o(i.main_screen_btn_2_event_handler) referenced from events_init.o(i.events_init_main_screen)
 <LI><a href="#[8e]">main_screen_btn_2_event_handler</a> from events_init.o(i.main_screen_btn_2_event_handler) referenced from events_init.o(i.screen_3_btn_6_event_handler)
 <LI><a href="#[8f]">main_screen_btn_3_event_handler</a> from events_init.o(i.main_screen_btn_3_event_handler) referenced from events_init.o(i.events_init_main_screen)
 <LI><a href="#[8f]">main_screen_btn_3_event_handler</a> from events_init.o(i.main_screen_btn_3_event_handler) referenced from events_init.o(i.screen_3_btn_6_event_handler)
 <LI><a href="#[90]">main_screen_btn_8_event_handler</a> from events_init.o(i.main_screen_btn_8_event_handler) referenced from events_init.o(i.events_init_main_screen)
 <LI><a href="#[90]">main_screen_btn_8_event_handler</a> from events_init.o(i.main_screen_btn_8_event_handler) referenced from events_init.o(i.screen_3_btn_6_event_handler)
 <LI><a href="#[e1]">month_event_cb</a> from lv_calendar_header_arrow.o(i.month_event_cb) referenced 2 times from lv_calendar_header_arrow.o(i.my_constructor)
 <LI><a href="#[f5]">my_constructor</a> from lv_calendar_header_arrow.o(i.my_constructor) referenced 2 times from lv_calendar_header_arrow.o(.constdata)
 <LI><a href="#[d1]">opa_scale_anim</a> from lv_disp.o(i.opa_scale_anim) referenced from lv_disp.o(i.lv_scr_load_anim)
 <LI><a href="#[97]">play_control_event_cb</a> from events_init.o(i.play_control_event_cb) referenced from events_init.o(i.events_init_screen_3)
 <LI><a href="#[da]">pwd_char_hider_anim</a> from lv_textarea.o(i.pwd_char_hider_anim) referenced from lv_textarea.o(i.lv_textarea_add_char)
 <LI><a href="#[da]">pwd_char_hider_anim</a> from lv_textarea.o(i.pwd_char_hider_anim) referenced from lv_textarea.o(i.lv_textarea_add_text)
 <LI><a href="#[da]">pwd_char_hider_anim</a> from lv_textarea.o(i.pwd_char_hider_anim) referenced from lv_textarea.o(i.lv_textarea_set_text)
 <LI><a href="#[dc]">pwd_char_hider_anim_ready</a> from lv_textarea.o(i.pwd_char_hider_anim_ready) referenced from lv_textarea.o(i.lv_textarea_add_char)
 <LI><a href="#[dc]">pwd_char_hider_anim_ready</a> from lv_textarea.o(i.pwd_char_hider_anim_ready) referenced from lv_textarea.o(i.lv_textarea_add_text)
 <LI><a href="#[dc]">pwd_char_hider_anim_ready</a> from lv_textarea.o(i.pwd_char_hider_anim_ready) referenced from lv_textarea.o(i.lv_textarea_set_text)
 <LI><a href="#[ce]">scr_anim_ready</a> from lv_disp.o(i.scr_anim_ready) referenced from lv_disp.o(i.lv_scr_load_anim)
 <LI><a href="#[cd]">scr_load_anim_start</a> from lv_disp.o(i.scr_load_anim_start) referenced from lv_disp.o(i.lv_scr_load_anim)
 <LI><a href="#[93]">screen_1_exit_bt_event_handler</a> from events_init.o(i.screen_1_exit_bt_event_handler) referenced from events_init.o(i.events_init_screen_1)
 <LI><a href="#[91]">screen_1_restart_btn_event_handler</a> from events_init.o(i.screen_1_restart_btn_event_handler) referenced from events_init.o(i.events_init_screen_1)
 <LI><a href="#[92]">screen_1_undo_btn_event_handler</a> from events_init.o(i.screen_1_undo_btn_event_handler) referenced from events_init.o(i.events_init_screen_1)
 <LI><a href="#[96]">screen_2_btn_5_event_handler</a> from events_init.o(i.screen_2_btn_5_event_handler) referenced from events_init.o(i.events_init_screen_2)
 <LI><a href="#[94]">screen_2_sw_1_event_handler</a> from events_init.o(i.screen_2_sw_1_event_handler) referenced from events_init.o(i.events_init_screen_2)
 <LI><a href="#[95]">screen_2_sw_2_event_handler</a> from events_init.o(i.screen_2_sw_2_event_handler) referenced from events_init.o(i.events_init_screen_2)
 <LI><a href="#[98]">screen_3_btn_6_event_handler</a> from events_init.o(i.screen_3_btn_6_event_handler) referenced from events_init.o(i.events_init_screen_3)
 <LI><a href="#[99]">screen_4_btn_9_event_handler</a> from events_init.o(i.screen_4_btn_9_event_handler) referenced from events_init.o(i.events_init_screen_4)
 <LI><a href="#[ed]">screen_4_calendar_2_event_handler</a> from setup_scr_screen_4.o(i.screen_4_calendar_2_event_handler) referenced from setup_scr_screen_4.o(i.setup_scr_screen_4)
 <LI><a href="#[ec]">screen_4_calendar_2draw_part_begin_event_cb</a> from setup_scr_screen_4.o(i.screen_4_calendar_2draw_part_begin_event_cb) referenced from setup_scr_screen_4.o(i.setup_scr_screen_4)
 <LI><a href="#[c8]">scroll_anim_ready_cb</a> from lv_obj_scroll.o(i.scroll_anim_ready_cb) referenced from lv_obj_scroll.o(i.lv_obj_scroll_by)
 <LI><a href="#[e6]">scroll_anim_ready_cb</a> from lv_roller.o(i.scroll_anim_ready_cb) referenced from lv_roller.o(i.refr_position)
 <LI><a href="#[c6]">scroll_x_anim</a> from lv_obj_scroll.o(i.scroll_x_anim) referenced from lv_obj_scroll.o(i.lv_obj_get_scroll_end)
 <LI><a href="#[c6]">scroll_x_anim</a> from lv_obj_scroll.o(i.scroll_x_anim) referenced from lv_obj_scroll.o(i.lv_obj_scroll_by)
 <LI><a href="#[c6]">scroll_x_anim</a> from lv_obj_scroll.o(i.scroll_x_anim) referenced from lv_obj_scroll.o(i.lv_obj_scroll_to)
 <LI><a href="#[c6]">scroll_x_anim</a> from lv_obj_scroll.o(i.scroll_x_anim) referenced from lv_obj_scroll.o(i.lv_obj_scroll_to_x)
 <LI><a href="#[c6]">scroll_x_anim</a> from lv_obj_scroll.o(i.scroll_x_anim) referenced from lv_obj_scroll.o(i.scroll_area_into_view)
 <LI><a href="#[c7]">scroll_y_anim</a> from lv_obj_scroll.o(i.scroll_y_anim) referenced from lv_obj_scroll.o(i.lv_obj_get_scroll_end)
 <LI><a href="#[c7]">scroll_y_anim</a> from lv_obj_scroll.o(i.scroll_y_anim) referenced from lv_obj_scroll.o(i.lv_obj_scroll_by)
 <LI><a href="#[c7]">scroll_y_anim</a> from lv_obj_scroll.o(i.scroll_y_anim) referenced from lv_obj_scroll.o(i.lv_obj_scroll_to)
 <LI><a href="#[c7]">scroll_y_anim</a> from lv_obj_scroll.o(i.scroll_y_anim) referenced from lv_obj_scroll.o(i.lv_obj_scroll_to_y)
 <LI><a href="#[c7]">scroll_y_anim</a> from lv_obj_scroll.o(i.scroll_y_anim) referenced from lv_obj_scroll.o(i.scroll_area_into_view)
 <LI><a href="#[c1]">set_ofs_x_anim</a> from lv_label.o(i.set_ofs_x_anim) referenced from lv_label.o(i.lv_label_constructor)
 <LI><a href="#[c1]">set_ofs_x_anim</a> from lv_label.o(i.set_ofs_x_anim) referenced from lv_label.o(i.lv_label_refr_text)
 <LI><a href="#[c1]">set_ofs_x_anim</a> from lv_label.o(i.set_ofs_x_anim) referenced from lv_label.o(i.lv_label_set_long_mode)
 <LI><a href="#[c2]">set_ofs_y_anim</a> from lv_label.o(i.set_ofs_y_anim) referenced from lv_label.o(i.lv_label_constructor)
 <LI><a href="#[c2]">set_ofs_y_anim</a> from lv_label.o(i.set_ofs_y_anim) referenced from lv_label.o(i.lv_label_refr_text)
 <LI><a href="#[c2]">set_ofs_y_anim</a> from lv_label.o(i.set_ofs_y_anim) referenced from lv_label.o(i.lv_label_set_long_mode)
 <LI><a href="#[cf]">set_x_anim</a> from lv_disp.o(i.set_x_anim) referenced from lv_disp.o(i.lv_scr_load_anim)
 <LI><a href="#[cc]">set_y_anim</a> from lv_roller.o(i.set_y_anim) referenced from lv_roller.o(i.lv_roller_event)
 <LI><a href="#[d0]">set_y_anim</a> from lv_disp.o(i.set_y_anim) referenced from lv_disp.o(i.lv_scr_load_anim)
 <LI><a href="#[cc]">set_y_anim</a> from lv_roller.o(i.set_y_anim) referenced from lv_roller.o(i.refr_position)
 <LI><a href="#[de]">theme_apply</a> from lv_theme_default.o(i.theme_apply) referenced from lv_theme_default.o(i.lv_theme_default_init)
 <LI><a href="#[df]">tileview_event_cb</a> from lv_tileview.o(i.tileview_event_cb) referenced from lv_tileview.o(i.lv_tileview_constructor)
 <LI><a href="#[6]">touch_adjust</a> from bsp_gt911.o(i.touch_adjust) referenced 2 times from bsp_gt911.o(.data)
 <LI><a href="#[3]">touch_init</a> from bsp_gt911.o(i.touch_init) referenced 2 times from bsp_gt911.o(.data)
 <LI><a href="#[4]">touch_read_xy</a> from bsp_gt911.o(i.touch_read_xy) referenced 2 times from bsp_gt911.o(.data)
 <LI><a href="#[5]">touch_scan</a> from bsp_gt911.o(i.touch_scan) referenced 2 times from bsp_gt911.o(.data)
 <LI><a href="#[cb]">touchpad_read</a> from lv_port_indev_template.o(i.touchpad_read) referenced from lv_port_indev_template.o(i.lv_port_indev_init)
 <LI><a href="#[83]">trans_anim_cb</a> from lv_obj_style.o(i.trans_anim_cb) referenced from lv_obj_style.o(i._lv_obj_style_create_transition)
 <LI><a href="#[85]">trans_anim_ready_cb</a> from lv_obj_style.o(i.trans_anim_ready_cb) referenced from lv_obj_style.o(i._lv_obj_style_create_transition)
 <LI><a href="#[84]">trans_anim_start_cb</a> from lv_obj_style.o(i.trans_anim_start_cb) referenced from lv_obj_style.o(i._lv_obj_style_create_transition)
 <LI><a href="#[9c]">unicode_list_compare</a> from lv_font_fmt_txt.o(i.unicode_list_compare) referenced from lv_font_fmt_txt.o(i.get_glyph_dsc_id)
 <LI><a href="#[e2]">value_changed_event_cb</a> from lv_calendar_header_arrow.o(i.value_changed_event_cb) referenced 2 times from lv_calendar_header_arrow.o(i.my_constructor)
 <LI><a href="#[e3]">year_event_cb</a> from lv_calendar_header_dropdown.o(i.year_event_cb) referenced from lv_calendar_header_dropdown.o(i.my_constructor)
</UL>
<P>
<H3>
Global Symbols
</H3>
<P><STRONG><a name="[13d]"></a>__main</STRONG> (Thumb, 8 bytes, Stack size 0 bytes, __main.o(!!!main))
<BR><BR>[Calls]<UL><LI><a href="#[13e]">&gt;&gt;</a>&nbsp;&nbsp;&nbsp;__scatterload
<LI><a href="#[13f]">&gt;&gt;</a>&nbsp;&nbsp;&nbsp;__rt_entry
</UL>

<P><STRONG><a name="[13e]"></a>__scatterload</STRONG> (Thumb, 0 bytes, Stack size unknown bytes, __scatter.o(!!!scatter))
<BR><BR>[Called By]<UL><LI><a href="#[13d]">&gt;&gt;</a>&nbsp;&nbsp;&nbsp;__main
</UL>

<P><STRONG><a name="[140]"></a>__scatterload_rt2</STRONG> (Thumb, 44 bytes, Stack size unknown bytes, __scatter.o(!!!scatter), UNUSED)
<BR><BR>[Calls]<UL><LI><a href="#[13f]">&gt;&gt;</a>&nbsp;&nbsp;&nbsp;__rt_entry
</UL>

<P><STRONG><a name="[491]"></a>__scatterload_rt2_thumb_only</STRONG> (Thumb, 0 bytes, Stack size unknown bytes, __scatter.o(!!!scatter), UNUSED)

<P><STRONG><a name="[492]"></a>__scatterload_null</STRONG> (Thumb, 0 bytes, Stack size unknown bytes, __scatter.o(!!!scatter), UNUSED)

<P><STRONG><a name="[493]"></a>__decompress</STRONG> (Thumb, 90 bytes, Stack size unknown bytes, __dczerorl2.o(!!dczerorl2), UNUSED)

<P><STRONG><a name="[494]"></a>__decompress1</STRONG> (Thumb, 0 bytes, Stack size unknown bytes, __dczerorl2.o(!!dczerorl2), UNUSED)

<P><STRONG><a name="[495]"></a>__scatterload_zeroinit</STRONG> (Thumb, 28 bytes, Stack size unknown bytes, __scatter_zi.o(!!handler_zi), UNUSED)

<P><STRONG><a name="[141]"></a>_printf_d</STRONG> (Thumb, 0 bytes, Stack size unknown bytes, _printf_d.o(.ARM.Collect$$_printf_percent$$00000009))
<BR><BR>[Stack]<UL><LI>Max Depth = 72 + Unknown Stack Size
<LI>Call Chain = _printf_d &rArr; _printf_int_dec &rArr; _printf_int_common &rArr; _printf_post_padding
</UL>
<BR>[Calls]<UL><LI><a href="#[142]">&gt;&gt;</a>&nbsp;&nbsp;&nbsp;_printf_int_dec
</UL>

<P><STRONG><a name="[15d]"></a>_printf_percent</STRONG> (Thumb, 0 bytes, Stack size unknown bytes, _printf_percent.o(.ARM.Collect$$_printf_percent$$00000000))
<BR><BR>[Called By]<UL><LI><a href="#[15b]">&gt;&gt;</a>&nbsp;&nbsp;&nbsp;__printf
</UL>

<P><STRONG><a name="[143]"></a>_printf_s</STRONG> (Thumb, 0 bytes, Stack size unknown bytes, _printf_s.o(.ARM.Collect$$_printf_percent$$00000014))
<BR><BR>[Stack]<UL><LI>Max Depth = 40 + Unknown Stack Size
<LI>Call Chain = _printf_s &rArr; _printf_string &rArr; _printf_cs_common &rArr; _printf_str &rArr; _printf_post_padding
</UL>
<BR>[Calls]<UL><LI><a href="#[144]">&gt;&gt;</a>&nbsp;&nbsp;&nbsp;_printf_string
</UL>

<P><STRONG><a name="[496]"></a>_printf_percent_end</STRONG> (Thumb, 0 bytes, Stack size unknown bytes, _printf_percent_end.o(.ARM.Collect$$_printf_percent$$00000017))

<P><STRONG><a name="[14a]"></a>__rt_lib_init</STRONG> (Thumb, 0 bytes, Stack size unknown bytes, libinit.o(.ARM.Collect$$libinit$$00000000))
<BR><BR>[Called By]<UL><LI><a href="#[149]">&gt;&gt;</a>&nbsp;&nbsp;&nbsp;__rt_entry_li
</UL>

<P><STRONG><a name="[145]"></a>__rt_lib_init_fp_1</STRONG> (Thumb, 0 bytes, Stack size unknown bytes, libinit2.o(.ARM.Collect$$libinit$$00000001))
<BR><BR>[Calls]<UL><LI><a href="#[146]">&gt;&gt;</a>&nbsp;&nbsp;&nbsp;_fp_init
</UL>

<P><STRONG><a name="[497]"></a>__rt_lib_init_alloca_1</STRONG> (Thumb, 0 bytes, Stack size unknown bytes, libinit2.o(.ARM.Collect$$libinit$$0000002E))

<P><STRONG><a name="[498]"></a>__rt_lib_init_argv_1</STRONG> (Thumb, 0 bytes, Stack size unknown bytes, libinit2.o(.ARM.Collect$$libinit$$0000002C))

<P><STRONG><a name="[499]"></a>__rt_lib_init_atexit_1</STRONG> (Thumb, 0 bytes, Stack size unknown bytes, libinit2.o(.ARM.Collect$$libinit$$0000001B))

<P><STRONG><a name="[49a]"></a>__rt_lib_init_clock_1</STRONG> (Thumb, 0 bytes, Stack size unknown bytes, libinit2.o(.ARM.Collect$$libinit$$00000021))

<P><STRONG><a name="[49b]"></a>__rt_lib_init_cpp_1</STRONG> (Thumb, 0 bytes, Stack size unknown bytes, libinit2.o(.ARM.Collect$$libinit$$00000032))

<P><STRONG><a name="[49c]"></a>__rt_lib_init_exceptions_1</STRONG> (Thumb, 0 bytes, Stack size unknown bytes, libinit2.o(.ARM.Collect$$libinit$$00000030))

<P><STRONG><a name="[49d]"></a>__rt_lib_init_fp_trap_1</STRONG> (Thumb, 0 bytes, Stack size unknown bytes, libinit2.o(.ARM.Collect$$libinit$$0000001F))

<P><STRONG><a name="[49e]"></a>__rt_lib_init_getenv_1</STRONG> (Thumb, 0 bytes, Stack size unknown bytes, libinit2.o(.ARM.Collect$$libinit$$00000023))

<P><STRONG><a name="[49f]"></a>__rt_lib_init_heap_1</STRONG> (Thumb, 0 bytes, Stack size unknown bytes, libinit2.o(.ARM.Collect$$libinit$$0000000A))

<P><STRONG><a name="[4a0]"></a>__rt_lib_init_lc_collate_1</STRONG> (Thumb, 0 bytes, Stack size unknown bytes, libinit2.o(.ARM.Collect$$libinit$$00000011))

<P><STRONG><a name="[4a1]"></a>__rt_lib_init_lc_ctype_1</STRONG> (Thumb, 0 bytes, Stack size unknown bytes, libinit2.o(.ARM.Collect$$libinit$$00000013))

<P><STRONG><a name="[4a2]"></a>__rt_lib_init_lc_monetary_1</STRONG> (Thumb, 0 bytes, Stack size unknown bytes, libinit2.o(.ARM.Collect$$libinit$$00000015))

<P><STRONG><a name="[4a3]"></a>__rt_lib_init_lc_numeric_1</STRONG> (Thumb, 0 bytes, Stack size unknown bytes, libinit2.o(.ARM.Collect$$libinit$$00000017))

<P><STRONG><a name="[4a4]"></a>__rt_lib_init_lc_time_1</STRONG> (Thumb, 0 bytes, Stack size unknown bytes, libinit2.o(.ARM.Collect$$libinit$$00000019))

<P><STRONG><a name="[4a5]"></a>__rt_lib_init_preinit_1</STRONG> (Thumb, 0 bytes, Stack size unknown bytes, libinit2.o(.ARM.Collect$$libinit$$00000004))

<P><STRONG><a name="[4a6]"></a>__rt_lib_init_rand_1</STRONG> (Thumb, 0 bytes, Stack size unknown bytes, libinit2.o(.ARM.Collect$$libinit$$0000000E))

<P><STRONG><a name="[4a7]"></a>__rt_lib_init_return</STRONG> (Thumb, 0 bytes, Stack size unknown bytes, libinit2.o(.ARM.Collect$$libinit$$00000033))

<P><STRONG><a name="[4a8]"></a>__rt_lib_init_signal_1</STRONG> (Thumb, 0 bytes, Stack size unknown bytes, libinit2.o(.ARM.Collect$$libinit$$0000001D))

<P><STRONG><a name="[4a9]"></a>__rt_lib_init_stdio_1</STRONG> (Thumb, 0 bytes, Stack size unknown bytes, libinit2.o(.ARM.Collect$$libinit$$00000025))

<P><STRONG><a name="[4aa]"></a>__rt_lib_init_user_alloc_1</STRONG> (Thumb, 0 bytes, Stack size unknown bytes, libinit2.o(.ARM.Collect$$libinit$$0000000C))

<P><STRONG><a name="[14f]"></a>__rt_lib_shutdown</STRONG> (Thumb, 0 bytes, Stack size unknown bytes, libshutdown.o(.ARM.Collect$$libshutdown$$00000000))
<BR><BR>[Called By]<UL><LI><a href="#[14e]">&gt;&gt;</a>&nbsp;&nbsp;&nbsp;__rt_exit_ls
</UL>

<P><STRONG><a name="[4ab]"></a>__rt_lib_shutdown_cpp_1</STRONG> (Thumb, 0 bytes, Stack size unknown bytes, libshutdown2.o(.ARM.Collect$$libshutdown$$00000004))

<P><STRONG><a name="[4ac]"></a>__rt_lib_shutdown_fini_1</STRONG> (Thumb, 0 bytes, Stack size unknown bytes, libshutdown2.o(.ARM.Collect$$libshutdown$$00000002))

<P><STRONG><a name="[4ad]"></a>__rt_lib_shutdown_fp_trap_1</STRONG> (Thumb, 0 bytes, Stack size unknown bytes, libshutdown2.o(.ARM.Collect$$libshutdown$$00000009))

<P><STRONG><a name="[4ae]"></a>__rt_lib_shutdown_heap_1</STRONG> (Thumb, 0 bytes, Stack size unknown bytes, libshutdown2.o(.ARM.Collect$$libshutdown$$00000011))

<P><STRONG><a name="[4af]"></a>__rt_lib_shutdown_return</STRONG> (Thumb, 0 bytes, Stack size unknown bytes, libshutdown2.o(.ARM.Collect$$libshutdown$$00000012))

<P><STRONG><a name="[4b0]"></a>__rt_lib_shutdown_signal_1</STRONG> (Thumb, 0 bytes, Stack size unknown bytes, libshutdown2.o(.ARM.Collect$$libshutdown$$0000000C))

<P><STRONG><a name="[4b1]"></a>__rt_lib_shutdown_stdio_1</STRONG> (Thumb, 0 bytes, Stack size unknown bytes, libshutdown2.o(.ARM.Collect$$libshutdown$$00000006))

<P><STRONG><a name="[4b2]"></a>__rt_lib_shutdown_user_alloc_1</STRONG> (Thumb, 0 bytes, Stack size unknown bytes, libshutdown2.o(.ARM.Collect$$libshutdown$$0000000E))

<P><STRONG><a name="[13f]"></a>__rt_entry</STRONG> (Thumb, 0 bytes, Stack size unknown bytes, __rtentry.o(.ARM.Collect$$rtentry$$00000000))
<BR><BR>[Called By]<UL><LI><a href="#[140]">&gt;&gt;</a>&nbsp;&nbsp;&nbsp;__scatterload_rt2
<LI><a href="#[13d]">&gt;&gt;</a>&nbsp;&nbsp;&nbsp;__main
</UL>

<P><STRONG><a name="[4b3]"></a>__rt_entry_presh_1</STRONG> (Thumb, 0 bytes, Stack size unknown bytes, __rtentry2.o(.ARM.Collect$$rtentry$$00000002))

<P><STRONG><a name="[147]"></a>__rt_entry_sh</STRONG> (Thumb, 0 bytes, Stack size unknown bytes, __rtentry4.o(.ARM.Collect$$rtentry$$00000004))
<BR><BR>[Stack]<UL><LI>Max Depth = 8 + Unknown Stack Size
<LI>Call Chain = __rt_entry_sh &rArr; __user_setup_stackheap
</UL>
<BR>[Calls]<UL><LI><a href="#[148]">&gt;&gt;</a>&nbsp;&nbsp;&nbsp;__user_setup_stackheap
</UL>

<P><STRONG><a name="[149]"></a>__rt_entry_li</STRONG> (Thumb, 0 bytes, Stack size unknown bytes, __rtentry2.o(.ARM.Collect$$rtentry$$0000000A))
<BR><BR>[Calls]<UL><LI><a href="#[14a]">&gt;&gt;</a>&nbsp;&nbsp;&nbsp;__rt_lib_init
</UL>

<P><STRONG><a name="[4b4]"></a>__rt_entry_postsh_1</STRONG> (Thumb, 0 bytes, Stack size unknown bytes, __rtentry2.o(.ARM.Collect$$rtentry$$00000009))

<P><STRONG><a name="[14b]"></a>__rt_entry_main</STRONG> (Thumb, 0 bytes, Stack size unknown bytes, __rtentry2.o(.ARM.Collect$$rtentry$$0000000D))
<BR><BR>[Stack]<UL><LI>Max Depth = 416 + Unknown Stack Size
<LI>Call Chain = __rt_entry_main &rArr; main &rArr; update_screen_task &rArr; lv_label_set_text &rArr; lv_label_refr_text &rArr; lv_label_get_letter_on &rArr; _lv_txt_get_next_line &rArr; lv_font_get_glyph_width
</UL>
<BR>[Calls]<UL><LI><a href="#[14c]">&gt;&gt;</a>&nbsp;&nbsp;&nbsp;main
<LI><a href="#[14d]">&gt;&gt;</a>&nbsp;&nbsp;&nbsp;exit
</UL>

<P><STRONG><a name="[4b5]"></a>__rt_entry_postli_1</STRONG> (Thumb, 0 bytes, Stack size unknown bytes, __rtentry2.o(.ARM.Collect$$rtentry$$0000000C))

<P><STRONG><a name="[165]"></a>__rt_exit</STRONG> (Thumb, 0 bytes, Stack size unknown bytes, rtexit.o(.ARM.Collect$$rtexit$$00000000))
<BR><BR>[Called By]<UL><LI><a href="#[14d]">&gt;&gt;</a>&nbsp;&nbsp;&nbsp;exit
</UL>

<P><STRONG><a name="[14e]"></a>__rt_exit_ls</STRONG> (Thumb, 0 bytes, Stack size unknown bytes, rtexit2.o(.ARM.Collect$$rtexit$$00000003))
<BR><BR>[Calls]<UL><LI><a href="#[14f]">&gt;&gt;</a>&nbsp;&nbsp;&nbsp;__rt_lib_shutdown
</UL>

<P><STRONG><a name="[4b6]"></a>__rt_exit_prels_1</STRONG> (Thumb, 0 bytes, Stack size unknown bytes, rtexit2.o(.ARM.Collect$$rtexit$$00000002))

<P><STRONG><a name="[150]"></a>__rt_exit_exit</STRONG> (Thumb, 0 bytes, Stack size unknown bytes, rtexit2.o(.ARM.Collect$$rtexit$$00000004))
<BR><BR>[Calls]<UL><LI><a href="#[151]">&gt;&gt;</a>&nbsp;&nbsp;&nbsp;_sys_exit
</UL>

<P><STRONG><a name="[e]"></a>Reset_Handler</STRONG> (Thumb, 8 bytes, Stack size 0 bytes, startup_at32f435_437.o(.text))
<BR>[Address Reference Count : 1]<UL><LI> startup_at32f435_437.o(RESET)
</UL>
<P><STRONG><a name="[6c]"></a>ACC_IRQHandler</STRONG> (Thumb, 0 bytes, Stack size 0 bytes, startup_at32f435_437.o(.text))
<BR><BR>[Calls]<UL><LI><a href="#[6c]">&gt;&gt;</a>&nbsp;&nbsp;&nbsp;ACC_IRQHandler
</UL>
<BR>[Called By]<UL><LI><a href="#[6c]">&gt;&gt;</a>&nbsp;&nbsp;&nbsp;ACC_IRQHandler
</UL>
<BR>[Address Reference Count : 1]<UL><LI> startup_at32f435_437.o(RESET)
</UL>
<P><STRONG><a name="[2a]"></a>ADC1_2_3_IRQHandler</STRONG> (Thumb, 0 bytes, Stack size 0 bytes, startup_at32f435_437.o(.text))
<BR>[Address Reference Count : 1]<UL><LI> startup_at32f435_437.o(RESET)
</UL>
<P><STRONG><a name="[2c]"></a>CAN1_RX0_IRQHandler</STRONG> (Thumb, 0 bytes, Stack size 0 bytes, startup_at32f435_437.o(.text))
<BR>[Address Reference Count : 1]<UL><LI> startup_at32f435_437.o(RESET)
</UL>
<P><STRONG><a name="[2d]"></a>CAN1_RX1_IRQHandler</STRONG> (Thumb, 0 bytes, Stack size 0 bytes, startup_at32f435_437.o(.text))
<BR>[Address Reference Count : 1]<UL><LI> startup_at32f435_437.o(RESET)
</UL>
<P><STRONG><a name="[2e]"></a>CAN1_SE_IRQHandler</STRONG> (Thumb, 0 bytes, Stack size 0 bytes, startup_at32f435_437.o(.text))
<BR>[Address Reference Count : 1]<UL><LI> startup_at32f435_437.o(RESET)
</UL>
<P><STRONG><a name="[2b]"></a>CAN1_TX_IRQHandler</STRONG> (Thumb, 0 bytes, Stack size 0 bytes, startup_at32f435_437.o(.text))
<BR>[Address Reference Count : 1]<UL><LI> startup_at32f435_437.o(RESET)
</UL>
<P><STRONG><a name="[58]"></a>CAN2_RX0_IRQHandler</STRONG> (Thumb, 0 bytes, Stack size 0 bytes, startup_at32f435_437.o(.text))
<BR>[Address Reference Count : 1]<UL><LI> startup_at32f435_437.o(RESET)
</UL>
<P><STRONG><a name="[59]"></a>CAN2_RX1_IRQHandler</STRONG> (Thumb, 0 bytes, Stack size 0 bytes, startup_at32f435_437.o(.text))
<BR>[Address Reference Count : 1]<UL><LI> startup_at32f435_437.o(RESET)
</UL>
<P><STRONG><a name="[5a]"></a>CAN2_SE_IRQHandler</STRONG> (Thumb, 0 bytes, Stack size 0 bytes, startup_at32f435_437.o(.text))
<BR>[Address Reference Count : 1]<UL><LI> startup_at32f435_437.o(RESET)
</UL>
<P><STRONG><a name="[57]"></a>CAN2_TX_IRQHandler</STRONG> (Thumb, 0 bytes, Stack size 0 bytes, startup_at32f435_437.o(.text))
<BR>[Address Reference Count : 1]<UL><LI> startup_at32f435_437.o(RESET)
</UL>
<P><STRONG><a name="[1d]"></a>CRM_IRQHandler</STRONG> (Thumb, 0 bytes, Stack size 0 bytes, startup_at32f435_437.o(.text))
<BR>[Address Reference Count : 1]<UL><LI> startup_at32f435_437.o(RESET)
</UL>
<P><STRONG><a name="[50]"></a>DMA1_Channel1_IRQHandler</STRONG> (Thumb, 0 bytes, Stack size 0 bytes, startup_at32f435_437.o(.text))
<BR>[Address Reference Count : 1]<UL><LI> startup_at32f435_437.o(RESET)
</UL>
<P><STRONG><a name="[51]"></a>DMA1_Channel2_IRQHandler</STRONG> (Thumb, 0 bytes, Stack size 0 bytes, startup_at32f435_437.o(.text))
<BR>[Address Reference Count : 1]<UL><LI> startup_at32f435_437.o(RESET)
</UL>
<P><STRONG><a name="[53]"></a>DMA1_Channel4_IRQHandler</STRONG> (Thumb, 0 bytes, Stack size 0 bytes, startup_at32f435_437.o(.text))
<BR>[Address Reference Count : 1]<UL><LI> startup_at32f435_437.o(RESET)
</UL>
<P><STRONG><a name="[54]"></a>DMA1_Channel5_IRQHandler</STRONG> (Thumb, 0 bytes, Stack size 0 bytes, startup_at32f435_437.o(.text))
<BR>[Address Reference Count : 1]<UL><LI> startup_at32f435_437.o(RESET)
</UL>
<P><STRONG><a name="[5c]"></a>DMA1_Channel6_IRQHandler</STRONG> (Thumb, 0 bytes, Stack size 0 bytes, startup_at32f435_437.o(.text))
<BR>[Address Reference Count : 1]<UL><LI> startup_at32f435_437.o(RESET)
</UL>
<P><STRONG><a name="[5d]"></a>DMA1_Channel7_IRQHandler</STRONG> (Thumb, 0 bytes, Stack size 0 bytes, startup_at32f435_437.o(.text))
<BR>[Address Reference Count : 1]<UL><LI> startup_at32f435_437.o(RESET)
</UL>
<P><STRONG><a name="[71]"></a>DMA2_Channel1_IRQHandler</STRONG> (Thumb, 0 bytes, Stack size 0 bytes, startup_at32f435_437.o(.text))
<BR>[Address Reference Count : 1]<UL><LI> startup_at32f435_437.o(RESET)
</UL>
<P><STRONG><a name="[72]"></a>DMA2_Channel2_IRQHandler</STRONG> (Thumb, 0 bytes, Stack size 0 bytes, startup_at32f435_437.o(.text))
<BR>[Address Reference Count : 1]<UL><LI> startup_at32f435_437.o(RESET)
</UL>
<P><STRONG><a name="[73]"></a>DMA2_Channel3_IRQHandler</STRONG> (Thumb, 0 bytes, Stack size 0 bytes, startup_at32f435_437.o(.text))
<BR>[Address Reference Count : 1]<UL><LI> startup_at32f435_437.o(RESET)
</UL>
<P><STRONG><a name="[74]"></a>DMA2_Channel4_IRQHandler</STRONG> (Thumb, 0 bytes, Stack size 0 bytes, startup_at32f435_437.o(.text))
<BR>[Address Reference Count : 1]<UL><LI> startup_at32f435_437.o(RESET)
</UL>
<P><STRONG><a name="[75]"></a>DMA2_Channel5_IRQHandler</STRONG> (Thumb, 0 bytes, Stack size 0 bytes, startup_at32f435_437.o(.text))
<BR>[Address Reference Count : 1]<UL><LI> startup_at32f435_437.o(RESET)
</UL>
<P><STRONG><a name="[76]"></a>DMA2_Channel6_IRQHandler</STRONG> (Thumb, 0 bytes, Stack size 0 bytes, startup_at32f435_437.o(.text))
<BR>[Address Reference Count : 1]<UL><LI> startup_at32f435_437.o(RESET)
</UL>
<P><STRONG><a name="[77]"></a>DMA2_Channel7_IRQHandler</STRONG> (Thumb, 0 bytes, Stack size 0 bytes, startup_at32f435_437.o(.text))
<BR>[Address Reference Count : 1]<UL><LI> startup_at32f435_437.o(RESET)
</UL>
<P><STRONG><a name="[6a]"></a>DMAMUX_IRQHandler</STRONG> (Thumb, 0 bytes, Stack size 0 bytes, startup_at32f435_437.o(.text))
<BR>[Address Reference Count : 1]<UL><LI> startup_at32f435_437.o(RESET)
</UL>
<P><STRONG><a name="[63]"></a>DVP_IRQHandler</STRONG> (Thumb, 0 bytes, Stack size 0 bytes, startup_at32f435_437.o(.text))
<BR>[Address Reference Count : 1]<UL><LI> startup_at32f435_437.o(RESET)
</UL>
<P><STRONG><a name="[23]"></a>EDMA_Stream1_IRQHandler</STRONG> (Thumb, 0 bytes, Stack size 0 bytes, startup_at32f435_437.o(.text))
<BR>[Address Reference Count : 1]<UL><LI> startup_at32f435_437.o(RESET)
</UL>
<P><STRONG><a name="[24]"></a>EDMA_Stream2_IRQHandler</STRONG> (Thumb, 0 bytes, Stack size 0 bytes, startup_at32f435_437.o(.text))
<BR>[Address Reference Count : 1]<UL><LI> startup_at32f435_437.o(RESET)
</UL>
<P><STRONG><a name="[25]"></a>EDMA_Stream3_IRQHandler</STRONG> (Thumb, 0 bytes, Stack size 0 bytes, startup_at32f435_437.o(.text))
<BR>[Address Reference Count : 1]<UL><LI> startup_at32f435_437.o(RESET)
</UL>
<P><STRONG><a name="[26]"></a>EDMA_Stream4_IRQHandler</STRONG> (Thumb, 0 bytes, Stack size 0 bytes, startup_at32f435_437.o(.text))
<BR>[Address Reference Count : 1]<UL><LI> startup_at32f435_437.o(RESET)
</UL>
<P><STRONG><a name="[27]"></a>EDMA_Stream5_IRQHandler</STRONG> (Thumb, 0 bytes, Stack size 0 bytes, startup_at32f435_437.o(.text))
<BR>[Address Reference Count : 1]<UL><LI> startup_at32f435_437.o(RESET)
</UL>
<P><STRONG><a name="[28]"></a>EDMA_Stream6_IRQHandler</STRONG> (Thumb, 0 bytes, Stack size 0 bytes, startup_at32f435_437.o(.text))
<BR>[Address Reference Count : 1]<UL><LI> startup_at32f435_437.o(RESET)
</UL>
<P><STRONG><a name="[29]"></a>EDMA_Stream7_IRQHandler</STRONG> (Thumb, 0 bytes, Stack size 0 bytes, startup_at32f435_437.o(.text))
<BR>[Address Reference Count : 1]<UL><LI> startup_at32f435_437.o(RESET)
</UL>
<P><STRONG><a name="[47]"></a>EDMA_Stream8_IRQHandler</STRONG> (Thumb, 0 bytes, Stack size 0 bytes, startup_at32f435_437.o(.text))
<BR>[Address Reference Count : 1]<UL><LI> startup_at32f435_437.o(RESET)
</UL>
<P><STRONG><a name="[55]"></a>EMAC_IRQHandler</STRONG> (Thumb, 0 bytes, Stack size 0 bytes, startup_at32f435_437.o(.text))
<BR>[Address Reference Count : 1]<UL><LI> startup_at32f435_437.o(RESET)
</UL>
<P><STRONG><a name="[56]"></a>EMAC_WKUP_IRQHandler</STRONG> (Thumb, 0 bytes, Stack size 0 bytes, startup_at32f435_437.o(.text))
<BR>[Address Reference Count : 1]<UL><LI> startup_at32f435_437.o(RESET)
</UL>
<P><STRONG><a name="[41]"></a>ERTCAlarm_IRQHandler</STRONG> (Thumb, 0 bytes, Stack size 0 bytes, startup_at32f435_437.o(.text))
<BR>[Address Reference Count : 1]<UL><LI> startup_at32f435_437.o(RESET)
</UL>
<P><STRONG><a name="[1b]"></a>ERTC_WKUP_IRQHandler</STRONG> (Thumb, 0 bytes, Stack size 0 bytes, startup_at32f435_437.o(.text))
<BR>[Address Reference Count : 1]<UL><LI> startup_at32f435_437.o(RESET)
</UL>
<P><STRONG><a name="[1e]"></a>EXINT0_IRQHandler</STRONG> (Thumb, 0 bytes, Stack size 0 bytes, startup_at32f435_437.o(.text))
<BR>[Address Reference Count : 1]<UL><LI> startup_at32f435_437.o(RESET)
</UL>
<P><STRONG><a name="[40]"></a>EXINT15_10_IRQHandler</STRONG> (Thumb, 0 bytes, Stack size 0 bytes, startup_at32f435_437.o(.text))
<BR>[Address Reference Count : 1]<UL><LI> startup_at32f435_437.o(RESET)
</UL>
<P><STRONG><a name="[1f]"></a>EXINT1_IRQHandler</STRONG> (Thumb, 0 bytes, Stack size 0 bytes, startup_at32f435_437.o(.text))
<BR>[Address Reference Count : 1]<UL><LI> startup_at32f435_437.o(RESET)
</UL>
<P><STRONG><a name="[20]"></a>EXINT2_IRQHandler</STRONG> (Thumb, 0 bytes, Stack size 0 bytes, startup_at32f435_437.o(.text))
<BR>[Address Reference Count : 1]<UL><LI> startup_at32f435_437.o(RESET)
</UL>
<P><STRONG><a name="[21]"></a>EXINT3_IRQHandler</STRONG> (Thumb, 0 bytes, Stack size 0 bytes, startup_at32f435_437.o(.text))
<BR>[Address Reference Count : 1]<UL><LI> startup_at32f435_437.o(RESET)
</UL>
<P><STRONG><a name="[22]"></a>EXINT4_IRQHandler</STRONG> (Thumb, 0 bytes, Stack size 0 bytes, startup_at32f435_437.o(.text))
<BR>[Address Reference Count : 1]<UL><LI> startup_at32f435_437.o(RESET)
</UL>
<P><STRONG><a name="[2f]"></a>EXINT9_5_IRQHandler</STRONG> (Thumb, 0 bytes, Stack size 0 bytes, startup_at32f435_437.o(.text))
<BR>[Address Reference Count : 1]<UL><LI> startup_at32f435_437.o(RESET)
</UL>
<P><STRONG><a name="[1c]"></a>FLASH_IRQHandler</STRONG> (Thumb, 0 bytes, Stack size 0 bytes, startup_at32f435_437.o(.text))
<BR>[Address Reference Count : 1]<UL><LI> startup_at32f435_437.o(RESET)
</UL>
<P><STRONG><a name="[64]"></a>FPU_IRQHandler</STRONG> (Thumb, 0 bytes, Stack size 0 bytes, startup_at32f435_437.o(.text))
<BR>[Address Reference Count : 1]<UL><LI> startup_at32f435_437.o(RESET)
</UL>
<P><STRONG><a name="[38]"></a>I2C1_ERR_IRQHandler</STRONG> (Thumb, 0 bytes, Stack size 0 bytes, startup_at32f435_437.o(.text))
<BR>[Address Reference Count : 1]<UL><LI> startup_at32f435_437.o(RESET)
</UL>
<P><STRONG><a name="[37]"></a>I2C1_EVT_IRQHandler</STRONG> (Thumb, 0 bytes, Stack size 0 bytes, startup_at32f435_437.o(.text))
<BR>[Address Reference Count : 1]<UL><LI> startup_at32f435_437.o(RESET)
</UL>
<P><STRONG><a name="[3a]"></a>I2C2_ERR_IRQHandler</STRONG> (Thumb, 0 bytes, Stack size 0 bytes, startup_at32f435_437.o(.text))
<BR>[Address Reference Count : 1]<UL><LI> startup_at32f435_437.o(RESET)
</UL>
<P><STRONG><a name="[39]"></a>I2C2_EVT_IRQHandler</STRONG> (Thumb, 0 bytes, Stack size 0 bytes, startup_at32f435_437.o(.text))
<BR>[Address Reference Count : 1]<UL><LI> startup_at32f435_437.o(RESET)
</UL>
<P><STRONG><a name="[60]"></a>I2C3_ERR_IRQHandler</STRONG> (Thumb, 0 bytes, Stack size 0 bytes, startup_at32f435_437.o(.text))
<BR>[Address Reference Count : 1]<UL><LI> startup_at32f435_437.o(RESET)
</UL>
<P><STRONG><a name="[5f]"></a>I2C3_EVT_IRQHandler</STRONG> (Thumb, 0 bytes, Stack size 0 bytes, startup_at32f435_437.o(.text))
<BR>[Address Reference Count : 1]<UL><LI> startup_at32f435_437.o(RESET)
</UL>
<P><STRONG><a name="[5b]"></a>OTGFS1_IRQHandler</STRONG> (Thumb, 0 bytes, Stack size 0 bytes, startup_at32f435_437.o(.text))
<BR>[Address Reference Count : 1]<UL><LI> startup_at32f435_437.o(RESET)
</UL>
<P><STRONG><a name="[42]"></a>OTGFS1_WKUP_IRQHandler</STRONG> (Thumb, 0 bytes, Stack size 0 bytes, startup_at32f435_437.o(.text))
<BR>[Address Reference Count : 1]<UL><LI> startup_at32f435_437.o(RESET)
</UL>
<P><STRONG><a name="[62]"></a>OTGFS2_IRQHandler</STRONG> (Thumb, 0 bytes, Stack size 0 bytes, startup_at32f435_437.o(.text))
<BR>[Address Reference Count : 1]<UL><LI> startup_at32f435_437.o(RESET)
</UL>
<P><STRONG><a name="[61]"></a>OTGFS2_WKUP_IRQHandler</STRONG> (Thumb, 0 bytes, Stack size 0 bytes, startup_at32f435_437.o(.text))
<BR>[Address Reference Count : 1]<UL><LI> startup_at32f435_437.o(RESET)
</UL>
<P><STRONG><a name="[19]"></a>PVM_IRQHandler</STRONG> (Thumb, 0 bytes, Stack size 0 bytes, startup_at32f435_437.o(.text))
<BR>[Address Reference Count : 1]<UL><LI> startup_at32f435_437.o(RESET)
</UL>
<P><STRONG><a name="[69]"></a>QSPI1_IRQHandler</STRONG> (Thumb, 0 bytes, Stack size 0 bytes, startup_at32f435_437.o(.text))
<BR>[Address Reference Count : 1]<UL><LI> startup_at32f435_437.o(RESET)
</UL>
<P><STRONG><a name="[68]"></a>QSPI2_IRQHandler</STRONG> (Thumb, 0 bytes, Stack size 0 bytes, startup_at32f435_437.o(.text))
<BR>[Address Reference Count : 1]<UL><LI> startup_at32f435_437.o(RESET)
</UL>
<P><STRONG><a name="[49]"></a>SDIO1_IRQHandler</STRONG> (Thumb, 0 bytes, Stack size 0 bytes, startup_at32f435_437.o(.text))
<BR>[Address Reference Count : 1]<UL><LI> startup_at32f435_437.o(RESET)
</UL>
<P><STRONG><a name="[6b]"></a>SDIO2_IRQHandler</STRONG> (Thumb, 0 bytes, Stack size 0 bytes, startup_at32f435_437.o(.text))
<BR>[Address Reference Count : 1]<UL><LI> startup_at32f435_437.o(RESET)
</UL>
<P><STRONG><a name="[3b]"></a>SPI1_IRQHandler</STRONG> (Thumb, 0 bytes, Stack size 0 bytes, startup_at32f435_437.o(.text))
<BR>[Address Reference Count : 1]<UL><LI> startup_at32f435_437.o(RESET)
</UL>
<P><STRONG><a name="[3c]"></a>SPI2_I2S2EXT_IRQHandler</STRONG> (Thumb, 0 bytes, Stack size 0 bytes, startup_at32f435_437.o(.text))
<BR>[Address Reference Count : 1]<UL><LI> startup_at32f435_437.o(RESET)
</UL>
<P><STRONG><a name="[4b]"></a>SPI3_I2S3EXT_IRQHandler</STRONG> (Thumb, 0 bytes, Stack size 0 bytes, startup_at32f435_437.o(.text))
<BR>[Address Reference Count : 1]<UL><LI> startup_at32f435_437.o(RESET)
</UL>
<P><STRONG><a name="[67]"></a>SPI4_IRQHandler</STRONG> (Thumb, 0 bytes, Stack size 0 bytes, startup_at32f435_437.o(.text))
<BR>[Address Reference Count : 1]<UL><LI> startup_at32f435_437.o(RESET)
</UL>
<P><STRONG><a name="[1a]"></a>TAMP_STAMP_IRQHandler</STRONG> (Thumb, 0 bytes, Stack size 0 bytes, startup_at32f435_437.o(.text))
<BR>[Address Reference Count : 1]<UL><LI> startup_at32f435_437.o(RESET)
</UL>
<P><STRONG><a name="[30]"></a>TMR1_BRK_TMR9_IRQHandler</STRONG> (Thumb, 0 bytes, Stack size 0 bytes, startup_at32f435_437.o(.text))
<BR>[Address Reference Count : 1]<UL><LI> startup_at32f435_437.o(RESET)
</UL>
<P><STRONG><a name="[33]"></a>TMR1_CH_IRQHandler</STRONG> (Thumb, 0 bytes, Stack size 0 bytes, startup_at32f435_437.o(.text))
<BR>[Address Reference Count : 1]<UL><LI> startup_at32f435_437.o(RESET)
</UL>
<P><STRONG><a name="[31]"></a>TMR1_OVF_TMR10_IRQHandler</STRONG> (Thumb, 0 bytes, Stack size 0 bytes, startup_at32f435_437.o(.text))
<BR>[Address Reference Count : 1]<UL><LI> startup_at32f435_437.o(RESET)
</UL>
<P><STRONG><a name="[32]"></a>TMR1_TRG_HALL_TMR11_IRQHandler</STRONG> (Thumb, 0 bytes, Stack size 0 bytes, startup_at32f435_437.o(.text))
<BR>[Address Reference Count : 1]<UL><LI> startup_at32f435_437.o(RESET)
</UL>
<P><STRONG><a name="[6d]"></a>TMR20_BRK_IRQHandler</STRONG> (Thumb, 0 bytes, Stack size 0 bytes, startup_at32f435_437.o(.text))
<BR>[Address Reference Count : 1]<UL><LI> startup_at32f435_437.o(RESET)
</UL>
<P><STRONG><a name="[70]"></a>TMR20_CH_IRQHandler</STRONG> (Thumb, 0 bytes, Stack size 0 bytes, startup_at32f435_437.o(.text))
<BR>[Address Reference Count : 1]<UL><LI> startup_at32f435_437.o(RESET)
</UL>
<P><STRONG><a name="[6e]"></a>TMR20_OVF_IRQHandler</STRONG> (Thumb, 0 bytes, Stack size 0 bytes, startup_at32f435_437.o(.text))
<BR>[Address Reference Count : 1]<UL><LI> startup_at32f435_437.o(RESET)
</UL>
<P><STRONG><a name="[6f]"></a>TMR20_TRG_HALL_IRQHandler</STRONG> (Thumb, 0 bytes, Stack size 0 bytes, startup_at32f435_437.o(.text))
<BR>[Address Reference Count : 1]<UL><LI> startup_at32f435_437.o(RESET)
</UL>
<P><STRONG><a name="[34]"></a>TMR2_GLOBAL_IRQHandler</STRONG> (Thumb, 0 bytes, Stack size 0 bytes, startup_at32f435_437.o(.text))
<BR>[Address Reference Count : 1]<UL><LI> startup_at32f435_437.o(RESET)
</UL>
<P><STRONG><a name="[35]"></a>TMR3_GLOBAL_IRQHandler</STRONG> (Thumb, 0 bytes, Stack size 0 bytes, startup_at32f435_437.o(.text))
<BR>[Address Reference Count : 1]<UL><LI> startup_at32f435_437.o(RESET)
</UL>
<P><STRONG><a name="[36]"></a>TMR4_GLOBAL_IRQHandler</STRONG> (Thumb, 0 bytes, Stack size 0 bytes, startup_at32f435_437.o(.text))
<BR>[Address Reference Count : 1]<UL><LI> startup_at32f435_437.o(RESET)
</UL>
<P><STRONG><a name="[4a]"></a>TMR5_GLOBAL_IRQHandler</STRONG> (Thumb, 0 bytes, Stack size 0 bytes, startup_at32f435_437.o(.text))
<BR>[Address Reference Count : 1]<UL><LI> startup_at32f435_437.o(RESET)
</UL>
<P><STRONG><a name="[43]"></a>TMR8_BRK_TMR12_IRQHandler</STRONG> (Thumb, 0 bytes, Stack size 0 bytes, startup_at32f435_437.o(.text))
<BR>[Address Reference Count : 1]<UL><LI> startup_at32f435_437.o(RESET)
</UL>
<P><STRONG><a name="[46]"></a>TMR8_CH_IRQHandler</STRONG> (Thumb, 0 bytes, Stack size 0 bytes, startup_at32f435_437.o(.text))
<BR>[Address Reference Count : 1]<UL><LI> startup_at32f435_437.o(RESET)
</UL>
<P><STRONG><a name="[44]"></a>TMR8_OVF_TMR13_IRQHandler</STRONG> (Thumb, 0 bytes, Stack size 0 bytes, startup_at32f435_437.o(.text))
<BR>[Address Reference Count : 1]<UL><LI> startup_at32f435_437.o(RESET)
</UL>
<P><STRONG><a name="[45]"></a>TMR8_TRG_HALL_TMR14_IRQHandler</STRONG> (Thumb, 0 bytes, Stack size 0 bytes, startup_at32f435_437.o(.text))
<BR>[Address Reference Count : 1]<UL><LI> startup_at32f435_437.o(RESET)
</UL>
<P><STRONG><a name="[4c]"></a>UART4_IRQHandler</STRONG> (Thumb, 0 bytes, Stack size 0 bytes, startup_at32f435_437.o(.text))
<BR>[Address Reference Count : 1]<UL><LI> startup_at32f435_437.o(RESET)
</UL>
<P><STRONG><a name="[4d]"></a>UART5_IRQHandler</STRONG> (Thumb, 0 bytes, Stack size 0 bytes, startup_at32f435_437.o(.text))
<BR>[Address Reference Count : 1]<UL><LI> startup_at32f435_437.o(RESET)
</UL>
<P><STRONG><a name="[65]"></a>UART7_IRQHandler</STRONG> (Thumb, 0 bytes, Stack size 0 bytes, startup_at32f435_437.o(.text))
<BR>[Address Reference Count : 1]<UL><LI> startup_at32f435_437.o(RESET)
</UL>
<P><STRONG><a name="[66]"></a>UART8_IRQHandler</STRONG> (Thumb, 0 bytes, Stack size 0 bytes, startup_at32f435_437.o(.text))
<BR>[Address Reference Count : 1]<UL><LI> startup_at32f435_437.o(RESET)
</UL>
<P><STRONG><a name="[3e]"></a>USART2_IRQHandler</STRONG> (Thumb, 0 bytes, Stack size 0 bytes, startup_at32f435_437.o(.text))
<BR>[Address Reference Count : 1]<UL><LI> startup_at32f435_437.o(RESET)
</UL>
<P><STRONG><a name="[5e]"></a>USART6_IRQHandler</STRONG> (Thumb, 0 bytes, Stack size 0 bytes, startup_at32f435_437.o(.text))
<BR>[Address Reference Count : 1]<UL><LI> startup_at32f435_437.o(RESET)
</UL>
<P><STRONG><a name="[18]"></a>WWDT_IRQHandler</STRONG> (Thumb, 0 bytes, Stack size 0 bytes, startup_at32f435_437.o(.text))
<BR>[Address Reference Count : 1]<UL><LI> startup_at32f435_437.o(RESET)
</UL>
<P><STRONG><a name="[48]"></a>XMC_IRQHandler</STRONG> (Thumb, 0 bytes, Stack size 0 bytes, startup_at32f435_437.o(.text))
<BR>[Address Reference Count : 1]<UL><LI> startup_at32f435_437.o(RESET)
</UL>
<P><STRONG><a name="[164]"></a>__user_initial_stackheap</STRONG> (Thumb, 0 bytes, Stack size unknown bytes, startup_at32f435_437.o(.text))
<BR><BR>[Called By]<UL><LI><a href="#[148]">&gt;&gt;</a>&nbsp;&nbsp;&nbsp;__user_setup_stackheap
</UL>

<P><STRONG><a name="[4b7]"></a>__use_no_semihosting</STRONG> (Thumb, 2 bytes, Stack size 0 bytes, use_no_semi_2.o(.text), UNUSED)

<P><STRONG><a name="[1e5]"></a>__aeabi_uldivmod</STRONG> (Thumb, 0 bytes, Stack size 48 bytes, lludivv7m.o(.text))
<BR><BR>[Stack]<UL><LI>Max Depth = 48<LI>Call Chain = __aeabi_uldivmod
</UL>
<BR>[Called By]<UL><LI><a href="#[16b]">&gt;&gt;</a>&nbsp;&nbsp;&nbsp;crm_clocks_freq_get
<LI><a href="#[1e4]">&gt;&gt;</a>&nbsp;&nbsp;&nbsp;_vsnprintf
</UL>

<P><STRONG><a name="[4b8]"></a>_ll_udiv</STRONG> (Thumb, 238 bytes, Stack size 48 bytes, lludivv7m.o(.text), UNUSED)

<P><STRONG><a name="[152]"></a>__2printf</STRONG> (Thumb, 20 bytes, Stack size 24 bytes, noretval__2printf.o(.text))
<BR><BR>[Stack]<UL><LI>Max Depth = 144 + Unknown Stack Size
<LI>Call Chain = __2printf &rArr; _printf_char_file &rArr; _printf_char_common &rArr; __printf
</UL>
[...]
<LI><a href="#[40b]">&gt;&gt;</a>&nbsp;&nbsp;&nbsp;lv_scr_load_anim
<LI><a href="#[45e]">&gt;&gt;</a>&nbsp;&nbsp;&nbsp;setup_scr_screen_1
</UL>
<BR>[Address Reference Count : 2]<UL><LI> events_init.o(i.events_init_main_screen)
<LI> events_init.o(i.screen_3_btn_6_event_handler)
</UL>
<P><STRONG><a name="[8e]"></a>main_screen_btn_2_event_handler</STRONG> (Thumb, 86 bytes, Stack size 16 bytes, events_init.o(i.main_screen_btn_2_event_handler))
<BR><BR>[Stack]<UL><LI>Max Depth = 544 + Unknown Stack Size
<LI>Call Chain = main_screen_btn_2_event_handler &rArr; setup_scr_screen_2 &rArr; lv_img_set_pivot &rArr; lv_obj_update_layout &rArr; layout_update_core &rArr;  layout_update_core (Cycle)
</UL>
<BR>[Calls]<UL><LI><a href="#[2e7]">&gt;&gt;</a>&nbsp;&nbsp;&nbsp;lv_disp_get_scr_act
<LI><a href="#[199]">&gt;&gt;</a>&nbsp;&nbsp;&nbsp;lv_disp_get_default
<LI><a href="#[233]">&gt;&gt;</a>&nbsp;&nbsp;&nbsp;lv_event_get_code
<LI><a href="#[2f2]">&gt;&gt;</a>&nbsp;&nbsp;&nbsp;lv_obj_get_disp
<LI><a href="#[3b4]">&gt;&gt;</a>&nbsp;&nbsp;&nbsp;lv_obj_clean
<LI><a href="#[40b]">&gt;&gt;</a>&nbsp;&nbsp;&nbsp;lv_scr_load_anim
<LI><a href="#[45f]">&gt;&gt;</a>&nbsp;&nbsp;&nbsp;setup_scr_screen_2
</UL>
<BR>[Address Reference Count : 2]<UL><LI> events_init.o(i.events_init_main_screen)
<LI> events_init.o(i.screen_3_btn_6_event_handler)
</UL>
<P><STRONG><a name="[8f]"></a>main_screen_btn_3_event_handler</STRONG> (Thumb, 88 bytes, Stack size 16 bytes, events_init.o(i.main_screen_btn_3_event_handler))
<BR><BR>[Stack]<UL><LI>Max Depth = 544<LI>Call Chain = main_screen_btn_3_event_handler &rArr; setup_scr_screen_3 &rArr; lv_img_set_pivot &rArr; lv_obj_update_layout &rArr; layout_update_core &rArr;  layout_update_core (Cycle)
</UL>
<BR>[Calls]<UL><LI><a href="#[2e7]">&gt;&gt;</a>&nbsp;&nbsp;&nbsp;lv_disp_get_scr_act
<LI><a href="#[199]">&gt;&gt;</a>&nbsp;&nbsp;&nbsp;lv_disp_get_default
<LI><a href="#[233]">&gt;&gt;</a>&nbsp;&nbsp;&nbsp;lv_event_get_code
<LI><a href="#[2f2]">&gt;&gt;</a>&nbsp;&nbsp;&nbsp;lv_obj_get_disp
<LI><a href="#[3b4]">&gt;&gt;</a>&nbsp;&nbsp;&nbsp;lv_obj_clean
<LI><a href="#[40b]">&gt;&gt;</a>&nbsp;&nbsp;&nbsp;lv_scr_load_anim
<LI><a href="#[460]">&gt;&gt;</a>&nbsp;&nbsp;&nbsp;setup_scr_screen_3
</UL>
<BR>[Address Reference Count : 2]<UL><LI> events_init.o(i.events_init_main_screen)
<LI> events_init.o(i.screen_3_btn_6_event_handler)
</UL>
<P><STRONG><a name="[90]"></a>main_screen_btn_8_event_handler</STRONG> (Thumb, 88 bytes, Stack size 16 bytes, events_init.o(i.main_screen_btn_8_event_handler))
<BR><BR>[Stack]<UL><LI>Max Depth = 488<LI>Call Chain = main_screen_btn_8_event_handler &rArr; lv_scr_load_anim &rArr; lv_obj_del &rArr; lv_obj_readjust_scroll &rArr; lv_obj_scroll_by &rArr; lv_anim_start &rArr; _lv_ll_ins_head &rArr; lv_mem_alloc &rArr; lv_tlsf_malloc &rArr; block_prepare_used &rArr; block_insert
</UL>
<BR>[Calls]<UL><LI><a href="#[2e7]">&gt;&gt;</a>&nbsp;&nbsp;&nbsp;lv_disp_get_scr_act
<LI><a href="#[199]">&gt;&gt;</a>&nbsp;&nbsp;&nbsp;lv_disp_get_default
<LI><a href="#[233]">&gt;&gt;</a>&nbsp;&nbsp;&nbsp;lv_event_get_code
<LI><a href="#[2f2]">&gt;&gt;</a>&nbsp;&nbsp;&nbsp;lv_obj_get_disp
<LI><a href="#[3b4]">&gt;&gt;</a>&nbsp;&nbsp;&nbsp;lv_obj_clean
<LI><a href="#[40b]">&gt;&gt;</a>&nbsp;&nbsp;&nbsp;lv_scr_load_anim
<LI><a href="#[461]">&gt;&gt;</a>&nbsp;&nbsp;&nbsp;setup_scr_screen_4
</UL>
<BR>[Address Reference Count : 2]<UL><LI> events_init.o(i.events_init_main_screen)
<LI> events_init.o(i.screen_3_btn_6_event_handler)
</UL>
<P><STRONG><a name="[97]"></a>play_control_event_cb</STRONG> (Thumb, 154 bytes, Stack size 8 bytes, events_init.o(i.play_control_event_cb))
<BR><BR>[Stack]<UL><LI>Max Depth = 176 + Unknown Stack Size
<LI>Call Chain = play_control_event_cb &rArr; music_prev_song &rArr; music_play_song &rArr; __2printf &rArr; _printf_char_file &rArr; _printf_char_common &rArr; __printf
</UL>
<BR>[Calls]<UL><LI><a href="#[3a0]">&gt;&gt;</a>&nbsp;&nbsp;&nbsp;lv_event_get_user_data
<LI><a href="#[21d]">&gt;&gt;</a>&nbsp;&nbsp;&nbsp;lv_event_get_target
<LI><a href="#[233]">&gt;&gt;</a>&nbsp;&nbsp;&nbsp;lv_event_get_code
<LI><a href="#[468]">&gt;&gt;</a>&nbsp;&nbsp;&nbsp;music_toggle_pause
<LI><a href="#[466]">&gt;&gt;</a>&nbsp;&nbsp;&nbsp;music_prev_song
<LI><a href="#[465]">&gt;&gt;</a>&nbsp;&nbsp;&nbsp;music_play_song
<LI><a href="#[464]">&gt;&gt;</a>&nbsp;&nbsp;&nbsp;music_next_song
<LI><a href="#[152]">&gt;&gt;</a>&nbsp;&nbsp;&nbsp;__2printf
</UL>
<BR>[Address Reference Count : 1]<UL><LI> events_init.o(i.events_init_screen_3)
</UL>
<P><STRONG><a name="[93]"></a>screen_1_exit_bt_event_handler</STRONG> (Thumb, 82 bytes, Stack size 16 bytes, events_init.o(i.screen_1_exit_bt_event_handler))
<BR><BR>[Stack]<UL><LI>Max Depth = 488<LI>Call Chain = screen_1_exit_bt_event_handler &rArr; lv_scr_load_anim &rArr; lv_obj_del &rArr; lv_obj_readjust_scroll &rArr; lv_obj_scroll_by &rArr; lv_anim_start &rArr; _lv_ll_ins_head &rArr; lv_mem_alloc &rArr; lv_tlsf_malloc &rArr; block_prepare_used &rArr; block_insert
</UL>
<BR>[Calls]<UL><LI><a href="#[2e7]">&gt;&gt;</a>&nbsp;&nbsp;&nbsp;lv_disp_get_scr_act
<LI><a href="#[199]">&gt;&gt;</a>&nbsp;&nbsp;&nbsp;lv_disp_get_default
<LI><a href="#[233]">&gt;&gt;</a>&nbsp;&nbsp;&nbsp;lv_event_get_code
<LI><a href="#[2f2]">&gt;&gt;</a>&nbsp;&nbsp;&nbsp;lv_obj_get_disp
<LI><a href="#[3b4]">&gt;&gt;</a>&nbsp;&nbsp;&nbsp;lv_obj_clean
<LI><a href="#[40b]">&gt;&gt;</a>&nbsp;&nbsp;&nbsp;lv_scr_load_anim
<LI><a href="#[471]">&gt;&gt;</a>&nbsp;&nbsp;&nbsp;setup_scr_main_screen
</UL>
<BR>[Address Reference Count : 1]<UL><LI> events_init.o(i.events_init_screen_1)
</UL>
<P><STRONG><a name="[91]"></a>screen_1_restart_btn_event_handler</STRONG> (Thumb, 22 bytes, Stack size 8 bytes, events_init.o(i.screen_1_restart_btn_event_handler))
<BR><BR>[Stack]<UL><LI>Max Depth = 392<LI>Call Chain = screen_1_restart_btn_event_handler &rArr; gomoku_reset_game &rArr; gomoku_update_display &rArr; lv_label_set_text &rArr; lv_label_refr_text &rArr; lv_label_get_letter_on &rArr; _lv_txt_get_next_line &rArr; lv_font_get_glyph_width
</UL>
<BR>[Calls]<UL><LI><a href="#[233]">&gt;&gt;</a>&nbsp;&nbsp;&nbsp;lv_event_get_code
<LI><a href="#[2ba]">&gt;&gt;</a>&nbsp;&nbsp;&nbsp;gomoku_reset_game
</UL>
<BR>[Address Reference Count : 1]<UL><LI> events_init.o(i.events_init_screen_1)
</UL>
<P><STRONG><a name="[92]"></a>screen_1_undo_btn_event_handler</STRONG> (Thumb, 22 bytes, Stack size 8 bytes, events_init.o(i.screen_1_undo_btn_event_handler))
<BR><BR>[Stack]<UL><LI>Max Depth = 392<LI>Call Chain = screen_1_undo_btn_event_handler &rArr; gomoku_undo_move &rArr; gomoku_update_display &rArr; lv_label_set_text &rArr; lv_label_refr_text &rArr; lv_label_get_letter_on &rArr; _lv_txt_get_next_line &rArr; lv_font_get_glyph_width
</UL>
<BR>[Calls]<UL><LI><a href="#[233]">&gt;&gt;</a>&nbsp;&nbsp;&nbsp;lv_event_get_code
<LI><a href="#[2be]">&gt;&gt;</a>&nbsp;&nbsp;&nbsp;gomoku_undo_move
</UL>
<BR>[Address Reference Count : 1]<UL><LI> events_init.o(i.events_init_screen_1)
</UL>
<P><STRONG><a name="[96]"></a>screen_2_btn_5_event_handler</STRONG> (Thumb, 82 bytes, Stack size 16 bytes, events_init.o(i.screen_2_btn_5_event_handler))
<BR><BR>[Stack]<UL><LI>Max Depth = 488<LI>Call Chain = screen_2_btn_5_event_handler &rArr; lv_scr_load_anim &rArr; lv_obj_del &rArr; lv_obj_readjust_scroll &rArr; lv_obj_scroll_by &rArr; lv_anim_start &rArr; _lv_ll_ins_head &rArr; lv_mem_alloc &rArr; lv_tlsf_malloc &rArr; block_prepare_used &rArr; block_insert
</UL>
<BR>[Calls]<UL><LI><a href="#[2e7]">&gt;&gt;</a>&nbsp;&nbsp;&nbsp;lv_disp_get_scr_act
<LI><a href="#[199]">&gt;&gt;</a>&nbsp;&nbsp;&nbsp;lv_disp_get_default
<LI><a href="#[233]">&gt;&gt;</a>&nbsp;&nbsp;&nbsp;lv_event_get_code
<LI><a href="#[2f2]">&gt;&gt;</a>&nbsp;&nbsp;&nbsp;lv_obj_get_disp
<LI><a href="#[3b4]">&gt;&gt;</a>&nbsp;&nbsp;&nbsp;lv_obj_clean
<LI><a href="#[40b]">&gt;&gt;</a>&nbsp;&nbsp;&nbsp;lv_scr_load_anim
<LI><a href="#[471]">&gt;&gt;</a>&nbsp;&nbsp;&nbsp;setup_scr_main_screen
</UL>
<BR>[Address Reference Count : 1]<UL><LI> events_init.o(i.events_init_screen_2)
</UL>
<P><STRONG><a name="[94]"></a>screen_2_sw_1_event_handler</STRONG> (Thumb, 78 bytes, Stack size 16 bytes, events_init.o(i.screen_2_sw_1_event_handler))
<BR><BR>[Stack]<UL><LI>Max Depth = 160 + Unknown Stack Size
<LI>Call Chain = screen_2_sw_1_event_handler &rArr; __2printf &rArr; _printf_char_file &rArr; _printf_char_common &rArr; __printf
</UL>
<BR>[Calls]<UL><LI><a href="#[46c]">&gt;&gt;</a>&nbsp;&nbsp;&nbsp;at32_led_on
<LI><a href="#[46d]">&gt;&gt;</a>&nbsp;&nbsp;&nbsp;at32_led_off
<LI><a href="#[21d]">&gt;&gt;</a>&nbsp;&nbsp;&nbsp;lv_event_get_target
<LI><a href="#[233]">&gt;&gt;</a>&nbsp;&nbsp;&nbsp;lv_event_get_code
<LI><a href="#[3c7]">&gt;&gt;</a>&nbsp;&nbsp;&nbsp;lv_obj_has_state
<LI><a href="#[152]">&gt;&gt;</a>&nbsp;&nbsp;&nbsp;__2printf
</UL>
<BR>[Address Reference Count : 1]<UL><LI> events_init.o(i.events_init_screen_2)
</UL>
<P><STRONG><a name="[95]"></a>screen_2_sw_2_event_handler</STRONG> (Thumb, 78 bytes, Stack size 16 bytes, events_init.o(i.screen_2_sw_2_event_handler))
<BR><BR>[Stack]<UL><LI>Max Depth = 160 + Unknown Stack Size
<LI>Call Chain = screen_2_sw_2_event_handler &rArr; __2printf &rArr; _printf_char_file &rArr; _printf_char_common &rArr; __printf
</UL>
<BR>[Calls]<UL><LI><a href="#[46c]">&gt;&gt;</a>&nbsp;&nbsp;&nbsp;at32_led_on
<LI><a href="#[46d]">&gt;&gt;</a>&nbsp;&nbsp;&nbsp;at32_led_off
<LI><a href="#[21d]">&gt;&gt;</a>&nbsp;&nbsp;&nbsp;lv_event_get_target
<LI><a href="#[233]">&gt;&gt;</a>&nbsp;&nbsp;&nbsp;lv_event_get_code
<LI><a href="#[3c7]">&gt;&gt;</a>&nbsp;&nbsp;&nbsp;lv_obj_has_state
<LI><a href="#[152]">&gt;&gt;</a>&nbsp;&nbsp;&nbsp;__2printf
</UL>
<BR>[Address Reference Count : 1]<UL><LI> events_init.o(i.events_init_screen_2)
</UL>
<P><STRONG><a name="[98]"></a>screen_3_btn_6_event_handler</STRONG> (Thumb, 144 bytes, Stack size 16 bytes, events_init.o(i.screen_3_btn_6_event_handler))
<BR><BR>[Stack]<UL><LI>Max Depth = 488 + Unknown Stack Size
<LI>Call Chain = screen_3_btn_6_event_handler &rArr; lv_scr_load_anim &rArr; lv_obj_del &rArr; lv_obj_readjust_scroll &rArr; lv_obj_scroll_by &rArr; lv_anim_start &rArr; _lv_ll_ins_head &rArr; lv_mem_alloc &rArr; lv_tlsf_malloc &rArr; block_prepare_used &rArr; block_insert
</UL>
<BR>[Calls]<UL><LI><a href="#[2e7]">&gt;&gt;</a>&nbsp;&nbsp;&nbsp;lv_disp_get_scr_act
<LI><a href="#[199]">&gt;&gt;</a>&nbsp;&nbsp;&nbsp;lv_disp_get_default
<LI><a href="#[298]">&gt;&gt;</a>&nbsp;&nbsp;&nbsp;lv_obj_add_event_cb
<LI><a href="#[233]">&gt;&gt;</a>&nbsp;&nbsp;&nbsp;lv_event_get_code
<LI><a href="#[2f2]">&gt;&gt;</a>&nbsp;&nbsp;&nbsp;lv_obj_get_disp
<LI><a href="#[3b4]">&gt;&gt;</a>&nbsp;&nbsp;&nbsp;lv_obj_clean
<LI><a href="#[40b]">&gt;&gt;</a>&nbsp;&nbsp;&nbsp;lv_scr_load_anim
<LI><a href="#[471]">&gt;&gt;</a>&nbsp;&nbsp;&nbsp;setup_scr_main_screen
<LI><a href="#[152]">&gt;&gt;</a>&nbsp;&nbsp;&nbsp;__2printf
</UL>
<BR>[Address Reference Count : 1]<UL><LI> events_init.o(i.events_init_screen_3)
</UL>
<P><STRONG><a name="[99]"></a>screen_4_btn_9_event_handler</STRONG> (Thumb, 86 bytes, Stack size 16 bytes, events_init.o(i.screen_4_btn_9_event_handler))
<BR><BR>[Stack]<UL><LI>Max Depth = 488<LI>Call Chain = screen_4_btn_9_event_handler &rArr; lv_scr_load_anim &rArr; lv_obj_del &rArr; lv_obj_readjust_scroll &rArr; lv_obj_scroll_by &rArr; lv_anim_start &rArr; _lv_ll_ins_head &rArr; lv_mem_alloc &rArr; lv_tlsf_malloc &rArr; block_prepare_used &rArr; block_insert
</UL>
<BR>[Calls]<UL><LI><a href="#[2e7]">&gt;&gt;</a>&nbsp;&nbsp;&nbsp;lv_disp_get_scr_act
<LI><a href="#[199]">&gt;&gt;</a>&nbsp;&nbsp;&nbsp;lv_disp_get_default
<LI><a href="#[233]">&gt;&gt;</a>&nbsp;&nbsp;&nbsp;lv_event_get_code
<LI><a href="#[2f2]">&gt;&gt;</a>&nbsp;&nbsp;&nbsp;lv_obj_get_disp
<LI><a href="#[3b4]">&gt;&gt;</a>&nbsp;&nbsp;&nbsp;lv_obj_clean
<LI><a href="#[40b]">&gt;&gt;</a>&nbsp;&nbsp;&nbsp;lv_scr_load_anim
<LI><a href="#[471]">&gt;&gt;</a>&nbsp;&nbsp;&nbsp;setup_scr_main_screen
</UL>
<BR>[Address Reference Count : 1]<UL><LI> events_init.o(i.events_init_screen_4)
</UL>
<P><STRONG><a name="[e8]"></a>kb_screen_1_event_cb</STRONG> (Thumb, 36 bytes, Stack size 16 bytes, setup_scr_screen_1.o(i.kb_screen_1_event_cb))
<BR><BR>[Stack]<UL><LI>Max Depth = 252<LI>Call Chain = kb_screen_1_event_cb &rArr; lv_obj_add_flag &rArr; lv_obj_get_scrollbar_area &rArr; lv_obj_get_scroll_left &rArr; lv_obj_get_style_prop &rArr;  lv_obj_get_style_prop (Cycle)
</UL>
<BR>[Calls]<UL><LI><a href="#[2bd]">&gt;&gt;</a>&nbsp;&nbsp;&nbsp;lv_obj_add_flag
<LI><a href="#[21d]">&gt;&gt;</a>&nbsp;&nbsp;&nbsp;lv_event_get_target
<LI><a href="#[233]">&gt;&gt;</a>&nbsp;&nbsp;&nbsp;lv_event_get_code
</UL>
<BR>[Address Reference Count : 1]<UL><LI> setup_scr_screen_1.o(i.setup_scr_screen_1)
</UL>
<P><STRONG><a name="[474]"></a>lv_color_make</STRONG> (Thumb, 50 bytes, Stack size 4 bytes, setup_scr_screen_1.o(i.lv_color_make))
<BR><BR>[Stack]<UL><LI>Max Depth = 4<LI>Call Chain = lv_color_make
</UL>
<BR>[Called By]<UL><LI><a href="#[45e]">&gt;&gt;</a>&nbsp;&nbsp;&nbsp;setup_scr_screen_1
</UL>

<P><STRONG><a name="[e9]"></a>kb_screen_2_event_cb</STRONG> (Thumb, 36 bytes, Stack size 16 bytes, setup_scr_screen_2.o(i.kb_screen_2_event_cb))
<BR><BR>[Stack]<UL><LI>Max Depth = 252<LI>Call Chain = kb_screen_2_event_cb &rArr; lv_obj_add_flag &rArr; lv_obj_get_scrollbar_area &rArr; lv_obj_get_scroll_left &rArr; lv_obj_get_style_prop &rArr;  lv_obj_get_style_prop (Cycle)
</UL>
<BR>[Calls]<UL><LI><a href="#[2bd]">&gt;&gt;</a>&nbsp;&nbsp;&nbsp;lv_obj_add_flag
<LI><a href="#[21d]">&gt;&gt;</a>&nbsp;&nbsp;&nbsp;lv_event_get_target
<LI><a href="#[233]">&gt;&gt;</a>&nbsp;&nbsp;&nbsp;lv_event_get_code
</UL>
<BR>[Address Reference Count : 1]<UL><LI> setup_scr_screen_2.o(i.setup_scr_screen_2)
</UL>
<P><STRONG><a name="[475]"></a>lv_color_make</STRONG> (Thumb, 50 bytes, Stack size 4 bytes, setup_scr_screen_2.o(i.lv_color_make))
<BR><BR>[Stack]<UL><LI>Max Depth = 4<LI>Call Chain = lv_color_make
</UL>
<BR>[Called By]<UL><LI><a href="#[45f]">&gt;&gt;</a>&nbsp;&nbsp;&nbsp;setup_scr_screen_2
</UL>

<P><STRONG><a name="[ea]"></a>kb_screen_3_event_cb</STRONG> (Thumb, 36 bytes, Stack size 16 bytes, setup_scr_screen_3.o(i.kb_screen_3_event_cb))
<BR><BR>[Stack]<UL><LI>Max Depth = 252<LI>Call Chain = kb_screen_3_event_cb &rArr; lv_obj_add_flag &rArr; lv_obj_get_scrollbar_area &rArr; lv_obj_get_scroll_left &rArr; lv_obj_get_style_prop &rArr;  lv_obj_get_style_prop (Cycle)
</UL>
<BR>[Calls]<UL><LI><a href="#[2bd]">&gt;&gt;</a>&nbsp;&nbsp;&nbsp;lv_obj_add_flag
<LI><a href="#[21d]">&gt;&gt;</a>&nbsp;&nbsp;&nbsp;lv_event_get_target
<LI><a href="#[233]">&gt;&gt;</a>&nbsp;&nbsp;&nbsp;lv_event_get_code
</UL>
<BR>[Address Reference Count : 1]<UL><LI> setup_scr_screen_3.o(i.setup_scr_screen_3)
</UL>
<P><STRONG><a name="[476]"></a>lv_color_make</STRONG> (Thumb, 50 bytes, Stack size 4 bytes, setup_scr_screen_3.o(i.lv_color_make))
<BR><BR>[Stack]<UL><LI>Max Depth = 4<LI>Call Chain = lv_color_make
</UL>
<BR>[Called By]<UL><LI><a href="#[460]">&gt;&gt;</a>&nbsp;&nbsp;&nbsp;setup_scr_screen_3
</UL>

<P><STRONG><a name="[eb]"></a>kb_screen_4_event_cb</STRONG> (Thumb, 36 bytes, Stack size 16 bytes, setup_scr_screen_4.o(i.kb_screen_4_event_cb))
<BR><BR>[Stack]<UL><LI>Max Depth = 252<LI>Call Chain = kb_screen_4_event_cb &rArr; lv_obj_add_flag &rArr; lv_obj_get_scrollbar_area &rArr; lv_obj_get_scroll_left &rArr; lv_obj_get_style_prop &rArr;  lv_obj_get_style_prop (Cycle)
</UL>
<BR>[Calls]<UL><LI><a href="#[2bd]">&gt;&gt;</a>&nbsp;&nbsp;&nbsp;lv_obj_add_flag
<LI><a href="#[21d]">&gt;&gt;</a>&nbsp;&nbsp;&nbsp;lv_event_get_target
<LI><a href="#[233]">&gt;&gt;</a>&nbsp;&nbsp;&nbsp;lv_event_get_code
</UL>
<BR>[Address Reference Count : 1]<UL><LI> setup_scr_screen_4.o(i.setup_scr_screen_4)
</UL>
<P><STRONG><a name="[472]"></a>lv_color_make</STRONG> (Thumb, 50 bytes, Stack size 4 bytes, setup_scr_screen_4.o(i.lv_color_make))
<BR><BR>[Stack]<UL><LI>Max Depth = 4<LI>Call Chain = lv_color_make
</UL>
<BR>[Called By]<UL><LI><a href="#[ec]">&gt;&gt;</a>&nbsp;&nbsp;&nbsp;screen_4_calendar_2draw_part_begin_event_cb
<LI><a href="#[461]">&gt;&gt;</a>&nbsp;&nbsp;&nbsp;setup_scr_screen_4
</UL>

<P><STRONG><a name="[ed]"></a>screen_4_calendar_2_event_handler</STRONG> (Thumb, 42 bytes, Stack size 8 bytes, setup_scr_screen_4.o(i.screen_4_calendar_2_event_handler))
<BR><BR>[Stack]<UL><LI>Max Depth = 216<LI>Call Chain = screen_4_calendar_2_event_handler &rArr; lv_calendar_set_highlighted_dates &rArr; highlight_update &rArr; lv_btnmatrix_set_btn_ctrl &rArr; lv_btnmatrix_clear_btn_ctrl_all &rArr; invalidate_button_area &rArr; lv_obj_invalidate_area &rArr; _lv_inv_area &rArr; _lv_area_is_in &rArr; _lv_area_is_point_on &rArr;  _lv_area_is_point_on (Cycle)
</UL>
<BR>[Calls]<UL><LI><a href="#[3bb]">&gt;&gt;</a>&nbsp;&nbsp;&nbsp;lv_event_get_current_target
<LI><a href="#[233]">&gt;&gt;</a>&nbsp;&nbsp;&nbsp;lv_event_get_code
<LI><a href="#[329]">&gt;&gt;</a>&nbsp;&nbsp;&nbsp;lv_calendar_set_highlighted_dates
<LI><a href="#[327]">&gt;&gt;</a>&nbsp;&nbsp;&nbsp;lv_calendar_get_pressed_date
</UL>
<BR>[Address Reference Count : 1]<UL><LI> setup_scr_screen_4.o(i.setup_scr_screen_4)
</UL>
<P><STRONG><a name="[ec]"></a>screen_4_calendar_2draw_part_begin_event_cb</STRONG> (Thumb, 542 bytes, Stack size 40 bytes, setup_scr_screen_4.o(i.screen_4_calendar_2draw_part_begin_event_cb))
<BR><BR>[Stack]<UL><LI>Max Depth = 44<LI>Call Chain = screen_4_calendar_2draw_part_begin_event_cb &rArr; lv_color_make
</UL>
<BR>[Calls]<UL><LI><a href="#[21d]">&gt;&gt;</a>&nbsp;&nbsp;&nbsp;lv_event_get_target
<LI><a href="#[266]">&gt;&gt;</a>&nbsp;&nbsp;&nbsp;lv_event_get_param
<LI><a href="#[279]">&gt;&gt;</a>&nbsp;&nbsp;&nbsp;lv_btnmatrix_has_btn_ctrl
<LI><a href="#[472]">&gt;&gt;</a>&nbsp;&nbsp;&nbsp;lv_color_make
</UL>
<BR>[Address Reference Count : 1]<UL><LI> setup_scr_screen_4.o(i.setup_scr_screen_4)
</UL>
<P><STRONG><a name="[e7]"></a>kb_main_screen_event_cb</STRONG> (Thumb, 36 bytes, Stack size 16 bytes, setup_scr_main_screen.o(i.kb_main_screen_event_cb))
<BR><BR>[Stack]<UL><LI>Max Depth = 252<LI>Call Chain = kb_main_screen_event_cb &rArr; lv_obj_add_flag &rArr; lv_obj_get_scrollbar_area &rArr; lv_obj_get_scroll_left &rArr; lv_obj_get_style_prop &rArr;  lv_obj_get_style_prop (Cycle)
</UL>
<BR>[Calls]<UL><LI><a href="#[2bd]">&gt;&gt;</a>&nbsp;&nbsp;&nbsp;lv_obj_add_flag
<LI><a href="#[21d]">&gt;&gt;</a>&nbsp;&nbsp;&nbsp;lv_event_get_target
<LI><a href="#[233]">&gt;&gt;</a>&nbsp;&nbsp;&nbsp;lv_event_get_code
</UL>
<BR>[Address Reference Count : 1]<UL><LI> setup_scr_main_screen.o(i.setup_scr_main_screen)
</UL>
<P><STRONG><a name="[473]"></a>lv_color_make</STRONG> (Thumb, 50 bytes, Stack size 4 bytes, setup_scr_main_screen.o(i.lv_color_make))
<BR><BR>[Stack]<UL><LI>Max Depth = 4<LI>Call Chain = lv_color_make
</UL>
<BR>[Called By]<UL><LI><a href="#[471]">&gt;&gt;</a>&nbsp;&nbsp;&nbsp;setup_scr_main_screen
</UL>

<P><STRONG><a name="[2b5]"></a>lv_color_make</STRONG> (Thumb, 50 bytes, Stack size 4 bytes, gomoku.o(i.lv_color_make))
<BR><BR>[Stack]<UL><LI>Max Depth = 4<LI>Call Chain = lv_color_make
</UL>
<BR>[Called By]<UL><LI><a href="#[9e]">&gt;&gt;</a>&nbsp;&nbsp;&nbsp;gomoku_board_draw
</UL>

<P><STRONG><a name="[13c]"></a>__user_font_get_bitmap</STRONG> (Thumb, 120 bytes, Stack size 16 bytes, myfont.o(i.__user_font_get_bitmap))
<BR><BR>[Stack]<UL><LI>Max Depth = 16<LI>Call Chain = __user_font_get_bitmap
</UL>
<BR>[Address Reference Count : 1]<UL><LI> myfont.o(.constdata)
</UL>
<P><STRONG><a name="[13b]"></a>__user_font_get_glyph_dsc</STRONG> (Thumb, 150 bytes, Stack size 20 bytes, myfont.o(i.__user_font_get_glyph_dsc))
<BR><BR>[Stack]<UL><LI>Max Depth = 20<LI>Call Chain = __user_font_get_glyph_dsc
</UL>
<BR>[Address Reference Count : 1]<UL><LI> myfont.o(.constdata)
</UL>
<P><STRONG><a name="[7c]"></a>_printf_input_char</STRONG> (Thumb, 10 bytes, Stack size 0 bytes, _printf_char_common.o(.text))
<BR>[Address Reference Count : 1]<UL><LI> _printf_char_common.o(.text)
</UL><P>
<H3>
Undefined Global Symbols
</H3><HR></body></html>
