<html>
<body>
<pre>
<h1>礦ision Build Log</h1>
<h2>Tool Versions:</h2>
IDE-Version: μVision V5.36.0.0
Copyright (C) 2021 ARM Ltd and ARM Germany GmbH. All rights reserved.
License Information: 1 Administrator, 1, LIC=MPPLD-83LY6-9UU4U-SUKIA-1GV9A-YD7DP
 
Tool Versions:
Toolchain:       MDK-ARM Plus  Version: 5.36.0.0
Toolchain Path:  C:\Keil_v5\ARM\ARMCC\Bin
C Compiler:      Armcc.exe V5.06 update 7 (build 960)
Assembler:       Armasm.exe V5.06 update 7 (build 960)
Linker/Locator:  ArmLink.exe V5.06 update 7 (build 960)
Library Manager: ArmAr.exe V5.06 update 7 (build 960)
Hex Converter:   FromElf.exe V5.06 update 7 (build 960)
CPU DLL:         SARMCM3.DLL V5.36.0.0
Dialog DLL:      DCM.DLL V1.17.3.0
Target DLL:      CMSIS_AGDI.dll V1.33.0.0
Dialog DLL:      TCM.DLL V1.53.0.0
 
<h2>Project:</h2>
C:\Users\Administrator\Desktop\智能家居和游戏娱乐\智能家居和游戏娱乐\智能家居和游戏娱乐\14-AT32-LVGL-Nos-template\project\mdk_v5\lvgl_demo.uvprojx
Project File Date:  11/18/2025

<h2>Output:</h2>
*** Using Compiler 'V5.06 update 7 (build 960)', folder: 'C:\Keil_v5\ARM\ARMCC\Bin'
Rebuild target 'lvgl_desktop_demo'
compiling bsp_queue.c...
compiling bsp_oledfont.c...
compiling at32f435_437_clock.c...
compiling bsp_beep.c...
compiling bsp_key.c...
compiling bsp_gt911.c...
compiling bsp_lcd.c...
compiling at32f435_437_int.c...
compiling bsp.eep_lm75.c...
compiling bsp.c...
compiling bsp_timer.c...
compiling bsp_oled.c...
compiling bsp_esp12.c...
compiling bsp_uart.c...
compiling bsp_ext_flash.c...
compiling lv_tick_custom.c...
compiling main.c...
compiling at32f435_437_gpio.c...
compiling at32f435_437_dma.c...
compiling at32f435_437_crm.c...
compiling at32f435_437_misc.c...
compiling at32f435_437_i2c.c...
assembling startup_at32f435_437.s...
compiling at32f435_437_usart.c...
compiling at32f435_437_scfg.c...
compiling at32f435_437_tmr.c...
compiling at32f435_437_xmc.c...
compiling at32f435_437_adc.c...
compiling at32f435_437_spi.c...
compiling at32f435_437_exint.c...
compiling at32f435_437_qspi.c...
compiling lv_event.c...
compiling lv_group.c...
compiling lv_obj_class.c...
compiling lv_indev_scroll.c...
compiling lv_obj_draw.c...
compiling lv_indev.c...
compiling lv_obj_tree.c...
compiling lv_obj.c...
compiling lv_obj_style_gen.c...
compiling system_at32f435_437.c...
compiling i2c_application.c...
compiling lv_obj_style.c...
compiling lv_obj_scroll.c...
compiling lv_draw.c...
compiling lv_draw_arc.c...
compiling lv_obj_pos.c...
compiling lv_theme.c...
compiling lv_refr.c...
compiling lv_draw_img.c...
compiling lv_draw_triangle.c...
compiling lv_draw_line.c...
compiling lv_img_cache.c...
compiling lv_draw_rect.c...
compiling lv_draw_label.c...
compiling lv_img_decoder.c...
compiling lv_img_buf.c...
compiling lv_extra.c...
compiling lv_calendar_header_arrow.c...
compiling lv_animimg.c...
compiling lv_calendar_header_dropdown.c...
compiling lv_draw_mask.c...
compiling lv_calendar.c...
compiling lv_keyboard.c...
compiling lv_list.c...
compiling lv_imgbtn.c...
compiling lv_menu.c...
compiling lv_led.c...
compiling lv_colorwheel.c...
compiling lv_tileview.c...
compiling lv_msgbox.c...
compiling lv_spinner.c...
compiling lv_tabview.c...
compiling lv_spinbox.c...
compiling lv_win.c...
compiling lv_meter.c...
compiling lv_chart.c...
compiling lv_bmp.c...
compiling lv_flex.c...
compiling lv_freetype.c...
compiling lv_ffmpeg.c...
compiling lv_grid.c...
compiling lv_fs_fatfs.c...
compiling lv_span.c...
compiling gifdec.c...
compiling lv_fs_posix.c...
compiling lv_fs_stdio.c...
compiling lv_fs_win32.c...
compiling lv_gif.c...
compiling tjpgd.c...
compiling lodepng.c...
compiling lv_png.c...
compiling lv_qrcode.c...
compiling lv_snapshot.c...
compiling lv_gridnav.c...
compiling lv_rlottie.c...
compiling lv_font.c...
compiling lv_sjpg.c...
compiling lv_monkey.c...
compiling lv_font_fmt_txt.c...
compiling lv_theme_basic.c...
compiling qrcodegen.c...
compiling lv_theme_mono.c...
compiling lv_font_montserrat_10.c...
compiling lv_font_dejavu_16_persian_hebrew.c...
compiling lv_font_montserrat_12.c...
compiling lv_font_montserrat_12_subpx.c...
compiling lv_font_montserrat_16.c...
compiling lv_font_montserrat_14.c...
compiling lv_font_loader.c...
compiling lv_font_montserrat_20.c...
compiling lv_font_montserrat_18.c...
compiling lv_font_simsun_16_cjk.c...
compiling lv_theme_default.c...
compiling lv_font_unscii_8.c...
compiling lv_font_unscii_16.c...
compiling lv_hal_indev.c...
compiling lv_async.c...
compiling lv_hal_disp.c...
compiling lv_bidi.c...
compiling lv_anim_timeline.c...
compiling lv_anim.c...
compiling lv_area.c...
compiling lv_color.c...
compiling lv_gc.c...
compiling lv_log.c...
compiling lv_ll.c...
compiling lv_fs.c...
compiling lv_math.c...
compiling lv_lru.c...
compiling lv_templ.c...
compiling lv_mem.c...
compiling lv_style.c...
compiling lv_timer.c...
compiling lv_printf.c...
compiling lv_utils.c...
compiling lv_style_gen.c...
compiling lv_txt_ap.c...
compiling lv_tlsf.c...
compiling lv_txt.c...
compiling lv_btn.c...
compiling lv_hal_tick.c...
compiling lv_objx_templ.c...
compiling lv_arc.c...
compiling lv_bar.c...
compiling lv_checkbox.c...
compiling lv_line.c...
compiling lv_img.c...
compiling lv_canvas.c...
compiling lv_btnmatrix.c...
compiling lv_dropdown.c...
compiling lv_switch.c...
compiling lv_roller.c...
compiling lv_slider.c...
compiling lv_label.c...
compiling lv_draw_sw.c...
compiling lv_draw_sw_dither.c...
compiling lv_draw_sw_gradient.c...
compiling lv_draw_sw_arc.c...
compiling lv_table.c...
compiling lv_textarea.c...
compiling lv_draw_sw_polygon.c...
compiling lv_draw_sw_letter.c...
compiling lv_draw_sw_img.c...
compiling lv_draw_sw_line.c...
compiling lv_draw_sw_blend.c...
compiling lv_disp.c...
compiling gui_guider.c...
compiling time_manager.c...
compiling lv_draw_sw_rect.c...
compiling setup_scr_screen_3.c...
compiling setup_scr_screen_1.c...
compiling setup_scr_screen_4.c...
compiling setup_scr_screen_2.c...
compiling setup_scr_main_screen.c...
compiling gomoku.c...
compiling custom.c...
compiling myFont.c...
compiling lv_font_montserratMedium_12.c...
compiling lv_font_montserratMedium_16.c...
compiling _102_alpha_60x50.c...
compiling _104_alpha_50x50.c...
compiling _105_alpha_60x50.c...
compiling _106_alpha_50x50.c...
compiling music.c...
compiling lv_port_disp_template.c...
compiling _11_alpha_100x100.c...
compiling lv_port_indev_template.c...
compiling events_init.c...
compiling _22_alpha_100x100.c...
compiling lv_font_simsun_18.c...
compiling _1_alpha_284x226.c...
compiling _33_alpha_100x100.c...
compiling tlink.c...
linking...
Program Size: Code=190194 RO-data=634118 RW-data=988 ZI-data=310612  
FromELF: creating hex file...
".\objects\lvgl_desktop_demo.axf" - 0 Error(s), 0 Warning(s).

<h2>Software Packages used:</h2>

Package Vendor: ArteryTek
                
                ArteryTek.AT32F435_437_DFP.2.1.3
                ArteryTek AT32F4 Series Device Support,Drivers

<h2>Collection of Component include folders:</h2>
  C:\Users\Administrator\AppData\Local\Arm\Packs\ArteryTek\AT32F435_437_DFP\2.1.3\Device\Include

<h2>Collection of Component Files used:</h2>
Build Time Elapsed:  00:00:07
</pre>
</body>
</html>
