Component: ARM Compiler 5.06 update 7 (build 960) Tool: armlink [4d3601]

==============================================================================

Section Cross References

    at32f435_437_clock.o(i.system_clock_config) refers to at32f435_437_crm.o(i.crm_reset) for crm_reset
    at32f435_437_clock.o(i.system_clock_config) refers to at32f435_437_crm.o(i.crm_periph_clock_enable) for crm_periph_clock_enable
    at32f435_437_clock.o(i.system_clock_config) refers to at32f435_437_crm.o(i.crm_clock_source_enable) for crm_clock_source_enable
    at32f435_437_clock.o(i.system_clock_config) refers to at32f435_437_crm.o(i.crm_hext_stable_wait) for crm_hext_stable_wait
    at32f435_437_clock.o(i.system_clock_config) refers to at32f435_437_crm.o(i.crm_pll_config) for crm_pll_config
    at32f435_437_clock.o(i.system_clock_config) refers to at32f435_437_crm.o(i.crm_flag_get) for crm_flag_get
    at32f435_437_clock.o(i.system_clock_config) refers to at32f435_437_crm.o(i.crm_ahb_div_set) for crm_ahb_div_set
    at32f435_437_clock.o(i.system_clock_config) refers to at32f435_437_crm.o(i.crm_apb2_div_set) for crm_apb2_div_set
    at32f435_437_clock.o(i.system_clock_config) refers to at32f435_437_crm.o(i.crm_apb1_div_set) for crm_apb1_div_set
    at32f435_437_clock.o(i.system_clock_config) refers to at32f435_437_crm.o(i.crm_auto_step_mode_enable) for crm_auto_step_mode_enable
    at32f435_437_clock.o(i.system_clock_config) refers to at32f435_437_crm.o(i.crm_sysclk_switch) for crm_sysclk_switch
    at32f435_437_clock.o(i.system_clock_config) refers to at32f435_437_crm.o(i.crm_sysclk_switch_status_get) for crm_sysclk_switch_status_get
    at32f435_437_clock.o(i.system_clock_config) refers to system_at32f435_437.o(i.system_core_clock_update) for system_core_clock_update
    main.o(i.PWM_init) refers to at32f435_437_crm.o(i.crm_periph_clock_enable) for crm_periph_clock_enable
    main.o(i.PWM_init) refers to at32f435_437_crm.o(i.crm_clocks_freq_get) for crm_clocks_freq_get
    main.o(i.PWM_init) refers to at32f435_437_gpio.o(i.gpio_default_para_init) for gpio_default_para_init
    main.o(i.PWM_init) refers to at32f435_437_gpio.o(i.gpio_init) for gpio_init
    main.o(i.PWM_init) refers to at32f435_437_gpio.o(i.gpio_pin_mux_config) for gpio_pin_mux_config
    main.o(i.PWM_init) refers to at32f435_437_tmr.o(i.tmr_base_init) for tmr_base_init
    main.o(i.PWM_init) refers to at32f435_437_tmr.o(i.tmr_cnt_dir_set) for tmr_cnt_dir_set
    main.o(i.PWM_init) refers to at32f435_437_tmr.o(i.tmr_clock_source_div_set) for tmr_clock_source_div_set
    main.o(i.PWM_init) refers to at32f435_437_tmr.o(i.tmr_output_default_para_init) for tmr_output_default_para_init
    main.o(i.PWM_init) refers to at32f435_437_tmr.o(i.tmr_output_channel_config) for tmr_output_channel_config
    main.o(i.PWM_init) refers to at32f435_437_tmr.o(i.tmr_channel_value_set) for tmr_channel_value_set
    main.o(i.PWM_init) refers to at32f435_437_tmr.o(i.tmr_output_channel_buffer_enable) for tmr_output_channel_buffer_enable
    main.o(i.PWM_init) refers to at32f435_437_tmr.o(i.tmr_period_buffer_enable) for tmr_period_buffer_enable
    main.o(i.PWM_init) refers to at32f435_437_tmr.o(i.tmr_output_enable) for tmr_output_enable
    main.o(i.PWM_init) refers to at32f435_437_tmr.o(i.tmr_counter_enable) for tmr_counter_enable
    main.o(i.PWM_init) refers to main.o(.data) for tmr_oc_init_structure
    main.o(i.main) refers to rt_memcpy_w.o(.text) for __aeabi_memcpy4
    main.o(i.main) refers to bsp_key.o(i.bsp_GetKey) for bsp_GetKey
    main.o(i.main) refers to at32f435_437_clock.o(i.system_clock_config) for system_clock_config
    main.o(i.main) refers to bsp.o(i.bsp_Init) for bsp_Init
    main.o(i.main) refers to main.o(i.PWM_init) for PWM_init
    main.o(i.main) refers to at32f435_437_tmr.o(i.tmr_counter_enable) for tmr_counter_enable
    main.o(i.main) refers to bsp.eep_lm75.o(i.ic2_init) for ic2_init
    main.o(i.main) refers to bsp.eep_lm75.o(i.eep_write) for eep_write
    main.o(i.main) refers to bsp_timer.o(i.delay_ms) for delay_ms
    main.o(i.main) refers to bsp.eep_lm75.o(i.eep_read) for eep_read
    main.o(i.main) refers to bsp_oled.o(i.oledInit) for oledInit
    main.o(i.main) refers to bsp_oled.o(i.oledShowString) for oledShowString
    main.o(i.main) refers to main.o(i.tlink_init) for tlink_init
    main.o(i.main) refers to main.o(i.send_heartbeat) for send_heartbeat
    main.o(i.main) refers to main.o(i.process_received_data) for process_received_data
    main.o(i.main) refers to bsp_beep.o(i.BEEP_KeyTone) for BEEP_KeyTone
    main.o(i.main) refers to bsp.o(i.at32_led_toggle) for at32_led_toggle
    main.o(i.main) refers to bsp_timer.o(.data) for systick_ms
    main.o(i.main) refers to bsp.eep_lm75.o(.data) for eep_write_buf
    main.o(i.main) refers to bsp.eep_lm75.o(.bss) for eep_read_buf
    main.o(i.main) refers to main.o(.data) for airCtrl
    main.o(i.parse_command) refers to strstr.o(.text) for strstr
[...]
    i.esp12_uart_init                        0x08001e4c   Section        0  bsp_uart.o(i.esp12_uart_init)
    i.fputc                                  0x08001f20   Section        0  bsp.o(i.fputc)
    i.gpio_bits_write                        0x08001f44   Section        0  at32f435_437_gpio.o(i.gpio_bits_write)
    i.gpio_default_para_init                 0x08001f4e   Section        0  at32f435_437_gpio.o(i.gpio_default_para_init)
    i.gpio_init                              0x08001f62   Section        0  at32f435_437_gpio.o(i.gpio_init)
    i.gpio_pin_mux_config                    0x08001fdc   Section        0  at32f435_437_gpio.o(i.gpio_pin_mux_config)
    i.i2c_config                             0x0800201e   Section        0  i2c_application.o(i.i2c_config)
    i.i2c_data_receive                       0x08002038   Section        0  at32f435_437_i2c.o(i.i2c_data_receive)
    i.i2c_data_send                          0x08002040   Section        0  at32f435_437_i2c.o(i.i2c_data_send)
    i.i2c_enable                             0x08002044   Section        0  at32f435_437_i2c.o(i.i2c_enable)
    i.i2c_flag_clear                         0x0800204e   Section        0  at32f435_437_i2c.o(i.i2c_flag_clear)
    i.i2c_flag_get                           0x08002052   Section        0  at32f435_437_i2c.o(i.i2c_flag_get)
    i.i2c_init                               0x08002062   Section        0  at32f435_437_i2c.o(i.i2c_init)
    i.i2c_lowlevel_init                      0x08002078   Section        0  bsp.eep_lm75.o(i.i2c_lowlevel_init)
    i.i2c_memory_address_send                0x08002160   Section        0  i2c_application.o(i.i2c_memory_address_send)
    i.i2c_memory_read                        0x080021a4   Section        0  i2c_application.o(i.i2c_memory_read)
    i.i2c_memory_write                       0x080022aa   Section        0  i2c_application.o(i.i2c_memory_write)
    i.i2c_own_address1_set                   0x0800239a   Section        0  at32f435_437_i2c.o(i.i2c_own_address1_set)
    i.i2c_reset                              0x080023b8   Section        0  at32f435_437_i2c.o(i.i2c_reset)
    i.i2c_reset_ctrl2_register               0x0800241c   Section        0  i2c_application.o(i.i2c_reset_ctrl2_register)
    i.i2c_start_transfer                     0x0800245a   Section        0  i2c_application.o(i.i2c_start_transfer)
    i.i2c_transmit_set                       0x08002498   Section        0  at32f435_437_i2c.o(i.i2c_transmit_set)
    i.i2c_wait_flag                          0x080024b8   Section        0  i2c_application.o(i.i2c_wait_flag)
    i.ic2_init                               0x0800254c   Section        0  bsp.eep_lm75.o(i.ic2_init)
    i.lm75_read                              0x08002564   Section        0  bsp.eep_lm75.o(i.lm75_read)
    i.main                                   0x08002590   Section        0  main.o(i.main)
    i.nvic_irq_enable                        0x08002684   Section        0  at32f435_437_misc.o(i.nvic_irq_enable)
    i.nvic_priority_group_config             0x0800274c   Section        0  at32f435_437_misc.o(i.nvic_priority_group_config)
    i.oledClear                              0x08002774   Section        0  bsp_oled.o(i.oledClear)
    i.oledInit                               0x080027b4   Section        0  bsp_oled.o(i.oledInit)
    i.oledSetPos                             0x080028e0   Section        0  bsp_oled.o(i.oledSetPos)
    i.oledShowChar                           0x0800290c   Section        0  bsp_oled.o(i.oledShowChar)
    i.oledShowString                         0x0800297c   Section        0  bsp_oled.o(i.oledShowString)
    i.oledWriteByte                          0x080029b4   Section        0  bsp_oled.o(i.oledWriteByte)
    i.oled_gpio_config                       0x08002a00   Section        0  bsp_oled.o(i.oled_gpio_config)
    oled_gpio_config                         0x08002a01   Thumb Code   174  bsp_oled.o(i.oled_gpio_config)
    i.parse_command                          0x08002abc   Section        0  main.o(i.parse_command)
    i.process_received_data                  0x08002b30   Section        0  main.o(i.process_received_data)
    i.send_heartbeat                         0x08002c08   Section        0  main.o(i.send_heartbeat)
    i.spi_config                             0x08002cc8   Section        0  bsp_oled.o(i.spi_config)
    spi_config                               0x08002cc9   Thumb Code    76  bsp_oled.o(i.spi_config)
    i.spi_default_para_init                  0x08002d1c   Section        0  at32f435_437_spi.o(i.spi_default_para_init)
    i.spi_enable                             0x08002d32   Section        0  at32f435_437_spi.o(i.spi_enable)
    i.spi_i2s_data_transmit                  0x08002d3c   Section        0  at32f435_437_spi.o(i.spi_i2s_data_transmit)
    i.spi_i2s_flag_get                       0x08002d40   Section        0  at32f435_437_spi.o(i.spi_i2s_flag_get)
    i.spi_init                               0x08002d50   Section        0  at32f435_437_spi.o(i.spi_init)
    i.spitransferByte                        0x08002ea8   Section        0  bsp_oled.o(i.spitransferByte)
    i.system_clock_config                    0x08002ec8   Section        0  at32f435_437_clock.o(i.system_clock_config)
    i.system_core_clock_update               0x08002f64   Section        0  system_at32f435_437.o(i.system_core_clock_update)
    i.systick_clock_source_config            0x08003054   Section        0  at32f435_437_misc.o(i.systick_clock_source_config)
    i.timer6_init                            0x0800307c   Section        0  bsp_timer.o(i.timer6_init)
    i.tlink_init                             0x080030e0   Section        0  main.o(i.tlink_init)
    i.tmr_base_init                          0x08003348   Section        0  at32f435_437_tmr.o(i.tmr_base_init)
    i.tmr_channel_value_set                  0x08003358   Section        0  at32f435_437_tmr.o(i.tmr_channel_value_set)
    i.tmr_clock_source_div_set               0x08003386   Section        0  at32f435_437_tmr.o(i.tmr_clock_source_div_set)
    i.tmr_cnt_dir_set                        0x08003390   Section        0  at32f435_437_tmr.o(i.tmr_cnt_dir_set)
    i.tmr_counter_enable                     0x0800339a   Section        0  at32f435_437_tmr.o(i.tmr_counter_enable)
    i.tmr_flag_clear                         0x080033a4   Section        0  at32f435_437_tmr.o(i.tmr_flag_clear)
    i.tmr_flag_get                           0x080033aa   Section        0  at32f435_437_tmr.o(i.tmr_flag_get)
    i.tmr_interrupt_enable                   0x080033bc   Section        0  at32f435_437_tmr.o(i.tmr_interrupt_enable)
    i.tmr_output_channel_buffer_enable       0x080033d2   Section        0  at32f435_437_tmr.o(i.tmr_output_channel_buffer_enable)
    i.tmr_output_channel_config              0x0800341e   Section        0  at32f435_437_tmr.o(i.tmr_output_channel_config)
    i.tmr_output_default_para_init           0x080035d0   Section        0  at32f435_437_tmr.o(i.tmr_output_default_para_init)
    i.tmr_output_enable                      0x080035e2   Section        0  at32f435_437_tmr.o(i.tmr_output_enable)
    i.tmr_period_buffer_enable               0x080035ec   Section        0  at32f435_437_tmr.o(i.tmr_period_buffer_enable)
    i.uart_print_init                        0x080035f8   Section        0  bsp.o(i.uart_print_init)
    i.usart_data_receive                     0x080036c4   Section        0  at32f435_437_usart.o(i.usart_data_receive)
    i.usart_data_transmit                    0x080036cc   Section        0  at32f435_437_usart.o(i.usart_data_transmit)
    i.usart_enable                           0x080036d4   Section        0  at32f435_437_usart.o(i.usart_enable)
    i.usart_flag_get                         0x080036de   Section        0  at32f435_437_usart.o(i.usart_flag_get)
    i.usart_init                             0x080036f0   Section        0  at32f435_437_usart.o(i.usart_init)
    i.usart_interrupt_enable                 0x0800379c   Section        0  at32f435_437_usart.o(i.usart_interrupt_enable)
    i.usart_receiver_enable                  0x080037d2   Section        0  at32f435_437_usart.o(i.usart_receiver_enable)
    i.usart_transmitter_enable               0x080037dc   Section        0  at32f435_437_usart.o(i.usart_transmitter_enable)
    x$fpl$fpinit                             0x080037e6   Section       10  fpinit.o(x$fpl$fpinit)
    $v0                                      0x080037e6   Number         0  fpinit.o(x$fpl$fpinit)
    .constdata                               0x080037f0   Section       64  bsp_key.o(.constdata)
    s_gpio_list                              0x080037f0   Data          64  bsp_key.o(.constdata)
    .constdata                               0x08003830   Section       48  bsp_timer.o(.constdata)
    __FUNCTION__                             0x08003830   Data          15  bsp_timer.o(.constdata)
    __FUNCTION__                             0x0800383f   Data          19  bsp_timer.o(.constdata)
    __FUNCTION__                             0x08003852   Data          14  bsp_timer.o(.constdata)
    .constdata                               0x08003860   Section     2203  bsp_oledfont.o(.constdata)
    .constdata                               0x080040fb   Section       38  at32f435_437_crm.o(.constdata)
    sclk_ahb_div_table                       0x080040fb   Data          16  at32f435_437_crm.o(.constdata)
    ahb_apb1_div_table                       0x0800410b   Data           8  at32f435_437_crm.o(.constdata)
    ahb_apb2_div_table                       0x08004113   Data           8  at32f435_437_crm.o(.constdata)
    pll_fr_table                             0x0800411b   Data           6  at32f435_437_crm.o(.constdata)
    .constdata                               0x08004121   Section       22  system_at32f435_437.o(.constdata)
    sys_ahb_div_table                        0x08004121   Data          16  system_at32f435_437.o(.constdata)
    pll_fr_table                             0x08004131   Data           6  system_at32f435_437.o(.constdata)
    .data                                    0x20000000   Section       40  main.o(.data)
    Tlinktimer32                             0x20000024   Data           4  main.o(.data)
    .data                                    0x20000028   Section       24  bsp.eep_lm75.o(.data)
    .data                                    0x20000040   Section       44  bsp.o(.data)
    fac_us                                   0x20000060   Data           4  bsp.o(.data)
    fac_ms                                   0x20000064   Data           4  bsp.o(.data)
    .data                                    0x2000006c   Section        2  bsp_beep.o(.data)
    prescaler_value                          0x2000006c   Data           2  bsp_beep.o(.data)
    .data                                    0x20000070   Section       30  bsp_timer.o(.data)
    s_TIM_CallBack1                          0x20000078   Data           4  bsp_timer.o(.data)
    s_TIM_CallBack2                          0x2000007c   Data           4  bsp_timer.o(.data)
    s_TIM_CallBack3                          0x20000080   Data           4  bsp_timer.o(.data)
    s_TIM_CallBack4                          0x20000084   Data           4  bsp_timer.o(.data)
    s_uiDelayCount                           0x20000088   Data           4  bsp_timer.o(.data)
    s_ucTimeOutFlag                          0x2000008c   Data           1  bsp_timer.o(.data)
    s_count                                  0x2000008d   Data           1  bsp_timer.o(.data)
    .data                                    0x20000090   Section        4  system_at32f435_437.o(.data)
    .bss                                     0x20000094   Section       20  main.o(.bss)
    .bss                                     0x200000a8   Section       68  bsp.eep_lm75.o(.bss)
    .bss                                     0x200000ec   Section       14  bsp_beep.o(.bss)
    .bss                                     0x200000fc   Section      141  bsp_key.o(.bss)
    s_tBtn                                   0x200000fc   Data         128  bsp_key.o(.bss)
    s_tKey                                   0x2000017c   Data          13  bsp_key.o(.bss)
    .bss                                     0x2000018c   Section       64  bsp_timer.o(.bss)
    s_tTmr                                   0x2000018c   Data          48  bsp_timer.o(.bss)
    .bss                                     0x200001cc   Section     2092  bsp_uart.o(.bss)
    g_tUart3                                 0x200001cc   Data          44  bsp_uart.o(.bss)
    g_TxBuf3                                 0x200001f8   Data        1024  bsp_uart.o(.bss)
    g_RxBuf3                                 0x200005f8   Data        1024  bsp_uart.o(.bss)
    .bss                                     0x200009f8   Section       96  libspace.o(.bss)
    HEAP                                     0x20000a58   Section      512  startup_at32f435_437.o(HEAP)
    Heap_Mem                                 0x20000a58   Data         512  startup_at32f435_437.o(HEAP)
    STACK                                    0x20000c58   Section     1024  startup_at32f435_437.o(STACK)
    Stack_Mem                                0x20000c58   Data        1024  startup_at32f435_437.o(STACK)
    __initial_sp                             0x20001058   Data           0  startup_at32f435_437.o(STACK)

    Global Symbols

    Symbol Name                              Value     Ov Type        Size  Object(Section)

    BuildAttributes$$THM_ISAv4$E$P$D$K$B$S$7EM$VFPi3$EXTD16$VFPS$VFMA$PE$A:L22UL41UL21$X:L11$S22US41US21$IEEE1$IW$USESV6$~STKCKD$USESV7$~SHL$OSPACE$ROPI$EBA8$UX$STANDARDLIB$REQ8$PRES8$EABIv2 0x00000000   Number         0  anon$$obj.o ABSOLUTE
    __ARM_use_no_argv                        0x00000000   Number         0  main.o ABSOLUTE
    __ARM_exceptions_init                     - Undefined Weak Reference
    __alloca_initialize                       - Undefined Weak Reference
    __arm_fini_                               - Undefined Weak Reference
    __arm_preinit_                            - Undefined Weak Reference
    __cpp_initialize__aeabi_                  - Undefined Weak Reference
    __cxa_finalize                            - Undefined Weak Reference
    __rt_locale                               - Undefined Weak Reference
    __sigvec_lookup                           - Undefined Weak Reference
    _atexit_init                              - Undefined Weak Reference
    _call_atexit_fns                          - Undefined Weak Reference
    _clock_init                               - Undefined Weak Reference
    _fp_trap_init                             - Undefined Weak Reference
    _fp_trap_shutdown                         - Undefined Weak Reference
    _get_lc_collate                           - Undefined Weak Reference
    _get_lc_ctype                             - Undefined Weak Reference
    _get_lc_monetary                          - Undefined Weak Reference
    _get_lc_numeric                           - Undefined Weak Reference
    _get_lc_time                              - Undefined Weak Reference
    _getenv_init                              - Undefined Weak Reference
    _handle_redirection                       - Undefined Weak Reference
    _init_alloc                               - Undefined Weak Reference
    _init_user_alloc                          - Undefined Weak Reference
    _initio                                   - Undefined Weak Reference
    _mutex_acquire                            - Undefined Weak Reference
    _mutex_release                            - Undefined Weak Reference
    _printf_mbtowc                            - Undefined Weak Reference
    _printf_post_padding                      - Undefined Weak Reference
    _printf_pre_padding                       - Undefined Weak Reference
    _printf_truncate_signed                   - Undefined Weak Reference
    _printf_truncate_unsigned                 - Undefined Weak Reference
    _rand_init                                - Undefined Weak Reference
    _signal_finish                            - Undefined Weak Reference
    _signal_init                              - Undefined Weak Reference
    _terminate_alloc                          - Undefined Weak Reference
    _terminate_user_alloc                     - Undefined Weak Reference
    _terminateio                              - Undefined Weak Reference
    __Vectors_Size                           0x0000020c   Number         0  startup_at32f435_437.o ABSOLUTE
    __Vectors                                0x08000000   Data           4  startup_at32f435_437.o(RESET)
    __Vectors_End                            0x0800020c   Data           0  startup_at32f435_437.o(RESET)
    __main                                   0x0800020d   Thumb Code     8  __main.o(!!!main)
    __scatterload                            0x08000215   Thumb Code     0  __scatter.o(!!!scatter)
    __scatterload_rt2                        0x08000215   Thumb Code    44  __scatter.o(!!!scatter)
    __scatterload_rt2_thumb_only             0x08000215   Thumb Code     0  __scatter.o(!!!scatter)
    __scatterload_null                       0x08000223   Thumb Code     0  __scatter.o(!!!scatter)
    __scatterload_copy                       0x08000249   Thumb Code    26  __scatter_copy.o(!!handler_copy)
    __scatterload_zeroinit                   0x08000265   Thumb Code    28  __scatter_zi.o(!!handler_zi)
    _printf_d                                0x08000281   Thumb Code     0  _printf_d.o(.ARM.Collect$$_printf_percent$$00000009)
    _printf_percent                          0x08000281   Thumb Code     0  _printf_percent.o(.ARM.Collect$$_printf_percent$$00000000)
    _printf_s                                0x08000287   Thumb Code     0  _printf_s.o(.ARM.Collect$$_printf_percent$$00000014)
    _printf_percent_end                      0x0800028d   Thumb Code     0  _printf_percent_end.o(.ARM.Collect$$_printf_percent$$00000017)
    __rt_lib_init                            0x08000291   Thumb Code     0  libinit.o(.ARM.Collect$$libinit$$00000000)
    __rt_lib_init_fp_1                       0x08000293   Thumb Code     0  libinit2.o(.ARM.Collect$$libinit$$00000001)
    __rt_lib_init_alloca_1                   0x08000297   Thumb Code     0  libinit2.o(.ARM.Collect$$libinit$$0000002E)
    __rt_lib_init_argv_1                     0x08000297   Thumb Code     0  libinit2.o(.ARM.Collect$$libinit$$0000002C)
    __rt_lib_init_atexit_1                   0x08000297   Thumb Code     0  libinit2.o(.ARM.Collect$$libinit$$0000001B)
    __rt_lib_init_clock_1                    0x08000297   Thumb Code     0  libinit2.o(.ARM.Collect$$libinit$$00000021)
    __rt_lib_init_cpp_1                      0x08000297   Thumb Code     0  libinit2.o(.ARM.Collect$$libinit$$00000032)
    __rt_lib_init_exceptions_1               0x08000297   Thumb Code     0  libinit2.o(.ARM.Collect$$libinit$$00000030)
    __rt_lib_init_fp_trap_1                  0x08000297   Thumb Code     0  libinit2.o(.ARM.Collect$$libinit$$0000001F)
    __rt_lib_init_getenv_1                   0x08000297   Thumb Code     0  libinit2.o(.ARM.Collect$$libinit$$00000023)
    __rt_lib_init_heap_1                     0x08000297   Thumb Code     0  libinit2.o(.ARM.Collect$$libinit$$0000000A)
    __rt_lib_init_lc_collate_1               0x08000297   Thumb Code     0  libinit2.o(.ARM.Collect$$libinit$$00000011)
    __rt_lib_init_lc_ctype_1                 0x08000297   Thumb Code     0  libinit2.o(.ARM.Collect$$libinit$$00000013)
    __rt_lib_init_lc_monetary_1              0x08000297   Thumb Code     0  libinit2.o(.ARM.Collect$$libinit$$00000015)
    __rt_lib_init_lc_numeric_1               0x08000297   Thumb Code     0  libinit2.o(.ARM.Collect$$libinit$$00000017)
    __rt_lib_init_lc_time_1                  0x08000297   Thumb Code     0  libinit2.o(.ARM.Collect$$libinit$$00000019)
    __rt_lib_init_preinit_1                  0x08000297   Thumb Code     0  libinit2.o(.ARM.Collect$$libinit$$00000004)
    __rt_lib_init_rand_1                     0x08000297   Thumb Code     0  libinit2.o(.ARM.Collect$$libinit$$0000000E)
    __rt_lib_init_return                     0x08000297   Thumb Code     0  libinit2.o(.ARM.Collect$$libinit$$00000033)
    __rt_lib_init_signal_1                   0x08000297   Thumb Code     0  libinit2.o(.ARM.Collect$$libinit$$0000001D)
    __rt_lib_init_stdio_1                    0x08000297   Thumb Code     0  libinit2.o(.ARM.Collect$$libinit$$00000025)
    __rt_lib_init_user_alloc_1               0x08000297   Thumb Code     0  libinit2.o(.ARM.Collect$$libinit$$0000000C)
    __rt_lib_shutdown                        0x08000299   Thumb Code     0  libshutdown.o(.ARM.Collect$$libshutdown$$00000000)
    __rt_lib_shutdown_cpp_1                  0x0800029b   Thumb Code     0  libshutdown2.o(.ARM.Collect$$libshutdown$$00000004)
    __rt_lib_shutdown_fini_1                 0x0800029b   Thumb Code     0  libshutdown2.o(.ARM.Collect$$libshutdown$$00000002)
    __rt_lib_shutdown_fp_trap_1              0x0800029b   Thumb Code     0  libshutdown2.o(.ARM.Collect$$libshutdown$$00000009)
    __rt_lib_shutdown_heap_1                 0x0800029b   Thumb Code     0  libshutdown2.o(.ARM.Collect$$libshutdown$$00000011)
    __rt_lib_shutdown_return                 0x0800029b   Thumb Code     0  libshutdown2.o(.ARM.Collect$$libshutdown$$00000012)
    __rt_lib_shutdown_signal_1               0x0800029b   Thumb Code     0  libshutdown2.o(.ARM.Collect$$libshutdown$$0000000C)
    __rt_lib_shutdown_stdio_1                0x0800029b   Thumb Code     0  libshutdown2.o(.ARM.Collect$$libshutdown$$00000006)
    __rt_lib_shutdown_user_alloc_1           0x0800029b   Thumb Code     0  libshutdown2.o(.ARM.Collect$$libshutdown$$0000000E)
    __rt_entry                               0x0800029d   Thumb Code     0  __rtentry.o(.ARM.Collect$$rtentry$$00000000)
    __rt_entry_presh_1                       0x0800029d   Thumb Code     0  __rtentry2.o(.ARM.Collect$$rtentry$$00000002)
    __rt_entry_sh                            0x0800029d   Thumb Code     0  __rtentry4.o(.ARM.Collect$$rtentry$$00000004)
    __rt_entry_li                            0x080002a3   Thumb Code     0  __rtentry2.o(.ARM.Collect$$rtentry$$0000000A)
    __rt_entry_postsh_1                      0x080002a3   Thumb Code     0  __rtentry2.o(.ARM.Collect$$rtentry$$00000009)
    __rt_entry_main                          0x080002a7   Thumb Code     0  __rtentry2.o(.ARM.Collect$$rtentry$$0000000D)
    __rt_entry_postli_1                      0x080002a7   Thumb Code     0  __rtentry2.o(.ARM.Collect$$rtentry$$0000000C)
    __rt_exit                                0x080002af   Thumb Code     0  rtexit.o(.ARM.Collect$$rtexit$$00000000)
    __rt_exit_ls                             0x080002b1   Thumb Code     0  rtexit2.o(.ARM.Collect$$rtexit$$00000003)
    __rt_exit_prels_1                        0x080002b1   Thumb Code     0  rtexit2.o(.ARM.Collect$$rtexit$$00000002)
    __rt_exit_exit                           0x080002b5   Thumb Code     0  rtexit2.o(.ARM.Collect$$rtexit$$00000004)
    Reset_Handler                            0x080002bd   Thumb Code     8  startup_at32f435_437.o(.text)
    ACC_IRQHandler                           0x080002d7   Thumb Code     0  startup_at32f435_437.o(.text)
    ADC1_2_3_IRQHandler                      0x080002d7   Thumb Code     0  startup_at32f435_437.o(.text)
    CAN1_RX0_IRQHandler                      0x080002d7   Thumb Code     0  startup_at32f435_437.o(.text)
    CAN1_RX1_IRQHandler                      0x080002d7   Thumb Code     0  startup_at32f435_437.o(.text)
    CAN1_SE_IRQHandler                       0x080002d7   Thumb Code     0  startup_at32f435_437.o(.text)
    CAN1_TX_IRQHandler                       0x080002d7   Thumb Code     0  startup_at32f435_437.o(.text)
    CAN2_RX0_IRQHandler                      0x080002d7   Thumb Code     0  startup_at32f435_437.o(.text)
    CAN2_RX1_IRQHandler                      0x080002d7   Thumb Code     0  startup_at32f435_437.o(.text)
    CAN2_SE_IRQHandler                       0x080002d7   Thumb Code     0  startup_at32f435_437.o(.text)
    CAN2_TX_IRQHandler                       0x080002d7   Thumb Code     0  startup_at32f435_437.o(.text)
    CRM_IRQHandler                           0x080002d7   Thumb Code     0  startup_at32f435_437.o(.text)
    DMA1_Channel1_IRQHandler                 0x080002d7   Thumb Code     0  startup_at32f435_437.o(.text)
    DMA1_Channel2_IRQHandler                 0x080002d7   Thumb Code     0  startup_at32f435_437.o(.text)
    DMA1_Channel3_IRQHandler                 0x080002d7   Thumb Code     0  startup_at32f435_437.o(.text)
    DMA1_Channel4_IRQHandler                 0x080002d7   Thumb Code     0  startup_at32f435_437.o(.text)
    DMA1_Channel5_IRQHandler                 0x080002d7   Thumb Code     0  startup_at32f435_437.o(.text)
    DMA1_Channel6_IRQHandler                 0x080002d7   Thumb Code     0  startup_at32f435_437.o(.text)
    DMA1_Channel7_IRQHandler                 0x080002d7   Thumb Code     0  startup_at32f435_437.o(.text)
    DMA2_Channel1_IRQHandler                 0x080002d7   Thumb Code     0  startup_at32f435_437.o(.text)
    DMA2_Channel2_IRQHandler                 0x080002d7   Thumb Code     0  startup_at32f435_437.o(.text)
    DMA2_Channel3_IRQHandler                 0x080002d7   Thumb Code     0  startup_at32f435_437.o(.text)
    DMA2_Channel4_IRQHandler                 0x080002d7   Thumb Code     0  startup_at32f435_437.o(.text)
    DMA2_Channel5_IRQHandler                 0x080002d7   Thumb Code     0  startup_at32f435_437.o(.text)
    DMA2_Channel6_IRQHandler                 0x080002d7   Thumb Code     0  startup_at32f435_437.o(.text)
    DMA2_Channel7_IRQHandler                 0x080002d7   Thumb Code     0  startup_at32f435_437.o(.text)
    DMAMUX_IRQHandler                        0x080002d7   Thumb Code     0  startup_at32f435_437.o(.text)
    DVP_IRQHandler                           0x080002d7   Thumb Code     0  startup_at32f435_437.o(.text)
    EDMA_Stream1_IRQHandler                  0x080002d7   Thumb Code     0  startup_at32f435_437.o(.text)
    EDMA_Stream2_IRQHandler                  0x080002d7   Thumb Code     0  startup_at32f435_437.o(.text)
    EDMA_Stream3_IRQHandler                  0x080002d7   Thumb Code     0  startup_at32f435_437.o(.text)
    EDMA_Stream4_IRQHandler                  0x080002d7   Thumb Code     0  startup_at32f435_437.o(.text)
    EDMA_Stream5_IRQHandler                  0x080002d7   Thumb Code     0  startup_at32f435_437.o(.text)
    EDMA_Stream6_IRQHandler                  0x080002d7   Thumb Code     0  startup_at32f435_437.o(.text)
    EDMA_Stream7_IRQHandler                  0x080002d7   Thumb Code     0  startup_at32f435_437.o(.text)
    EDMA_Stream8_IRQHandler                  0x080002d7   Thumb Code     0  startup_at32f435_437.o(.text)
    EMAC_IRQHandler                          0x080002d7   Thumb Code     0  startup_at32f435_437.o(.text)
    EMAC_WKUP_IRQHandler                     0x080002d7   Thumb Code     0  startup_at32f435_437.o(.text)
    ERTCAlarm_IRQHandler                     0x080002d7   Thumb Code     0  startup_at32f435_437.o(.text)
    ERTC_WKUP_IRQHandler                     0x080002d7   Thumb Code     0  startup_at32f435_437.o(.text)
    EXINT0_IRQHandler                        0x080002d7   Thumb Code     0  startup_at32f435_437.o(.text)
    EXINT15_10_IRQHandler                    0x080002d7   Thumb Code     0  startup_at32f435_437.o(.text)
    EXINT1_IRQHandler                        0x080002d7   Thumb Code     0  startup_at32f435_437.o(.text)
    EXINT2_IRQHandler                        0x080002d7   Thumb Code     0  startup_at32f435_437.o(.text)
    EXINT3_IRQHandler                        0x080002d7   Thumb Code     0  startup_at32f435_437.o(.text)
    EXINT4_IRQHandler                        0x080002d7   Thumb Code     0  startup_at32f435_437.o(.text)
    EXINT9_5_IRQHandler                      0x080002d7   Thumb Code     0  startup_at32f435_437.o(.text)
    FLASH_IRQHandler                         0x080002d7   Thumb Code     0  startup_at32f435_437.o(.text)
    FPU_IRQHandler                           0x080002d7   Thumb Code     0  startup_at32f435_437.o(.text)
    I2C1_ERR_IRQHandler                      0x080002d7   Thumb Code     0  startup_at32f435_437.o(.text)
    I2C1_EVT_IRQHandler                      0x080002d7   Thumb Code     0  startup_at32f435_437.o(.text)
    I2C2_ERR_IRQHandler                      0x080002d7   Thumb Code     0  startup_at32f435_437.o(.text)
    I2C2_EVT_IRQHandler                      0x080002d7   Thumb Code     0  startup_at32f435_437.o(.text)
    I2C3_ERR_IRQHandler                      0x080002d7   Thumb Code     0  startup_at32f435_437.o(.text)
    I2C3_EVT_IRQHandler                      0x080002d7   Thumb Code     0  startup_at32f435_437.o(.text)
    OTGFS1_IRQHandler                        0x080002d7   Thumb Code     0  startup_at32f435_437.o(.text)
    OTGFS1_WKUP_IRQHandler                   0x080002d7   Thumb Code     0  startup_at32f435_437.o(.text)
    OTGFS2_IRQHandler                        0x080002d7   Thumb Code     0  startup_at32f435_437.o(.text)
    OTGFS2_WKUP_IRQHandler                   0x080002d7   Thumb Code     0  startup_at32f435_437.o(.text)
    PVM_IRQHandler                           0x080002d7   Thumb Code     0  startup_at32f435_437.o(.text)
    QSPI1_IRQHandler                         0x080002d7   Thumb Code     0  startup_at32f435_437.o(.text)
    QSPI2_IRQHandler                         0x080002d7   Thumb Code     0  startup_at32f435_437.o(.text)
    SDIO1_IRQHandler                         0x080002d7   Thumb Code     0  startup_at32f435_437.o(.text)
    SDIO2_IRQHandler                         0x080002d7   Thumb Code     0  startup_at32f435_437.o(.text)
    SPI1_IRQHandler                          0x080002d7   Thumb Code     0  startup_at32f435_437.o(.text)
    SPI2_I2S2EXT_IRQHandler                  0x080002d7   Thumb Code     0  startup_at32f435_437.o(.text)
    SPI3_I2S3EXT_IRQHandler                  0x080002d7   Thumb Code     0  startup_at32f435_437.o(.text)
    SPI4_IRQHandler                          0x080002d7   Thumb Code     0  startup_at32f435_437.o(.text)
    TAMP_STAMP_IRQHandler                    0x080002d7   Thumb Code     0  startup_at32f435_437.o(.text)
    TMR1_BRK_TMR9_IRQHandler                 0x080002d7   Thumb Code     0  startup_at32f435_437.o(.text)
    TMR1_CH_IRQHandler                       0x080002d7   Thumb Code     0  startup_at32f435_437.o(.text)
    TMR1_OVF_TMR10_IRQHandler                0x080002d7   Thumb Code     0  startup_at32f435_437.o(.text)
    TMR1_TRG_HALL_TMR11_IRQHandler           0x080002d7   Thumb Code     0  startup_at32f435_437.o(.text)
    TMR20_BRK_IRQHandler                     0x080002d7   Thumb Code     0  startup_at32f435_437.o(.text)
    TMR20_CH_IRQHandler                      0x080002d7   Thumb Code     0  startup_at32f435_437.o(.text)
    TMR20_OVF_IRQHandler                     0x080002d7   Thumb Code     0  startup_at32f435_437.o(.text)
    TMR20_TRG_HALL_IRQHandler                0x080002d7   Thumb Code     0  startup_at32f435_437.o(.text)
    TMR2_GLOBAL_IRQHandler                   0x080002d7   Thumb Code     0  startup_at32f435_437.o(.text)
    TMR3_GLOBAL_IRQHandler                   0x080002d7   Thumb Code     0  startup_at32f435_437.o(.text)
    TMR4_GLOBAL_IRQHandler                   0x080002d7   Thumb Code     0  startup_at32f435_437.o(.text)
    TMR5_GLOBAL_IRQHandler                   0x080002d7   Thumb Code     0  startup_at32f435_437.o(.text)
    TMR7_GLOBAL_IRQHandler                   0x080002d7   Thumb Code     0  startup_at32f435_437.o(.text)
    TMR8_BRK_TMR12_IRQHandler                0x080002d7   Thumb Code     0  startup_at32f435_437.o(.text)
    TMR8_CH_IRQHandler                       0x080002d7   Thumb Code     0  startup_at32f435_437.o(.text)
    TMR8_OVF_TMR13_IRQHandler                0x080002d7   Thumb Code     0  startup_at32f435_437.o(.text)
    TMR8_TRG_HALL_TMR14_IRQHandler           0x080002d7   Thumb Code     0  startup_at32f435_437.o(.text)
    UART4_IRQHandler                         0x080002d7   Thumb Code     0  startup_at32f435_437.o(.text)
    UART5_IRQHandler                         0x080002d7   Thumb Code     0  startup_at32f435_437.o(.text)
    UART7_IRQHandler                         0x080002d7   Thumb Code     0  startup_at32f435_437.o(.text)
    UART8_IRQHandler                         0x080002d7   Thumb Code     0  startup_at32f435_437.o(.text)
    USART2_IRQHandler                        0x080002d7   Thumb Code     0  startup_at32f435_437.o(.text)
    USART6_IRQHandler                        0x080002d7   Thumb Code     0  startup_at32f435_437.o(.text)
    WWDT_IRQHandler                          0x080002d7   Thumb Code     0  startup_at32f435_437.o(.text)
    XMC_IRQHandler                           0x080002d7   Thumb Code     0  startup_at32f435_437.o(.text)
    __user_initial_stackheap                 0x080002d9   Thumb Code     0  startup_at32f435_437.o(.text)
    __use_no_semihosting                     0x080002fd   Thumb Code     2  use_no_semi_2.o(.text)
    __aeabi_uldivmod                         0x080002ff   Thumb Code     0  lludivv7m.o(.text)
    _ll_udiv                                 0x080002ff   Thumb Code   238  lludivv7m.o(.text)
    __2printf                                0x080003ed   Thumb Code    20  noretval__2printf.o(.text)
    __2sprintf                               0x08000405   Thumb Code    34  noretval__2sprintf.o(.text)
    __printf                                 0x0800042d   Thumb Code   104  __printf.o(.text)
    _printf_str                              0x08000495   Thumb Code    82  _printf_str.o(.text)
    _printf_int_dec                          0x080004e9   Thumb Code   104  _printf_dec.o(.text)
    strstr                                   0x08000561   Thumb Code    36  strstr.o(.text)
    strlen                                   0x08000585   Thumb Code    62  strlen.o(.text)
    __aeabi_memcpy4                          0x080005c3   Thumb Code     0  rt_memcpy_w.o(.text)
    __aeabi_memcpy8                          0x080005c3   Thumb Code     0  rt_memcpy_w.o(.text)
    __rt_memcpy_w                            0x080005c3   Thumb Code   100  rt_memcpy_w.o(.text)
    _memcpy_lastbytes_aligned                0x0800060b   Thumb Code     0  rt_memcpy_w.o(.text)
    __use_two_region_memory                  0x08000627   Thumb Code     2  heapauxi.o(.text)
    __rt_heap_escrow$2region                 0x08000629   Thumb Code     2  heapauxi.o(.text)
    __rt_heap_expand$2region                 0x0800062b   Thumb Code     2  heapauxi.o(.text)
    __I$use$semihosting                      0x0800062d   Thumb Code     0  use_no_semi.o(.text)
    __use_no_semihosting_swi                 0x0800062d   Thumb Code     2  use_no_semi.o(.text)
    _printf_int_common                       0x0800062f   Thumb Code   178  _printf_intcommon.o(.text)
    _printf_char_common                      0x080006eb   Thumb Code    32  _printf_char_common.o(.text)
    _sputc                                   0x08000711   Thumb Code    10  _sputc.o(.text)
    _printf_cs_common                        0x0800071b   Thumb Code    20  _printf_char.o(.text)
    _printf_char                             0x0800072f   Thumb Code    16  _printf_char.o(.text)
    _printf_string                           0x0800073f   Thumb Code     8  _printf_char.o(.text)
    _printf_char_file                        0x08000749   Thumb Code    32  _printf_char_file.o(.text)
    ferror                                   0x0800076d   Thumb Code     8  ferror.o(.text)
    __user_setup_stackheap                   0x08000775   Thumb Code    74  sys_stackheap_outer.o(.text)
    exit                                     0x080007bf   Thumb Code    18  exit.o(.text)
    __user_libspace                          0x080007d1   Thumb Code     8  libspace.o(.text)
    __user_perproc_libspace                  0x080007d1   Thumb Code     0  libspace.o(.text)
    __user_perthread_libspace                0x080007d1   Thumb Code     0  libspace.o(.text)
    BEEP_InitHard                            0x080007d9   Thumb Code   214  bsp_beep.o(i.BEEP_InitHard)
    BEEP_KeyTone                             0x080008cd   Thumb Code    14  bsp_beep.o(i.BEEP_KeyTone)
    BEEP_Pro                                 0x080008dd   Thumb Code   168  bsp_beep.o(i.BEEP_Pro)
    BEEP_Start                               0x0800098d   Thumb Code    54  bsp_beep.o(i.BEEP_Start)
    BusFault_Handler                         0x080009cd   Thumb Code     4  at32f435_437_int.o(i.BusFault_Handler)
    DebugMon_Handler                         0x08000a49   Thumb Code     2  at32f435_437_int.o(i.DebugMon_Handler)
    ESP12_PrintRxData                        0x08000a4b   Thumb Code    14  bsp_esp12.o(i.ESP12_PrintRxData)
    ESP12_SendAT                             0x08000a59   Thumb Code    34  bsp_esp12.o(i.ESP12_SendAT)
    ESP12_WaitResponse                       0x08000a81   Thumb Code   114  bsp_esp12.o(i.ESP12_WaitResponse)
    Error_Handler                            0x08000af3   Thumb Code     8  bsp.o(i.Error_Handler)
    HardFault_Handler                        0x08000afb   Thumb Code     4  at32f435_437_int.o(i.HardFault_Handler)
    MemManage_Handler                        0x08000b71   Thumb Code     4  at32f435_437_int.o(i.MemManage_Handler)
    NMI_Handler                              0x08000b75   Thumb Code     2  at32f435_437_int.o(i.NMI_Handler)
    PWM_init                                 0x08000b79   Thumb Code   294  main.o(i.PWM_init)
    PendSV_Handler                           0x08000cb9   Thumb Code     2  at32f435_437_int.o(i.PendSV_Handler)
    SPI_OLED_Init                            0x08000cbd   Thumb Code    64  bsp_oled.o(i.SPI_OLED_Init)
    SVC_Handler                              0x08000d05   Thumb Code     2  at32f435_437_int.o(i.SVC_Handler)
    SysTick_Handler                          0x08000d07   Thumb Code     2  at32f435_437_int.o(i.SysTick_Handler)
    SystemInit                               0x08000d09   Thumb Code   128  system_at32f435_437.o(i.SystemInit)
    TMR6_DAC_GLOBAL_IRQHandler               0x08000d99   Thumb Code   122  bsp_timer.o(i.TMR6_DAC_GLOBAL_IRQHandler)
    USART1_IRQHandler                        0x08000e31   Thumb Code    40  bsp.o(i.USART1_IRQHandler)
    USART3_IRQHandler                        0x08000e61   Thumb Code    10  bsp_uart.o(i.USART3_IRQHandler)
    UsageFault_Handler                       0x08001099   Thumb Code     4  at32f435_437_int.o(i.UsageFault_Handler)
    _sys_exit                                0x080010a9   Thumb Code     4  bsp.o(i._sys_exit)
    adc_base_config                          0x080010ad   Thumb Code    44  at32f435_437_adc.o(i.adc_base_config)
    adc_base_default_para_init               0x080010d9   Thumb Code    14  at32f435_437_adc.o(i.adc_base_default_para_init)
    adc_calibration_init                     0x080010e7   Thumb Code    12  at32f435_437_adc.o(i.adc_calibration_init)
    adc_calibration_init_status_get          0x080010f3   Thumb Code    18  at32f435_437_adc.o(i.adc_calibration_init_status_get)
    adc_calibration_start                    0x08001105   Thumb Code    12  at32f435_437_adc.o(i.adc_calibration_start)
    adc_calibration_status_get               0x08001111   Thumb Code    18  at32f435_437_adc.o(i.adc_calibration_status_get)
    adc_common_config                        0x08001125   Thumb Code   154  at32f435_437_adc.o(i.adc_common_config)
    adc_common_default_para_init             0x080011c9   Thumb Code    18  at32f435_437_adc.o(i.adc_common_default_para_init)
    adc_config                               0x080011dd   Thumb Code   264  bsp.o(i.adc_config)
    adc_dma_mode_enable                      0x080012f1   Thumb Code    10  at32f435_437_adc.o(i.adc_dma_mode_enable)
    adc_dma_request_repeat_enable            0x080012fb   Thumb Code    10  at32f435_437_adc.o(i.adc_dma_request_repeat_enable)
    adc_enable                               0x08001305   Thumb Code    10  at32f435_437_adc.o(i.adc_enable)
    adc_flag_get                             0x0800130f   Thumb Code    16  at32f435_437_adc.o(i.adc_flag_get)
    adc_interrupt_enable                     0x0800131f   Thumb Code    22  at32f435_437_adc.o(i.adc_interrupt_enable)
    adc_occe_each_conversion_enable          0x08001335   Thumb Code    10  at32f435_437_adc.o(i.adc_occe_each_conversion_enable)
    adc_ordinary_channel_set                 0x0800133f   Thumb Code   168  at32f435_437_adc.o(i.adc_ordinary_channel_set)
    adc_ordinary_conversion_data_get         0x080013e7   Thumb Code     8  at32f435_437_adc.o(i.adc_ordinary_conversion_data_get)
    adc_ordinary_conversion_trigger_set      0x080013ef   Thumb Code    52  at32f435_437_adc.o(i.adc_ordinary_conversion_trigger_set)
    adc_ordinary_software_trigger_enable     0x08001423   Thumb Code    10  at32f435_437_adc.o(i.adc_ordinary_software_trigger_enable)
    adc_resolution_set                       0x0800142d   Thumb Code    10  at32f435_437_adc.o(i.adc_resolution_set)
    analogRead                               0x08001439   Thumb Code    32  bsp.o(i.analogRead)
    at32_led_init                            0x0800145d   Thumb Code    68  bsp.o(i.at32_led_init)
    at32_led_off                             0x080014ad   Thumb Code    32  bsp.o(i.at32_led_off)
    at32_led_on                              0x080014d5   Thumb Code    32  bsp.o(i.at32_led_on)
    at32_led_toggle                          0x080014fd   Thumb Code    42  bsp.o(i.at32_led_toggle)
    bsp_CheckTimer                           0x08001531   Thumb Code    48  bsp_timer.o(i.bsp_CheckTimer)
    bsp_GetKey                               0x08001631   Thumb Code    46  bsp_key.o(i.bsp_GetKey)
    bsp_Idle                                 0x08001665   Thumb Code     2  bsp.o(i.bsp_Idle)
    bsp_Init                                 0x08001667   Thumb Code    68  bsp.o(i.bsp_Init)
    bsp_InitKey                              0x080016ab   Thumb Code    12  bsp_key.o(i.bsp_InitKey)
    bsp_InitTimer                            0x08001799   Thumb Code    62  bsp_timer.o(i.bsp_InitTimer)
    bsp_InitUart                             0x080017dd   Thumb Code    16  bsp_uart.o(i.bsp_InitUart)
    bsp_KeyScan10ms                          0x080017ed   Thumb Code    22  bsp_key.o(i.bsp_KeyScan10ms)
    bsp_PutKey                               0x08001805   Thumb Code    28  bsp_key.o(i.bsp_PutKey)
    bsp_RunPer10ms                           0x08001825   Thumb Code    12  bsp.o(i.bsp_RunPer10ms)
    bsp_RunPer1ms                            0x08001831   Thumb Code     2  bsp.o(i.bsp_RunPer1ms)
    bsp_SetKeyParam                          0x08001835   Thumb Code    30  bsp_key.o(i.bsp_SetKeyParam)
    bsp_StartTimer                           0x08001875   Thumb Code    80  bsp_timer.o(i.bsp_StartTimer)
    comGetChar                               0x08001911   Thumb Code    30  bsp_uart.o(i.comGetChar)
    comSendBuf                               0x0800192f   Thumb Code    46  bsp_uart.o(i.comSendBuf)
    comSendChar                              0x0800195d   Thumb Code    16  bsp_uart.o(i.comSendChar)
    crm_ahb_div_set                          0x0800196d   Thumb Code    14  at32f435_437_crm.o(i.crm_ahb_div_set)
    crm_apb1_div_set                         0x08001981   Thumb Code    14  at32f435_437_crm.o(i.crm_apb1_div_set)
    crm_apb2_div_set                         0x08001995   Thumb Code    14  at32f435_437_crm.o(i.crm_apb2_div_set)
    crm_auto_step_mode_enable                0x080019a9   Thumb Code    34  at32f435_437_crm.o(i.crm_auto_step_mode_enable)
    crm_clock_source_enable                  0x080019d1   Thumb Code    98  at32f435_437_crm.o(i.crm_clock_source_enable)
    crm_clocks_freq_get                      0x08001a39   Thumb Code   242  at32f435_437_crm.o(i.crm_clocks_freq_get)
    crm_flag_get                             0x08001b49   Thumb Code    44  at32f435_437_crm.o(i.crm_flag_get)
    crm_hext_stable_wait                     0x08001b79   Thumb Code    46  at32f435_437_crm.o(i.crm_hext_stable_wait)
    crm_periph_clock_enable                  0x08001ba9   Thumb Code    70  at32f435_437_crm.o(i.crm_periph_clock_enable)
    crm_periph_reset                         0x08001bf5   Thumb Code    70  at32f435_437_crm.o(i.crm_periph_reset)
    crm_pll_config                           0x08001c41   Thumb Code    68  at32f435_437_crm.o(i.crm_pll_config)
    crm_reset                                0x08001c89   Thumb Code   106  at32f435_437_crm.o(i.crm_reset)
    crm_sysclk_switch                        0x08001d01   Thumb Code    54  at32f435_437_crm.o(i.crm_sysclk_switch)
    crm_sysclk_switch_status_get             0x08001d3d   Thumb Code    10  at32f435_437_crm.o(i.crm_sysclk_switch_status_get)
    delay_init                               0x08001d4d   Thumb Code    38  bsp.o(i.delay_init)
    delay_ms                                 0x08001d85   Thumb Code    24  bsp_timer.o(i.delay_ms)
    dma_init                                 0x08001da1   Thumb Code    98  at32f435_437_dma.o(i.dma_init)
    eep_read                                 0x08001e05   Thumb Code    32  bsp.eep_lm75.o(i.eep_read)
    eep_write                                0x08001e29   Thumb Code    32  bsp.eep_lm75.o(i.eep_write)
    esp12_uart_init                          0x08001e4d   Thumb Code   190  bsp_uart.o(i.esp12_uart_init)
    fputc                                    0x08001f21   Thumb Code    32  bsp.o(i.fputc)
    gpio_bits_write                          0x08001f45   Thumb Code    10  at32f435_437_gpio.o(i.gpio_bits_write)
    gpio_default_para_init                   0x08001f4f   Thumb Code    20  at32f435_437_gpio.o(i.gpio_default_para_init)
    gpio_init                                0x08001f63   Thumb Code   122  at32f435_437_gpio.o(i.gpio_init)
    gpio_pin_mux_config                      0x08001fdd   Thumb Code    66  at32f435_437_gpio.o(i.gpio_pin_mux_config)
    i2c_config                               0x0800201f   Thumb Code    26  i2c_application.o(i.i2c_config)
    i2c_data_receive                         0x08002039   Thumb Code     8  at32f435_437_i2c.o(i.i2c_data_receive)
    i2c_data_send                            0x08002041   Thumb Code     4  at32f435_437_i2c.o(i.i2c_data_send)
    i2c_enable                               0x08002045   Thumb Code    10  at32f435_437_i2c.o(i.i2c_enable)
    i2c_flag_clear                           0x0800204f   Thumb Code     4  at32f435_437_i2c.o(i.i2c_flag_clear)
    i2c_flag_get                             0x08002053   Thumb Code    16  at32f435_437_i2c.o(i.i2c_flag_get)
    i2c_init                                 0x08002063   Thumb Code    20  at32f435_437_i2c.o(i.i2c_init)
    i2c_lowlevel_init                        0x08002079   Thumb Code   210  bsp.eep_lm75.o(i.i2c_lowlevel_init)
    i2c_memory_address_send                  0x08002161   Thumb Code    68  i2c_application.o(i.i2c_memory_address_send)
    i2c_memory_read                          0x080021a5   Thumb Code   262  i2c_application.o(i.i2c_memory_read)
    i2c_memory_write                         0x080022ab   Thumb Code   240  i2c_application.o(i.i2c_memory_write)
    i2c_own_address1_set                     0x0800239b   Thumb Code    30  at32f435_437_i2c.o(i.i2c_own_address1_set)
    i2c_reset                                0x080023b9   Thumb Code    84  at32f435_437_i2c.o(i.i2c_reset)
    i2c_reset_ctrl2_register                 0x0800241d   Thumb Code    62  i2c_application.o(i.i2c_reset_ctrl2_register)
    i2c_start_transfer                       0x0800245b   Thumb Code    62  i2c_application.o(i.i2c_start_transfer)
    i2c_transmit_set                         0x08002499   Thumb Code    28  at32f435_437_i2c.o(i.i2c_transmit_set)
    i2c_wait_flag                            0x080024b9   Thumb Code   148  i2c_application.o(i.i2c_wait_flag)
    ic2_init                                 0x0800254d   Thumb Code    16  bsp.eep_lm75.o(i.ic2_init)
    lm75_read                                0x08002565   Thumb Code    34  bsp.eep_lm75.o(i.lm75_read)
    main                                     0x08002591   Thumb Code   182  main.o(i.main)
    nvic_irq_enable                          0x08002685   Thumb Code   190  at32f435_437_misc.o(i.nvic_irq_enable)
    nvic_priority_group_config               0x0800274d   Thumb Code    32  at32f435_437_misc.o(i.nvic_priority_group_config)
    oledClear                                0x08002775   Thumb Code    64  bsp_oled.o(i.oledClear)
    oledInit                                 0x080027b5   Thumb Code   294  bsp_oled.o(i.oledInit)
    oledSetPos                               0x080028e1   Thumb Code    42  bsp_oled.o(i.oledSetPos)
    oledShowChar                             0x0800290d   Thumb Code   106  bsp_oled.o(i.oledShowChar)
    oledShowString                           0x0800297d   Thumb Code    54  bsp_oled.o(i.oledShowString)
    oledWriteByte                            0x080029b5   Thumb Code    72  bsp_oled.o(i.oledWriteByte)
    parse_command                            0x08002abd   Thumb Code    90  main.o(i.parse_command)
    process_received_data                    0x08002b31   Thumb Code   184  main.o(i.process_received_data)
    send_heartbeat                           0x08002c09   Thumb Code   132  main.o(i.send_heartbeat)
    spi_default_para_init                    0x08002d1d   Thumb Code    22  at32f435_437_spi.o(i.spi_default_para_init)
    spi_enable                               0x08002d33   Thumb Code    10  at32f435_437_spi.o(i.spi_enable)
    spi_i2s_data_transmit                    0x08002d3d   Thumb Code     4  at32f435_437_spi.o(i.spi_i2s_data_transmit)
    spi_i2s_flag_get                         0x08002d41   Thumb Code    16  at32f435_437_spi.o(i.spi_i2s_flag_get)
    spi_init                                 0x08002d51   Thumb Code   344  at32f435_437_spi.o(i.spi_init)
    spitransferByte                          0x08002ea9   Thumb Code    28  bsp_oled.o(i.spitransferByte)
    system_clock_config                      0x08002ec9   Thumb Code   144  at32f435_437_clock.o(i.system_clock_config)
    system_core_clock_update                 0x08002f65   Thumb Code   214  system_at32f435_437.o(i.system_core_clock_update)
    systick_clock_source_config              0x08003055   Thumb Code    40  at32f435_437_misc.o(i.systick_clock_source_config)
    timer6_init                              0x0800307d   Thumb Code    92  bsp_timer.o(i.timer6_init)
    tlink_init                               0x080030e1   Thumb Code   322  main.o(i.tlink_init)
    tmr_base_init                            0x08003349   Thumb Code    16  at32f435_437_tmr.o(i.tmr_base_init)
    tmr_channel_value_set                    0x08003359   Thumb Code    46  at32f435_437_tmr.o(i.tmr_channel_value_set)
    tmr_clock_source_div_set                 0x08003387   Thumb Code    10  at32f435_437_tmr.o(i.tmr_clock_source_div_set)
    tmr_cnt_dir_set                          0x08003391   Thumb Code    10  at32f435_437_tmr.o(i.tmr_cnt_dir_set)
    tmr_counter_enable                       0x0800339b   Thumb Code    10  at32f435_437_tmr.o(i.tmr_counter_enable)
    tmr_flag_clear                           0x080033a5   Thumb Code     6  at32f435_437_tmr.o(i.tmr_flag_clear)
    tmr_flag_get                             0x080033ab   Thumb Code    18  at32f435_437_tmr.o(i.tmr_flag_get)
    tmr_interrupt_enable                     0x080033bd   Thumb Code    22  at32f435_437_tmr.o(i.tmr_interrupt_enable)
    tmr_output_channel_buffer_enable         0x080033d3   Thumb Code    76  at32f435_437_tmr.o(i.tmr_output_channel_buffer_enable)
    tmr_output_channel_config                0x0800341f   Thumb Code   434  at32f435_437_tmr.o(i.tmr_output_channel_config)
    tmr_output_default_para_init             0x080035d1   Thumb Code    18  at32f435_437_tmr.o(i.tmr_output_default_para_init)
    tmr_output_enable                        0x080035e3   Thumb Code    10  at32f435_437_tmr.o(i.tmr_output_enable)
    tmr_period_buffer_enable                 0x080035ed   Thumb Code    10  at32f435_437_tmr.o(i.tmr_period_buffer_enable)
    uart_print_init                          0x080035f9   Thumb Code   182  bsp.o(i.uart_print_init)
    usart_data_receive                       0x080036c5   Thumb Code     8  at32f435_437_usart.o(i.usart_data_receive)
    usart_data_transmit                      0x080036cd   Thumb Code     8  at32f435_437_usart.o(i.usart_data_transmit)
    usart_enable                             0x080036d5   Thumb Code    10  at32f435_437_usart.o(i.usart_enable)
    usart_flag_get                           0x080036df   Thumb Code    16  at32f435_437_usart.o(i.usart_flag_get)
    usart_init                               0x080036f1   Thumb Code   162  at32f435_437_usart.o(i.usart_init)
    usart_interrupt_enable                   0x0800379d   Thumb Code    54  at32f435_437_usart.o(i.usart_interrupt_enable)
    usart_receiver_enable                    0x080037d3   Thumb Code    10  at32f435_437_usart.o(i.usart_receiver_enable)
    usart_transmitter_enable                 0x080037dd   Thumb Code    10  at32f435_437_usart.o(i.usart_transmitter_enable)
    _fp_init                                 0x080037e7   Thumb Code    10  fpinit.o(x$fpl$fpinit)
    __fplib_config_fpu_vfp                   0x080037ef   Thumb Code     0  fpinit.o(x$fpl$fpinit)
    __fplib_config_pureend_doubles           0x080037ef   Thumb Code     0  fpinit.o(x$fpl$fpinit)
    F6x8                                     0x08003860   Data         552  bsp_oledfont.o(.constdata)
    F8X16                                    0x08003a88   Data        1520  bsp_oledfont.o(.constdata)
    chinese_12_len                           0x08004078   Data           1  bsp_oledfont.o(.constdata)
    chinese_12                               0x08004079   Data         130  bsp_oledfont.o(.constdata)
    Region$$Table$$Base                      0x08004138   Number         0  anon$$obj.o(Region$$Table)
    Region$$Table$$Limit                     0x08004158   Number         0  anon$$obj.o(Region$$Table)
    tmr_oc_init_structure                    0x20000000   Data           7  main.o(.data)
    temValue                                 0x20000008   Data           4  main.o(.data)
    adcValue                                 0x2000000c   Data           4  main.o(.data)
    airCtrl                                  0x20000010   Data           4  main.o(.data)
    lightCtrl                                0x20000014   Data           4  main.o(.data)
    heartbeat_sent                           0x20000018   Data           1  main.o(.data)
    command_index                            0x2000001c   Data           4  main.o(.data)
    command_ready                            0x20000020   Data           4  main.o(.data)
    eep_write_buf                            0x20000028   Data          16  bsp.eep_lm75.o(.data)
    lm75_buf                                 0x20000038   Data           8  bsp.eep_lm75.o(.data)
    led_gpio_port                            0x20000040   Data          12  bsp.o(.data)
    led_gpio_pin                             0x2000004c   Data           6  bsp.o(.data)
    led_gpio_crm_clk                         0x20000054   Data          12  bsp.o(.data)
    __stdout                                 0x20000068   Data           4  bsp.o(.data)
    systick_ms                               0x20000070   Data           4  bsp_timer.o(.data)
    debug_timerTick                          0x20000074   Data           4  bsp_timer.o(.data)
    system_core_clock                        0x20000090   Data           4  system_at32f435_437.o(.data)
    command_buffer                           0x20000094   Data          20  main.o(.bss)
    hi2cx                                    0x200000a8   Data          52  bsp.eep_lm75.o(.bss)
    eep_read_buf                             0x200000dc   Data          16  bsp.eep_lm75.o(.bss)
    g_tBeep                                  0x200000ec   Data          14  bsp_beep.o(.bss)
    crm_clocks_freq_struct                   0x200001bc   Data          16  bsp_timer.o(.bss)
    __libspace_start                         0x200009f8   Data          96  libspace.o(.bss)
    __temporary_stack_top$libspace           0x20000a58   Data           0  libspace.o(.bss)



==============================================================================

Memory Map of the image

  Image Entry point : 0x0800020d

  Load Region LR_IROM1 (Base: 0x08000000, Size: 0x000041ec, Max: 0x00100000, ABSOLUTE)

    Execution Region ER_IROM1 (Exec base: 0x08000000, Load base: 0x08000000, Size: 0x00004158, Max: 0x00100000, ABSOLUTE)

    Exec Addr    Load Addr    Size         Type   Attr      Idx    E Section Name        Object

    0x08000000   0x08000000   0x0000020c   Data   RO         3818    RESET               startup_at32f435_437.o
    0x0800020c   0x0800020c   0x00000008   Code   RO         3878  * !!!main             c_w.l(__main.o)
    0x08000214   0x08000214   0x00000034   Code   RO         4060    !!!scatter          c_w.l(__scatter.o)
    0x08000248   0x08000248   0x0000001a   Code   RO         4062    !!handler_copy      c_w.l(__scatter_copy.o)
    0x08000262   0x08000262   0x00000002   PAD
    0x08000264   0x08000264   0x0000001c   Code   RO         4064    !!handler_zi        c_w.l(__scatter_zi.o)
    0x08000280   0x08000280   0x00000000   Code   RO         3865    .ARM.Collect$$_printf_percent$$00000000  c_w.l(_printf_percent.o)
    0x08000280   0x08000280   0x00000006   Code   RO         3864    .ARM.Collect$$_printf_percent$$00000009  c_w.l(_printf_d.o)
    0x08000286   0x08000286   0x00000006   Code   RO         3863    .ARM.Collect$$_printf_percent$$00000014  c_w.l(_printf_s.o)
    0x0800028c   0x0800028c   0x00000004   Code   RO         3897    .ARM.Collect$$_printf_percent$$00000017  c_w.l(_printf_percent_end.o)
    0x08000290   0x08000290   0x00000002   Code   RO         3934    .ARM.Collect$$libinit$$00000000  c_w.l(libinit.o)
    0x08000292   0x08000292   0x00000004   Code   RO         3946    .ARM.Collect$$libinit$$00000001  c_w.l(libinit2.o)
    0x08000296   0x08000296   0x00000000   Code   RO         3949    .ARM.Collect$$libinit$$00000004  c_w.l(libinit2.o)
    0x08000296   0x08000296   0x00000000   Code   RO         3952    .ARM.Collect$$libinit$$0000000A  c_w.l(libinit2.o)
    0x08000296   0x08000296   0x00000000   Code   RO         3954    .ARM.Collect$$libinit$$0000000C  c_w.l(libinit2.o)
    0x08000296   0x08000296   0x00000000   Code   RO         3956    .ARM.Collect$$libinit$$0000000E  c_w.l(libinit2.o)
    0x08000296   0x08000296   0x00000000   Code   RO         3959    .ARM.Collect$$libinit$$00000011  c_w.l(libinit2.o)
    0x08000296   0x08000296   0x00000000   Code   RO         3961    .ARM.Collect$$libinit$$00000013  c_w.l(libinit2.o)
    0x08000296   0x08000296   0x00000000   Code   RO         3963    .ARM.Collect$$libinit$$00000015  c_w.l(libinit2.o)
    0x08000296   0x08000296   0x00000000   Code   RO         3965    .ARM.Collect$$libinit$$00000017  c_w.l(libinit2.o)
    0x08000296   0x08000296   0x00000000   Code   RO         3967    .ARM.Collect$$libinit$$00000019  c_w.l(libinit2.o)
    0x08000296   0x08000296   0x00000000   Code   RO         3969    .ARM.Collect$$libinit$$0000001B  c_w.l(libinit2.o)
    0x08000296   0x08000296   0x00000000   Code   RO         3971    .ARM.Collect$$libinit$$0000001D  c_w.l(libinit2.o)
    0x08000296   0x08000296   0x00000000   Code   RO         3973    .ARM.Collect$$libinit$$0000001F  c_w.l(libinit2.o)
    0x08000296   0x08000296   0x00000000   Code   RO         3975    .ARM.Collect$$libinit$$00000021  c_w.l(libinit2.o)
    0x08000296   0x08000296   0x00000000   Code   RO         3977    .ARM.Collect$$libinit$$00000023  c_w.l(libinit2.o)
    0x08000296   0x08000296   0x00000000   Code   RO         3979    .ARM.Collect$$libinit$$00000025  c_w.l(libinit2.o)
    0x08000296   0x08000296   0x00000000   Code   RO         3983    .ARM.Collect$$libinit$$0000002C  c_w.l(libinit2.o)
    0x08000296   0x08000296   0x00000000   Code   RO         3985    .ARM.Collect$$libinit$$0000002E  c_w.l(libinit2.o)
    0x08000296   0x08000296   0x00000000   Code   RO         3987    .ARM.Collect$$libinit$$00000030  c_w.l(libinit2.o)
    0x08000296   0x08000296   0x00000000   Code   RO         3989    .ARM.Collect$$libinit$$00000032  c_w.l(libinit2.o)
    0x08000296   0x08000296   0x00000002   Code   RO         3990    .ARM.Collect$$libinit$$00000033  c_w.l(libinit2.o)
    0x08000298   0x08000298   0x00000002   Code   RO         4014    .ARM.Collect$$libshutdown$$00000000  c_w.l(libshutdown.o)
    0x0800029a   0x0800029a   0x00000000   Code   RO         4040    .ARM.Collect$$libshutdown$$00000002  c_w.l(libshutdown2.o)
    0x0800029a   0x0800029a   0x00000000   Code   RO         4042    .ARM.Collect$$libshutdown$$00000004  c_w.l(libshutdown2.o)
    0x0800029a   0x0800029a   0x00000000   Code   RO         4044    .ARM.Collect$$libshutdown$$00000006  c_w.l(libshutdown2.o)
    0x0800029a   0x0800029a   0x00000000   Code   RO         4047    .ARM.Collect$$libshutdown$$00000009  c_w.l(libshutdown2.o)
    0x0800029a   0x0800029a   0x00000000   Code   RO         4050    .ARM.Collect$$libshutdown$$0000000C  c_w.l(libshutdown2.o)
    0x0800029a   0x0800029a   0x00000000   Code   RO         4052    .ARM.Collect$$libshutdown$$0000000E  c_w.l(libshutdown2.o)
    0x0800029a   0x0800029a   0x00000000   Code   RO         4055    .ARM.Collect$$libshutdown$$00000011  c_w.l(libshutdown2.o)
    0x0800029a   0x0800029a   0x00000002   Code   RO         4056    .ARM.Collect$$libshutdown$$00000012  c_w.l(libshutdown2.o)
    0x0800029c   0x0800029c   0x00000000   Code   RO         3882    .ARM.Collect$$rtentry$$00000000  c_w.l(__rtentry.o)
    0x0800029c   0x0800029c   0x00000000   Code   RO         3899    .ARM.Collect$$rtentry$$00000002  c_w.l(__rtentry2.o)
    0x0800029c   0x0800029c   0x00000006   Code   RO         3911    .ARM.Collect$$rtentry$$00000004  c_w.l(__rtentry4.o)
    0x080002a2   0x080002a2   0x00000000   Code   RO         3901    .ARM.Collect$$rtentry$$00000009  c_w.l(__rtentry2.o)
    0x080002a2   0x080002a2   0x00000004   Code   RO         3902    .ARM.Collect$$rtentry$$0000000A  c_w.l(__rtentry2.o)
    0x080002a6   0x080002a6   0x00000000   Code   RO         3904    .ARM.Collect$$rtentry$$0000000C  c_w.l(__rtentry2.o)
    0x080002a6   0x080002a6   0x00000008   Code   RO         3905    .ARM.Collect$$rtentry$$0000000D  c_w.l(__rtentry2.o)
    0x080002ae   0x080002ae   0x00000002   Code   RO         3938    .ARM.Collect$$rtexit$$00000000  c_w.l(rtexit.o)
    0x080002b0   0x080002b0   0x00000000   Code   RO         3992    .ARM.Collect$$rtexit$$00000002  c_w.l(rtexit2.o)
    0x080002b0   0x080002b0   0x00000004   Code   RO         3993    .ARM.Collect$$rtexit$$00000003  c_w.l(rtexit2.o)
    0x080002b4   0x080002b4   0x00000006   Code   RO         3994    .ARM.Collect$$rtexit$$00000004  c_w.l(rtexit2.o)
    0x080002ba   0x080002ba   0x00000002   PAD
    0x080002bc   0x080002bc   0x00000040   Code   RO         3819    .text               startup_at32f435_437.o
    0x080002fc   0x080002fc   0x00000002   Code   RO         3825    .text               c_w.l(use_no_semi_2.o)
    0x080002fe   0x080002fe   0x000000ee   Code   RO         3827    .text               c_w.l(lludivv7m.o)
    0x080003ec   0x080003ec   0x00000018   Code   RO         3833    .text               c_w.l(noretval__2printf.o)
    0x08000404   0x08000404   0x00000028   Code   RO         3835    .text               c_w.l(noretval__2sprintf.o)
    0x0800042c   0x0800042c   0x00000068   Code   RO         3837    .text               c_w.l(__printf.o)
    0x08000494   0x08000494   0x00000052   Code   RO         3839    .text               c_w.l(_printf_str.o)
    0x080004e6   0x080004e6   0x00000002   PAD
    0x080004e8   0x080004e8   0x00000078   Code   RO         3841    .text               c_w.l(_printf_dec.o)
    0x08000560   0x08000560   0x00000024   Code   RO         3866    .text               c_w.l(strstr.o)
    0x08000584   0x08000584   0x0000003e   Code   RO         3870    .text               c_w.l(strlen.o)
    0x080005c2   0x080005c2   0x00000064   Code   RO         3872    .text               c_w.l(rt_memcpy_w.o)
    0x08000626   0x08000626   0x00000006   Code   RO         3876    .text               c_w.l(heapauxi.o)
    0x0800062c   0x0800062c   0x00000002   Code   RO         3880    .text               c_w.l(use_no_semi.o)
    0x0800062e   0x0800062e   0x000000b2   Code   RO         3887    .text               c_w.l(_printf_intcommon.o)
    0x080006e0   0x080006e0   0x00000030   Code   RO         3889    .text               c_w.l(_printf_char_common.o)
    0x08000710   0x08000710   0x0000000a   Code   RO         3891    .text               c_w.l(_sputc.o)
    0x0800071a   0x0800071a   0x0000002c   Code   RO         3893    .text               c_w.l(_printf_char.o)
    0x08000746   0x08000746   0x00000002   PAD
    0x08000748   0x08000748   0x00000024   Code   RO         3895    .text               c_w.l(_printf_char_file.o)
    0x0800076c   0x0800076c   0x00000008   Code   RO         3917    .text               c_w.l(ferror.o)
    0x08000774   0x08000774   0x0000004a   Code   RO         3921    .text               c_w.l(sys_stackheap_outer.o)
    0x080007be   0x080007be   0x00000012   Code   RO         3923    .text               c_w.l(exit.o)
    0x080007d0   0x080007d0   0x00000008   Code   RO         3935    .text               c_w.l(libspace.o)
    0x080007d8   0x080007d8   0x000000f4   Code   RO          774    i.BEEP_InitHard     bsp_beep.o
    0x080008cc   0x080008cc   0x0000000e   Code   RO          775    i.BEEP_KeyTone      bsp_beep.o
    0x080008da   0x080008da   0x00000002   PAD
    0x080008dc   0x080008dc   0x000000b0   Code   RO          777    i.BEEP_Pro          bsp_beep.o
    0x0800098c   0x0800098c   0x00000040   Code   RO          780    i.BEEP_Start        bsp_beep.o
    0x080009cc   0x080009cc   0x00000004   Code   RO          150    i.BusFault_Handler  at32f435_437_int.o
    0x080009d0   0x080009d0   0x00000078   Code   RO         1043    i.ComToUart         bsp_uart.o
    0x08000a48   0x08000a48   0x00000002   Code   RO          151    i.DebugMon_Handler  at32f435_437_int.o
    0x08000a4a   0x08000a4a   0x0000000e   Code   RO         1158    i.ESP12_PrintRxData  bsp_esp12.o
    0x08000a58   0x08000a58   0x00000028   Code   RO         1161    i.ESP12_SendAT      bsp_esp12.o
    0x08000a80   0x08000a80   0x00000072   Code   RO         1166    i.ESP12_WaitResponse  bsp_esp12.o
    0x08000af2   0x08000af2   0x00000008   Code   RO          641    i.Error_Handler     bsp.o
    0x08000afa   0x08000afa   0x00000004   Code   RO          152    i.HardFault_Handler  at32f435_437_int.o
    0x08000afe   0x08000afe   0x0000003e   Code   RO          844    i.IsKeyDownFunc     bsp_key.o
    0x08000b3c   0x08000b3c   0x00000034   Code   RO          845    i.KeyPinActive      bsp_key.o
    0x08000b70   0x08000b70   0x00000004   Code   RO          153    i.MemManage_Handler  at32f435_437_int.o
    0x08000b74   0x08000b74   0x00000002   Code   RO          154    i.NMI_Handler       at32f435_437_int.o
    0x08000b76   0x08000b76   0x00000002   PAD
    0x08000b78   0x08000b78   0x00000140   Code   RO          225    i.PWM_init          main.o
    0x08000cb8   0x08000cb8   0x00000002   Code   RO          155    i.PendSV_Handler    at32f435_437_int.o
    0x08000cba   0x08000cba   0x00000002   PAD
    0x08000cbc   0x08000cbc   0x00000048   Code   RO         1542    i.SPI_OLED_Init     bsp_oled.o
    0x08000d04   0x08000d04   0x00000002   Code   RO          156    i.SVC_Handler       at32f435_437_int.o
    0x08000d06   0x08000d06   0x00000002   Code   RO          157    i.SysTick_Handler   at32f435_437_int.o
    0x08000d08   0x08000d08   0x00000090   Code   RO         3782    i.SystemInit        system_at32f435_437.o
    0x08000d98   0x08000d98   0x00000098   Code   RO          955    i.TMR6_DAC_GLOBAL_IRQHandler  bsp_timer.o
    0x08000e30   0x08000e30   0x00000030   Code   RO          642    i.USART1_IRQHandler  bsp.o
    0x08000e60   0x08000e60   0x00000010   Code   RO         1044    i.USART3_IRQHandler  bsp_uart.o
    0x08000e70   0x08000e70   0x0000004a   Code   RO         1045    i.UartGetChar       bsp_uart.o
    0x08000eba   0x08000eba   0x00000002   PAD
    0x08000ebc   0x08000ebc   0x00000104   Code   RO         1046    i.UartIRQ           bsp_uart.o
    0x08000fc0   0x08000fc0   0x00000096   Code   RO         1047    i.UartSend          bsp_uart.o
    0x08001056   0x08001056   0x00000002   PAD
    0x08001058   0x08001058   0x00000040   Code   RO         1049    i.UartVarInit       bsp_uart.o
    0x08001098   0x08001098   0x00000004   Code   RO          158    i.UsageFault_Handler  at32f435_437_int.o
    0x0800109c   0x0800109c   0x00000006   Code   RO          956    i.__set_PRIMASK     bsp_timer.o
    0x080010a2   0x080010a2   0x00000006   Code   RO         1050    i.__set_PRIMASK     bsp_uart.o
    0x080010a8   0x080010a8   0x00000004   Code   RO          643    i._sys_exit         bsp.o
    0x080010ac   0x080010ac   0x0000002c   Code   RO         3104    i.adc_base_config   at32f435_437_adc.o
    0x080010d8   0x080010d8   0x0000000e   Code   RO         3105    i.adc_base_default_para_init  at32f435_437_adc.o
    0x080010e6   0x080010e6   0x0000000c   Code   RO         3106    i.adc_calibration_init  at32f435_437_adc.o
    0x080010f2   0x080010f2   0x00000012   Code   RO         3107    i.adc_calibration_init_status_get  at32f435_437_adc.o
    0x08001104   0x08001104   0x0000000c   Code   RO         3108    i.adc_calibration_start  at32f435_437_adc.o
    0x08001110   0x08001110   0x00000012   Code   RO         3109    i.adc_calibration_status_get  at32f435_437_adc.o
    0x08001122   0x08001122   0x00000002   PAD
    0x08001124   0x08001124   0x000000a4   Code   RO         3112    i.adc_common_config  at32f435_437_adc.o
    0x080011c8   0x080011c8   0x00000012   Code   RO         3113    i.adc_common_default_para_init  at32f435_437_adc.o
    0x080011da   0x080011da   0x00000002   PAD
    0x080011dc   0x080011dc   0x00000114   Code   RO          645    i.adc_config        bsp.o
    0x080012f0   0x080012f0   0x0000000a   Code   RO         3116    i.adc_dma_mode_enable  at32f435_437_adc.o
    0x080012fa   0x080012fa   0x0000000a   Code   RO         3117    i.adc_dma_request_repeat_enable  at32f435_437_adc.o
    0x08001304   0x08001304   0x0000000a   Code   RO         3118    i.adc_enable        at32f435_437_adc.o
    0x0800130e   0x0800130e   0x00000010   Code   RO         3120    i.adc_flag_get      at32f435_437_adc.o
    0x0800131e   0x0800131e   0x00000016   Code   RO         3121    i.adc_interrupt_enable  at32f435_437_adc.o
    0x08001334   0x08001334   0x0000000a   Code   RO         3123    i.adc_occe_each_conversion_enable  at32f435_437_adc.o
    0x0800133e   0x0800133e   0x000000a8   Code   RO         3124    i.adc_ordinary_channel_set  at32f435_437_adc.o
    0x080013e6   0x080013e6   0x00000008   Code   RO         3125    i.adc_ordinary_conversion_data_get  at32f435_437_adc.o
    0x080013ee   0x080013ee   0x00000034   Code   RO         3126    i.adc_ordinary_conversion_trigger_set  at32f435_437_adc.o
    0x08001422   0x08001422   0x0000000a   Code   RO         3132    i.adc_ordinary_software_trigger_enable  at32f435_437_adc.o
    0x0800142c   0x0800142c   0x0000000a   Code   RO         3146    i.adc_resolution_set  at32f435_437_adc.o
    0x08001436   0x08001436   0x00000002   PAD
    0x08001438   0x08001438   0x00000024   Code   RO          646    i.analogRead        bsp.o
    0x0800145c   0x0800145c   0x00000050   Code   RO          647    i.at32_led_init     bsp.o
    0x080014ac   0x080014ac   0x00000028   Code   RO          648    i.at32_led_off      bsp.o
    0x080014d4   0x080014d4   0x00000028   Code   RO          649    i.at32_led_on       bsp.o
    0x080014fc   0x080014fc   0x00000034   Code   RO          650    i.at32_led_toggle   bsp.o
    0x08001530   0x08001530   0x00000034   Code   RO          957    i.bsp_CheckTimer    bsp_timer.o
    0x08001564   0x08001564   0x000000cc   Code   RO          849    i.bsp_DetectKey     bsp_key.o
    0x08001630   0x08001630   0x00000034   Code   RO          850    i.bsp_GetKey        bsp_key.o
    0x08001664   0x08001664   0x00000002   Code   RO          651    i.bsp_Idle          bsp.o
    0x08001666   0x08001666   0x00000044   Code   RO          652    i.bsp_Init          bsp.o
    0x080016aa   0x080016aa   0x0000000c   Code   RO          853    i.bsp_InitKey       bsp_key.o
    0x080016b6   0x080016b6   0x00000002   PAD
    0x080016b8   0x080016b8   0x00000068   Code   RO          854    i.bsp_InitKeyHard   bsp_key.o
    0x08001720   0x08001720   0x00000078   Code   RO          855    i.bsp_InitKeyVar    bsp_key.o
    0x08001798   0x08001798   0x00000044   Code   RO          958    i.bsp_InitTimer     bsp_timer.o
    0x080017dc   0x080017dc   0x00000010   Code   RO         1051    i.bsp_InitUart      bsp_uart.o
    0x080017ec   0x080017ec   0x00000016   Code   RO          856    i.bsp_KeyScan10ms   bsp_key.o
    0x08001802   0x08001802   0x00000002   PAD
    0x08001804   0x08001804   0x00000020   Code   RO          858    i.bsp_PutKey        bsp_key.o
    0x08001824   0x08001824   0x0000000c   Code   RO          653    i.bsp_RunPer10ms    bsp.o
    0x08001830   0x08001830   0x00000002   Code   RO          654    i.bsp_RunPer1ms     bsp.o
    0x08001832   0x08001832   0x00000002   PAD
    0x08001834   0x08001834   0x00000024   Code   RO          859    i.bsp_SetKeyParam   bsp_key.o
    0x08001858   0x08001858   0x0000001c   Code   RO          959    i.bsp_SoftTimerDec  bsp_timer.o
    0x08001874   0x08001874   0x0000009c   Code   RO          961    i.bsp_StartTimer    bsp_timer.o
    0x08001910   0x08001910   0x0000001e   Code   RO         1054    i.comGetChar        bsp_uart.o
    0x0800192e   0x0800192e   0x0000002e   Code   RO         1055    i.comSendBuf        bsp_uart.o
    0x0800195c   0x0800195c   0x00000010   Code   RO         1056    i.comSendChar       bsp_uart.o
    0x0800196c   0x0800196c   0x00000014   Code   RO         1779    i.crm_ahb_div_set   at32f435_437_crm.o
    0x08001980   0x08001980   0x00000014   Code   RO         1780    i.crm_apb1_div_set  at32f435_437_crm.o
    0x08001994   0x08001994   0x00000014   Code   RO         1781    i.crm_apb2_div_set  at32f435_437_crm.o
    0x080019a8   0x080019a8   0x00000028   Code   RO         1782    i.crm_auto_step_mode_enable  at32f435_437_crm.o
    0x080019d0   0x080019d0   0x00000068   Code   RO         1789    i.crm_clock_source_enable  at32f435_437_crm.o
    0x08001a38   0x08001a38   0x00000110   Code   RO         1790    i.crm_clocks_freq_get  at32f435_437_crm.o
    0x08001b48   0x08001b48   0x00000030   Code   RO         1795    i.crm_flag_get      at32f435_437_crm.o
    0x08001b78   0x08001b78   0x0000002e   Code   RO         1797    i.crm_hext_stable_wait  at32f435_437_crm.o
    0x08001ba6   0x08001ba6   0x00000002   PAD
    0x08001ba8   0x08001ba8   0x0000004c   Code   RO         1805    i.crm_periph_clock_enable  at32f435_437_crm.o
    0x08001bf4   0x08001bf4   0x0000004c   Code   RO         1807    i.crm_periph_reset  at32f435_437_crm.o
    0x08001c40   0x08001c40   0x00000048   Code   RO         1808    i.crm_pll_config    at32f435_437_crm.o
    0x08001c88   0x08001c88   0x00000078   Code   RO         1810    i.crm_reset         at32f435_437_crm.o
    0x08001d00   0x08001d00   0x0000003c   Code   RO         1811    i.crm_sysclk_switch  at32f435_437_crm.o
    0x08001d3c   0x08001d3c   0x00000010   Code   RO         1812    i.crm_sysclk_switch_status_get  at32f435_437_crm.o
    0x08001d4c   0x08001d4c   0x00000038   Code   RO          655    i.delay_init        bsp.o
    0x08001d84   0x08001d84   0x0000001c   Code   RO          963    i.delay_ms          bsp_timer.o
    0x08001da0   0x08001da0   0x00000062   Code   RO         2679    i.dma_init          at32f435_437_dma.o
    0x08001e02   0x08001e02   0x00000002   PAD
    0x08001e04   0x08001e04   0x00000024   Code   RO          586    i.eep_read          bsp.eep_lm75.o
    0x08001e28   0x08001e28   0x00000024   Code   RO          587    i.eep_write         bsp.eep_lm75.o
    0x08001e4c   0x08001e4c   0x000000d4   Code   RO         1057    i.esp12_uart_init   bsp_uart.o
    0x08001f20   0x08001f20   0x00000024   Code   RO          657    i.fputc             bsp.o
    0x08001f44   0x08001f44   0x0000000a   Code   RO         1679    i.gpio_bits_write   at32f435_437_gpio.o
    0x08001f4e   0x08001f4e   0x00000014   Code   RO         1680    i.gpio_default_para_init  at32f435_437_gpio.o
    0x08001f62   0x08001f62   0x0000007a   Code   RO         1681    i.gpio_init         at32f435_437_gpio.o
    0x08001fdc   0x08001fdc   0x00000042   Code   RO         1686    i.gpio_pin_mux_config  at32f435_437_gpio.o
    0x0800201e   0x0800201e   0x0000001a   Code   RO          322    i.i2c_config        i2c_application.o
    0x08002038   0x08002038   0x00000008   Code   RO         2846    i.i2c_data_receive  at32f435_437_i2c.o
    0x08002040   0x08002040   0x00000004   Code   RO         2847    i.i2c_data_send     at32f435_437_i2c.o
    0x08002044   0x08002044   0x0000000a   Code   RO         2849    i.i2c_enable        at32f435_437_i2c.o
    0x0800204e   0x0800204e   0x00000004   Code   RO         2852    i.i2c_flag_clear    at32f435_437_i2c.o
    0x08002052   0x08002052   0x00000010   Code   RO         2853    i.i2c_flag_get      at32f435_437_i2c.o
    0x08002062   0x08002062   0x00000014   Code   RO         2855    i.i2c_init          at32f435_437_i2c.o
    0x08002076   0x08002076   0x00000002   PAD
    0x08002078   0x08002078   0x000000e8   Code   RO          588    i.i2c_lowlevel_init  bsp.eep_lm75.o
    0x08002160   0x08002160   0x00000044   Code   RO          338    i.i2c_memory_address_send  i2c_application.o
    0x080021a4   0x080021a4   0x00000106   Code   RO          339    i.i2c_memory_read   i2c_application.o
    0x080022aa   0x080022aa   0x000000f0   Code   RO          342    i.i2c_memory_write  i2c_application.o
    0x0800239a   0x0800239a   0x0000001e   Code   RO         2860    i.i2c_own_address1_set  at32f435_437_i2c.o
    0x080023b8   0x080023b8   0x00000064   Code   RO         2867    i.i2c_reset         at32f435_437_i2c.o
    0x0800241c   0x0800241c   0x0000003e   Code   RO          346    i.i2c_reset_ctrl2_register  i2c_application.o
    0x0800245a   0x0800245a   0x0000003e   Code   RO          359    i.i2c_start_transfer  i2c_application.o
    0x08002498   0x08002498   0x00000020   Code   RO         2880    i.i2c_transmit_set  at32f435_437_i2c.o
    0x080024b8   0x080024b8   0x00000094   Code   RO          362    i.i2c_wait_flag     i2c_application.o
    0x0800254c   0x0800254c   0x00000018   Code   RO          589    i.ic2_init          bsp.eep_lm75.o
    0x08002564   0x08002564   0x0000002c   Code   RO          590    i.lm75_read         bsp.eep_lm75.o
    0x08002590   0x08002590   0x000000f4   Code   RO          226    i.main              main.o
    0x08002684   0x08002684   0x000000c8   Code   RO         2243    i.nvic_irq_enable   at32f435_437_misc.o
    0x0800274c   0x0800274c   0x00000028   Code   RO         2245    i.nvic_priority_group_config  at32f435_437_misc.o
    0x08002774   0x08002774   0x00000040   Code   RO         1543    i.oledClear         bsp_oled.o
    0x080027b4   0x080027b4   0x0000012c   Code   RO         1547    i.oledInit          bsp_oled.o
    0x080028e0   0x080028e0   0x0000002a   Code   RO         1548    i.oledSetPos        bsp_oled.o
    0x0800290a   0x0800290a   0x00000002   PAD
    0x0800290c   0x0800290c   0x00000070   Code   RO         1551    i.oledShowChar      bsp_oled.o
    0x0800297c   0x0800297c   0x00000036   Code   RO         1553    i.oledShowString    bsp_oled.o
    0x080029b2   0x080029b2   0x00000002   PAD
    0x080029b4   0x080029b4   0x0000004c   Code   RO         1554    i.oledWriteByte     bsp_oled.o
    0x08002a00   0x08002a00   0x000000bc   Code   RO         1555    i.oled_gpio_config  bsp_oled.o
    0x08002abc   0x08002abc   0x00000074   Code   RO          227    i.parse_command     main.o
    0x08002b30   0x08002b30   0x000000d8   Code   RO          228    i.process_received_data  main.o
    0x08002c08   0x08002c08   0x000000c0   Code   RO          229    i.send_heartbeat    main.o
    0x08002cc8   0x08002cc8   0x00000054   Code   RO         1557    i.spi_config        bsp_oled.o
    0x08002d1c   0x08002d1c   0x00000016   Code   RO         3622    i.spi_default_para_init  at32f435_437_spi.o
    0x08002d32   0x08002d32   0x0000000a   Code   RO         3623    i.spi_enable        at32f435_437_spi.o
    0x08002d3c   0x08002d3c   0x00000004   Code   RO         3628    i.spi_i2s_data_transmit  at32f435_437_spi.o
    0x08002d40   0x08002d40   0x00000010   Code   RO         3632    i.spi_i2s_flag_get  at32f435_437_spi.o
    0x08002d50   0x08002d50   0x00000158   Code   RO         3636    i.spi_init          at32f435_437_spi.o
    0x08002ea8   0x08002ea8   0x00000020   Code   RO         1558    i.spitransferByte   bsp_oled.o
    0x08002ec8   0x08002ec8   0x0000009c   Code   RO            4    i.system_clock_config  at32f435_437_clock.o
    0x08002f64   0x08002f64   0x000000f0   Code   RO         3783    i.system_core_clock_update  system_at32f435_437.o
    0x08003054   0x08003054   0x00000028   Code   RO         2248    i.systick_clock_source_config  at32f435_437_misc.o
    0x0800307c   0x0800307c   0x00000064   Code   RO          964    i.timer6_init       bsp_timer.o
    0x080030e0   0x080030e0   0x00000268   Code   RO          230    i.tlink_init        main.o
    0x08003348   0x08003348   0x00000010   Code   RO         2307    i.tmr_base_init     at32f435_437_tmr.o
    0x08003358   0x08003358   0x0000002e   Code   RO         2315    i.tmr_channel_value_set  at32f435_437_tmr.o
    0x08003386   0x08003386   0x0000000a   Code   RO         2316    i.tmr_clock_source_div_set  at32f435_437_tmr.o
    0x08003390   0x08003390   0x0000000a   Code   RO         2317    i.tmr_cnt_dir_set   at32f435_437_tmr.o
    0x0800339a   0x0800339a   0x0000000a   Code   RO         2318    i.tmr_counter_enable  at32f435_437_tmr.o
    0x080033a4   0x080033a4   0x00000006   Code   RO         2330    i.tmr_flag_clear    at32f435_437_tmr.o
    0x080033aa   0x080033aa   0x00000012   Code   RO         2331    i.tmr_flag_get      at32f435_437_tmr.o
    0x080033bc   0x080033bc   0x00000016   Code   RO         2339    i.tmr_interrupt_enable  at32f435_437_tmr.o
    0x080033d2   0x080033d2   0x0000004c   Code   RO         2343    i.tmr_output_channel_buffer_enable  at32f435_437_tmr.o
    0x0800341e   0x0800341e   0x000001b2   Code   RO         2344    i.tmr_output_channel_config  at32f435_437_tmr.o
    0x080035d0   0x080035d0   0x00000012   Code   RO         2349    i.tmr_output_default_para_init  at32f435_437_tmr.o
    0x080035e2   0x080035e2   0x0000000a   Code   RO         2350    i.tmr_output_enable  at32f435_437_tmr.o
    0x080035ec   0x080035ec   0x0000000a   Code   RO         2353    i.tmr_period_buffer_enable  at32f435_437_tmr.o
    0x080035f6   0x080035f6   0x00000002   PAD
    0x080035f8   0x080035f8   0x000000cc   Code   RO          658    i.uart_print_init   bsp.o
    0x080036c4   0x080036c4   0x00000008   Code   RO         2018    i.usart_data_receive  at32f435_437_usart.o
    0x080036cc   0x080036cc   0x00000008   Code   RO         2019    i.usart_data_transmit  at32f435_437_usart.o
    0x080036d4   0x080036d4   0x0000000a   Code   RO         2023    i.usart_enable      at32f435_437_usart.o
    0x080036de   0x080036de   0x00000010   Code   RO         2025    i.usart_flag_get    at32f435_437_usart.o
    0x080036ee   0x080036ee   0x00000002   PAD
    0x080036f0   0x080036f0   0x000000ac   Code   RO         2028    i.usart_init        at32f435_437_usart.o
    0x0800379c   0x0800379c   0x00000036   Code   RO         2029    i.usart_interrupt_enable  at32f435_437_usart.o
    0x080037d2   0x080037d2   0x0000000a   Code   RO         2036    i.usart_receiver_enable  at32f435_437_usart.o
    0x080037dc   0x080037dc   0x0000000a   Code   RO         2046    i.usart_transmitter_enable  at32f435_437_usart.o
    0x080037e6   0x080037e6   0x0000000a   Code   RO         4004    x$fpl$fpinit        fz_wm.l(fpinit.o)
    0x080037f0   0x080037f0   0x00000040   Data   RO          861    .constdata          bsp_key.o
    0x08003830   0x08003830   0x00000030   Data   RO          966    .constdata          bsp_timer.o
    0x08003860   0x08003860   0x0000089b   Data   RO         1661    .constdata          bsp_oledfont.o
    0x080040fb   0x080040fb   0x00000026   Data   RO         1815    .constdata          at32f435_437_crm.o
    0x08004121   0x08004121   0x00000016   Data   RO         3784    .constdata          system_at32f435_437.o
    0x08004137   0x08004137   0x00000001   PAD
    0x08004138   0x08004138   0x00000020   Data   RO         4058    Region$$Table       anon$$obj.o


    Execution Region RW_IRAM1 (Exec base: 0x20000000, Load base: 0x08004158, Size: 0x00001058, Max: 0x00060000, ABSOLUTE)

    Exec Addr    Load Addr    Size         Type   Attr      Idx    E Section Name        Object

    0x20000000   0x08004158   0x00000028   Data   RW          232    .data               main.o
    0x20000028   0x08004180   0x00000018   Data   RW          592    .data               bsp.eep_lm75.o
    0x20000040   0x08004198   0x0000002c   Data   RW          659    .data               bsp.o
    0x2000006c   0x080041c4   0x00000002   Data   RW          783    .data               bsp_beep.o
    0x2000006e   0x080041c6   0x00000002   PAD
    0x20000070   0x080041c8   0x0000001e   Data   RW          967    .data               bsp_timer.o
    0x2000008e   0x080041e6   0x00000002   PAD
    0x20000090   0x080041e8   0x00000004   Data   RW         3785    .data               system_at32f435_437.o
    0x20000094        -       0x00000014   Zero   RW          231    .bss                main.o
    0x200000a8        -       0x00000044   Zero   RW          591    .bss                bsp.eep_lm75.o
    0x200000ec        -       0x0000000e   Zero   RW          782    .bss                bsp_beep.o
    0x200000fa   0x080041ec   0x00000002   PAD
    0x200000fc        -       0x0000008d   Zero   RW          860    .bss                bsp_key.o
    0x20000189   0x080041ec   0x00000003   PAD
    0x2000018c        -       0x00000040   Zero   RW          965    .bss                bsp_timer.o
    0x200001cc        -       0x0000082c   Zero   RW         1058    .bss                bsp_uart.o
    0x200009f8        -       0x00000060   Zero   RW         3936    .bss                c_w.l(libspace.o)
    0x20000a58        -       0x00000200   Zero   RW         3817    HEAP                startup_at32f435_437.o
    0x20000c58        -       0x00000400   Zero   RW         3816    STACK               startup_at32f435_437.o


==============================================================================

Image component sizes


      Code (inc. data)   RO Data    RW Data    ZI Data      Debug   Object Name

       626         10          0          0          0      15163   at32f435_437_adc.o
       156         12          0          0          0      90610   at32f435_437_clock.o
       990        112         38          0          0      11375   at32f435_437_crm.o
        98          0          0          0          0       1283   at32f435_437_dma.o
       218          0          0          0          0       3789   at32f435_437_gpio.o
       224         20          0          0          0       7385   at32f435_437_i2c.o
        26          0          0          0          0       5286   at32f435_437_int.o
       280         18          0          0          0      33256   at32f435_437_misc.o
       396          0          0          0          0       4387   at32f435_437_spi.o
       686         24          0          0          0      10866   at32f435_437_tmr.o
       288         10          0          0          0       6880   at32f435_437_usart.o
       372         48          0         24         68       4770   bsp.eep_lm75.o
       964        106          0         44          0      13009   bsp.o
       498         48          0          2         14       3385   bsp_beep.o
       168          6          0          0          0       2412   bsp_esp12.o
       696         42         64          0        141       8264   bsp_key.o
      1024         50          0          0          0       8402   bsp_oled.o
         0          0       2203          0          0       1499   bsp_oledfont.o
       590        128         48         30         64      14437   bsp_timer.o
      1010         90          0          0       2092       9873   bsp_uart.o
       868          0          0          0          0      10708   i2c_application.o
      1704        500          0         40         20      13258   main.o
        64         26        524          0       1536       1072   startup_at32f435_437.o
       384         42         22          4          0       2828   system_at32f435_437.o

    ----------------------------------------------------------------------
     12366       1292       2932        148       3940     284197   Object Totals
         0          0         32          0          0          0   (incl. Generated)
        36          0          1          4          5          0   (incl. Padding)

    ----------------------------------------------------------------------

      Code (inc. data)   RO Data    RW Data    ZI Data      Debug   Library Member Name

         8          0          0          0          0         68   __main.o
       104          0          0          0          0         84   __printf.o
         0          0          0          0          0          0   __rtentry.o
        12          0          0          0          0          0   __rtentry2.o
         6          0          0          0          0          0   __rtentry4.o
        52          8          0          0          0          0   __scatter.o
        26          0          0          0          0          0   __scatter_copy.o
        28          0          0          0          0          0   __scatter_zi.o
        44          0          0          0          0        108   _printf_char.o
        48          6          0          0          0         96   _printf_char_common.o
        36          4          0          0          0         80   _printf_char_file.o
         6          0          0          0          0          0   _printf_d.o
       120         16          0          0          0         92   _printf_dec.o
       178          0          0          0          0         88   _printf_intcommon.o
         0          0          0          0          0          0   _printf_percent.o
         4          0          0          0          0          0   _printf_percent_end.o
         6          0          0          0          0          0   _printf_s.o
        82          0          0          0          0         80   _printf_str.o
        10          0          0          0          0         68   _sputc.o
        18          0          0          0          0         80   exit.o
         8          0          0          0          0         68   ferror.o
         6          0          0          0          0        152   heapauxi.o
         2          0          0          0          0          0   libinit.o
         6          0          0          0          0          0   libinit2.o
         2          0          0          0          0          0   libshutdown.o
         2          0          0          0          0          0   libshutdown2.o
         8          4          0          0         96         68   libspace.o
       238          0          0          0          0        100   lludivv7m.o
        24          4          0          0          0         84   noretval__2printf.o
        40          6          0          0          0         84   noretval__2sprintf.o
       100          0          0          0          0         80   rt_memcpy_w.o
         2          0          0          0          0          0   rtexit.o
        10          0          0          0          0          0   rtexit2.o
        62          0          0          0          0         76   strlen.o
        36          0          0          0          0         80   strstr.o
        74          0          0          0          0         80   sys_stackheap_outer.o
         2          0          0          0          0         68   use_no_semi.o
         2          0          0          0          0         68   use_no_semi_2.o
        10          0          0          0          0        116   fpinit.o

    ----------------------------------------------------------------------
      1430         48          0          0         96       1968   Library Totals
         8          0          0          0          0          0   (incl. Padding)

    ----------------------------------------------------------------------

      Code (inc. data)   RO Data    RW Data    ZI Data      Debug   Library Name

      1412         48          0          0         96       1852   c_w.l
        10          0          0          0          0        116   fz_wm.l

    ----------------------------------------------------------------------
      1430         48          0          0         96       1968   Library Totals

    ----------------------------------------------------------------------

==============================================================================


      Code (inc. data)   RO Data    RW Data    ZI Data      Debug   

     13796       1340       2932        148       4036     268929   Grand Totals
     13796       1340       2932        148       4036     268929   ELF Image Totals
     13796       1340       2932        148          0          0   ROM Totals

==============================================================================

    Total RO  Size (Code + RO Data)                16728 (  16.34kB)
    Total RW  Size (RW Data + ZI Data)              4184 (   4.09kB)
    Total ROM Size (Code + RO Data + RW Data)      16876 (  16.48kB)

==============================================================================

