Component: ARM Compiler 5.06 update 7 (build 960) Tool: armlink [4d3601]

==============================================================================

Section Cross References

    at32f435_437_clock.o(i.system_clock_config) refers to at32f435_437_crm.o(i.crm_reset) for crm_reset
    at32f435_437_clock.o(i.system_clock_config) refers to at32f435_437_crm.o(i.crm_periph_clock_enable) for crm_periph_clock_enable
    at32f435_437_clock.o(i.system_clock_config) refers to at32f435_437_crm.o(i.crm_clock_source_enable) for crm_clock_source_enable
    at32f435_437_clock.o(i.system_clock_config) refers to at32f435_437_crm.o(i.crm_hext_stable_wait) for crm_hext_stable_wait
    at32f435_437_clock.o(i.system_clock_config) refers to at32f435_437_crm.o(i.crm_pll_config) for crm_pll_config
    at32f435_437_clock.o(i.system_clock_config) refers to at32f435_437_crm.o(i.crm_flag_get) for crm_flag_get
    at32f435_437_clock.o(i.system_clock_config) refers to at32f435_437_crm.o(i.crm_ahb_div_set) for crm_ahb_div_set
    at32f435_437_clock.o(i.system_clock_config) refers to at32f435_437_crm.o(i.crm_apb2_div_set) for crm_apb2_div_set
    at32f435_437_clock.o(i.system_clock_config) refers to at32f435_437_crm.o(i.crm_apb1_div_set) for crm_apb1_div_set
    at32f435_437_clock.o(i.system_clock_config) refers to at32f435_437_crm.o(i.crm_auto_step_mode_enable) for crm_auto_step_mode_enable
    at32f435_437_clock.o(i.system_clock_config) refers to at32f435_437_crm.o(i.crm_sysclk_switch) for crm_sysclk_switch
    at32f435_437_clock.o(i.system_clock_config) refers to at32f435_437_crm.o(i.crm_sysclk_switch_status_get) for crm_sysclk_switch_status_get
    at32f435_437_clock.o(i.system_clock_config) refers to system_at32f435_437.o(i.system_core_clock_update) for system_core_clock_update
    at32f435_437_int.o(i.DMA1_Channel1_IRQHandler) refers to i2c_application.o(i.i2c_dma_tx_irq_handler) for i2c_dma_tx_irq_handler
    at32f435_437_int.o(i.DMA1_Channel1_IRQHandler) refers to main.o(.bss) for hi2cx
    at32f435_437_int.o(i.DMA1_Channel2_IRQHandler) refers to i2c_application.o(i.i2c_dma_rx_irq_handler) for i2c_dma_rx_irq_handler
    at32f435_437_int.o(i.DMA1_Channel2_IRQHandler) refers to main.o(.bss) for hi2cx
    at32f435_437_int.o(i.I2C2_ERR_IRQHandler) refers to i2c_application.o(i.i2c_err_irq_handler) for i2c_err_irq_handler
    at32f435_437_int.o(i.I2C2_ERR_IRQHandler) refers to main.o(.bss) for hi2cx
    at32f435_437_int.o(i.I2C2_EVT_IRQHandler) refers to i2c_application.o(i.i2c_evt_irq_handler) for i2c_evt_irq_handler
    at32f435_437_int.o(i.I2C2_EVT_IRQHandler) refers to main.o(.bss) for hi2cx
    main.o(i.error_handler) refers to at32f435_437_board.o(i.at32_led_toggle) for at32_led_toggle
    main.o(i.error_handler) refers to at32f435_437_board.o(i.delay_ms) for delay_ms
    main.o(i.i2c_lowlevel_init) refers to at32f435_437_crm.o(i.crm_periph_clock_enable) for crm_periph_clock_enable
    main.o(i.i2c_lowlevel_init) refers to at32f435_437_gpio.o(i.gpio_pin_mux_config) for gpio_pin_mux_config
    main.o(i.i2c_lowlevel_init) refers to at32f435_437_gpio.o(i.gpio_init) for gpio_init
    main.o(i.i2c_lowlevel_init) refers to at32f435_437_misc.o(i.nvic_irq_enable) for nvic_irq_enable
    main.o(i.i2c_lowlevel_init) refers to at32f435_437_dma.o(i.dma_reset) for dma_reset
    main.o(i.i2c_lowlevel_init) refers to at32f435_437_dma.o(i.dma_init) for dma_init
    main.o(i.i2c_lowlevel_init) refers to at32f435_437_dma.o(i.dmamux_init) for dmamux_init
    main.o(i.i2c_lowlevel_init) refers to at32f435_437_dma.o(i.dmamux_enable) for dmamux_enable
    main.o(i.i2c_lowlevel_init) refers to at32f435_437_i2c.o(i.i2c_init) for i2c_init
    main.o(i.i2c_lowlevel_init) refers to at32f435_437_i2c.o(i.i2c_own_address1_set) for i2c_own_address1_set
    main.o(i.main) refers to at32f435_437_clock.o(i.system_clock_config) for system_clock_config
    main.o(i.main) refers to at32f435_437_misc.o(i.nvic_priority_group_config) for nvic_priority_group_config
    main.o(i.main) refers to at32f435_437_board.o(i.at32_board_init) for at32_board_init
    main.o(i.main) refers to i2c_application.o(i.i2c_config) for i2c_config
    main.o(i.main) refers to at32f435_437_board.o(i.at32_button_press) for at32_button_press
    main.o(i.main) refers to eeprom.o(i.eeprom_write_buffer) for eeprom_write_buffer
    main.o(i.main) refers to main.o(i.error_handler) for error_handler
    main.o(i.main) refers to at32f435_437_board.o(i.delay_ms) for delay_ms
    main.o(i.main) refers to eeprom.o(i.eeprom_read_buffer) for eeprom_read_buffer
    main.o(i.main) refers to main.o(i.buffer_compare) for buffer_compare
    main.o(i.main) refers to at32f435_437_board.o(i.at32_led_on) for at32_led_on
    main.o(i.main) refers to main.o(.bss) for hi2cx
    main.o(i.main) refers to main.o(.data) for tx_buf1
    eeprom.o(i.eeprom_read_buffer) refers to i2c_application.o(i.i2c_memory_read) for i2c_memory_read
[...]
    Removing at32f435_437_dma.o(i.dma_data_number_get), (8 bytes).
    Removing at32f435_437_dma.o(i.dma_data_number_set), (4 bytes).
    Removing at32f435_437_dma.o(i.dma_default_para_init), (24 bytes).
    Removing at32f435_437_dma.o(i.dma_flexible_config), (24 bytes).
    Removing at32f435_437_dma.o(i.dma_interrupt_flag_get), (44 bytes).
    Removing at32f435_437_dma.o(i.dmamux_generator_config), (44 bytes).
    Removing at32f435_437_dma.o(i.dmamux_generator_default_para_init), (12 bytes).
    Removing at32f435_437_dma.o(i.dmamux_generator_flag_clear), (6 bytes).
    Removing at32f435_437_dma.o(i.dmamux_generator_flag_get), (18 bytes).
    Removing at32f435_437_dma.o(i.dmamux_generator_interrupt_enable), (26 bytes).
    Removing at32f435_437_dma.o(i.dmamux_generator_interrupt_flag_get), (172 bytes).
    Removing at32f435_437_dma.o(i.dmamux_sync_config), (54 bytes).
    Removing at32f435_437_dma.o(i.dmamux_sync_default_para_init), (14 bytes).
    Removing at32f435_437_dma.o(i.dmamux_sync_flag_clear), (6 bytes).
    Removing at32f435_437_dma.o(i.dmamux_sync_flag_get), (18 bytes).
    Removing at32f435_437_dma.o(i.dmamux_sync_interrupt_enable), (26 bytes).
    Removing at32f435_437_dma.o(i.dmamux_sync_interrupt_flag_get), (172 bytes).
    Removing at32f435_437_gpio.o(.rev16_text), (4 bytes).
    Removing at32f435_437_gpio.o(.revsh_text), (4 bytes).
    Removing at32f435_437_gpio.o(.rrx_text), (6 bytes).
    Removing at32f435_437_gpio.o(i.gpio_bits_reset), (4 bytes).
    Removing at32f435_437_gpio.o(i.gpio_bits_set), (4 bytes).
    Removing at32f435_437_gpio.o(i.gpio_bits_write), (10 bytes).
    Removing at32f435_437_gpio.o(i.gpio_input_data_read), (8 bytes).
    Removing at32f435_437_gpio.o(i.gpio_output_data_bit_read), (18 bytes).
    Removing at32f435_437_gpio.o(i.gpio_output_data_read), (8 bytes).
    Removing at32f435_437_gpio.o(i.gpio_pin_wp_config), (18 bytes).
    Removing at32f435_437_gpio.o(i.gpio_pins_huge_driven_config), (18 bytes).
    Removing at32f435_437_gpio.o(i.gpio_port_write), (4 bytes).
    Removing at32f435_437_gpio.o(i.gpio_reset), (256 bytes).
    Removing at32f435_437_i2c.o(.rev16_text), (4 bytes).
    Removing at32f435_437_i2c.o(.revsh_text), (4 bytes).
    Removing at32f435_437_i2c.o(.rrx_text), (6 bytes).
    Removing at32f435_437_i2c.o(i.i2c_ack_enable), (18 bytes).
    Removing at32f435_437_i2c.o(i.i2c_addr10_header_enable), (10 bytes).
    Removing at32f435_437_i2c.o(i.i2c_addr10_mode_enable), (10 bytes).
    Removing at32f435_437_i2c.o(i.i2c_auto_stop_enable), (10 bytes).
    Removing at32f435_437_i2c.o(i.i2c_clock_stretch_enable), (18 bytes).
    Removing at32f435_437_i2c.o(i.i2c_cnt_set), (10 bytes).
    Removing at32f435_437_i2c.o(i.i2c_ext_timeout_enable), (10 bytes).
    Removing at32f435_437_i2c.o(i.i2c_ext_timeout_set), (10 bytes).
    Removing at32f435_437_i2c.o(i.i2c_general_call_enable), (10 bytes).
    Removing at32f435_437_i2c.o(i.i2c_interrupt_flag_get), (190 bytes).
    Removing at32f435_437_i2c.o(i.i2c_interrupt_get), (16 bytes).
    Removing at32f435_437_i2c.o(i.i2c_matched_addr_get), (12 bytes).
    Removing at32f435_437_i2c.o(i.i2c_own_address2_enable), (10 bytes).
    Removing at32f435_437_i2c.o(i.i2c_own_address2_set), (22 bytes).
    Removing at32f435_437_i2c.o(i.i2c_pec_calculate_enable), (10 bytes).
    Removing at32f435_437_i2c.o(i.i2c_pec_transmit_enable), (10 bytes).
    Removing at32f435_437_i2c.o(i.i2c_pec_value_get), (8 bytes).
    Removing at32f435_437_i2c.o(i.i2c_reload_enable), (10 bytes).
    Removing at32f435_437_i2c.o(i.i2c_slave_data_ctrl_enable), (10 bytes).
    Removing at32f435_437_i2c.o(i.i2c_smbus_alert_set), (10 bytes).
    Removing at32f435_437_i2c.o(i.i2c_smbus_enable), (34 bytes).
    Removing at32f435_437_i2c.o(i.i2c_start_generate), (14 bytes).
    Removing at32f435_437_i2c.o(i.i2c_timeout_detcet_set), (10 bytes).
    Removing at32f435_437_i2c.o(i.i2c_timeout_enable), (10 bytes).
    Removing at32f435_437_i2c.o(i.i2c_timeout_set), (10 bytes).
    Removing at32f435_437_i2c.o(i.i2c_transfer_addr_set), (10 bytes).
    Removing at32f435_437_i2c.o(i.i2c_transfer_dir_get), (18 bytes).
    Removing at32f435_437_i2c.o(i.i2c_transfer_dir_set), (10 bytes).
    Removing at32f435_437_usart.o(.rev16_text), (4 bytes).
    Removing at32f435_437_usart.o(.revsh_text), (4 bytes).
    Removing at32f435_437_usart.o(.rrx_text), (6 bytes).
    Removing at32f435_437_usart.o(i.usart_break_bit_num_set), (10 bytes).
    Removing at32f435_437_usart.o(i.usart_break_send), (12 bytes).
    Removing at32f435_437_usart.o(i.usart_clock_config), (28 bytes).
    Removing at32f435_437_usart.o(i.usart_clock_enable), (10 bytes).
    Removing at32f435_437_usart.o(i.usart_data_receive), (8 bytes).
    Removing at32f435_437_usart.o(i.usart_data_transmit), (8 bytes).
    Removing at32f435_437_usart.o(i.usart_de_polarity_set), (10 bytes).
    Removing at32f435_437_usart.o(i.usart_dma_receiver_enable), (10 bytes).
    Removing at32f435_437_usart.o(i.usart_dma_transmitter_enable), (10 bytes).
    Removing at32f435_437_usart.o(i.usart_enable), (10 bytes).
    Removing at32f435_437_usart.o(i.usart_flag_clear), (18 bytes).
    Removing at32f435_437_usart.o(i.usart_flag_get), (16 bytes).
    Removing at32f435_437_usart.o(i.usart_hardware_flow_control_set), (102 bytes).
    Removing at32f435_437_usart.o(i.usart_id_bit_num_set), (10 bytes).
    Removing at32f435_437_usart.o(i.usart_init), (172 bytes).
    Removing at32f435_437_usart.o(i.usart_interrupt_enable), (54 bytes).
    Removing at32f435_437_usart.o(i.usart_interrupt_flag_get), (176 bytes).
    Removing at32f435_437_usart.o(i.usart_irda_low_power_enable), (10 bytes).
    Removing at32f435_437_usart.o(i.usart_irda_mode_enable), (10 bytes).
    Removing at32f435_437_usart.o(i.usart_irda_smartcard_division_set), (10 bytes).
    Removing at32f435_437_usart.o(i.usart_lin_mode_enable), (10 bytes).
    Removing at32f435_437_usart.o(i.usart_parity_selection_config), (76 bytes).
    Removing at32f435_437_usart.o(i.usart_receiver_enable), (10 bytes).
    Removing at32f435_437_usart.o(i.usart_receiver_mute_enable), (10 bytes).
    Removing at32f435_437_usart.o(i.usart_reset), (260 bytes).
    Removing at32f435_437_usart.o(i.usart_rs485_delay_time_config), (18 bytes).
    Removing at32f435_437_usart.o(i.usart_rs485_mode_enable), (10 bytes).
    Removing at32f435_437_usart.o(i.usart_single_line_halfduplex_select), (10 bytes).
    Removing at32f435_437_usart.o(i.usart_smartcard_guard_time_set), (10 bytes).
    Removing at32f435_437_usart.o(i.usart_smartcard_mode_enable), (10 bytes).
    Removing at32f435_437_usart.o(i.usart_smartcard_nack_set), (10 bytes).
    Removing at32f435_437_usart.o(i.usart_transmit_receive_pin_swap), (10 bytes).
    Removing at32f435_437_usart.o(i.usart_transmitter_enable), (10 bytes).
    Removing at32f435_437_usart.o(i.usart_wakeup_id_set), (46 bytes).
    Removing at32f435_437_usart.o(i.usart_wakeup_mode_set), (10 bytes).
    Removing at32f435_437_misc.o(.rev16_text), (4 bytes).
    Removing at32f435_437_misc.o(.revsh_text), (4 bytes).
    Removing at32f435_437_misc.o(.rrx_text), (6 bytes).
    Removing at32f435_437_misc.o(i.nvic_irq_disable), (44 bytes).
    Removing at32f435_437_misc.o(i.nvic_lowpower_mode_config), (32 bytes).
    Removing at32f435_437_misc.o(i.nvic_system_reset), (44 bytes).
    Removing at32f435_437_misc.o(i.nvic_vector_table_set), (20 bytes).
    Removing system_at32f435_437.o(.rev16_text), (4 bytes).
    Removing system_at32f435_437.o(.revsh_text), (4 bytes).
    Removing system_at32f435_437.o(.rrx_text), (6 bytes).

197 unused section(s) (total 7840 bytes) removed from the image.

==============================================================================

Image Symbol Table

    Local Symbols

    Symbol Name                              Value     Ov Type        Size  Object(Section)

    ../clib/angel/boardlib.s                 0x00000000   Number         0  boardinit1.o ABSOLUTE
    ../clib/angel/boardlib.s                 0x00000000   Number         0  boardinit2.o ABSOLUTE
    ../clib/angel/boardlib.s                 0x00000000   Number         0  boardinit3.o ABSOLUTE
    ../clib/angel/boardlib.s                 0x00000000   Number         0  boardshut.o ABSOLUTE
    ../clib/angel/handlers.s                 0x00000000   Number         0  __scatter_zi.o ABSOLUTE
    ../clib/angel/handlers.s                 0x00000000   Number         0  __scatter_copy.o ABSOLUTE
    ../clib/angel/kernel.s                   0x00000000   Number         0  rtexit2.o ABSOLUTE
    ../clib/angel/kernel.s                   0x00000000   Number         0  rtexit.o ABSOLUTE
    ../clib/angel/kernel.s                   0x00000000   Number         0  __rtentry4.o ABSOLUTE
    ../clib/angel/kernel.s                   0x00000000   Number         0  __rtentry.o ABSOLUTE
    ../clib/angel/kernel.s                   0x00000000   Number         0  __rtentry2.o ABSOLUTE
    ../clib/angel/rt.s                       0x00000000   Number         0  aeabi_ldiv0.o ABSOLUTE
    ../clib/angel/rt.s                       0x00000000   Number         0  rt_raise.o ABSOLUTE
    ../clib/angel/rt.s                       0x00000000   Number         0  rt_div0.o ABSOLUTE
    ../clib/angel/rt.s                       0x00000000   Number         0  aeabi_ldiv0_sigfpe.o ABSOLUTE
    ../clib/angel/scatter.s                  0x00000000   Number         0  __scatter.o ABSOLUTE
    ../clib/angel/startup.s                  0x00000000   Number         0  __main.o ABSOLUTE
    ../clib/angel/sys.s                      0x00000000   Number         0  indicate_semi.o ABSOLUTE
    ../clib/angel/sys.s                      0x00000000   Number         0  libspace.o ABSOLUTE
    ../clib/angel/sys.s                      0x00000000   Number         0  sys_stackheap_outer.o ABSOLUTE
    ../clib/angel/sys.s                      0x00000000   Number         0  use_no_semi_2.o ABSOLUTE
    ../clib/angel/sys.s                      0x00000000   Number         0  use_no_semi.o ABSOLUTE
    ../clib/angel/sysapp.c                   0x00000000   Number         0  sys_command.o ABSOLUTE
    ../clib/armsys.c                         0x00000000   Number         0  _get_argv_nomalloc.o ABSOLUTE
    ../clib/armsys.c                         0x00000000   Number         0  argv_veneer.o ABSOLUTE
    ../clib/armsys.c                         0x00000000   Number         0  argv_veneer.o ABSOLUTE
    ../clib/armsys.c                         0x00000000   Number         0  no_argv.o ABSOLUTE
    ../clib/heapalloc.c                      0x00000000   Number         0  hrguard.o ABSOLUTE
    ../clib/heapaux.c                        0x00000000   Number         0  heapauxi.o ABSOLUTE
    ../clib/libinit.s                        0x00000000   Number         0  libinit.o ABSOLUTE
    ../clib/libinit.s                        0x00000000   Number         0  libshutdown.o ABSOLUTE
    ../clib/libinit.s                        0x00000000   Number         0  libshutdown2.o ABSOLUTE
    ../clib/libinit.s                        0x00000000   Number         0  libinit2.o ABSOLUTE
    ../clib/longlong.s                       0x00000000   Number         0  lludivv7m.o ABSOLUTE
    ../clib/signal.c                         0x00000000   Number         0  defsig_fpe_formal.o ABSOLUTE
    ../clib/signal.c                         0x00000000   Number         0  defsig_rtmem_outer.o ABSOLUTE
    ../clib/signal.c                         0x00000000   Number         0  defsig_other.o ABSOLUTE
    ../clib/signal.c                         0x00000000   Number         0  defsig_segv_inner.o ABSOLUTE
    ../clib/signal.c                         0x00000000   Number         0  defsig_fpe_outer.o ABSOLUTE
    ../clib/signal.c                         0x00000000   Number         0  defsig_cppl_inner.o ABSOLUTE
    ../clib/signal.c                         0x00000000   Number         0  defsig_pvfn_inner.o ABSOLUTE
    ../clib/signal.c                         0x00000000   Number         0  defsig_stak_inner.o ABSOLUTE
    ../clib/signal.c                         0x00000000   Number         0  defsig_rtmem_formal.o ABSOLUTE
    ../clib/signal.c                         0x00000000   Number         0  defsig_rtmem_inner.o ABSOLUTE
    ../clib/signal.c                         0x00000000   Number         0  defsig_rtred_inner.o ABSOLUTE
    ../clib/signal.c                         0x00000000   Number         0  defsig_abrt_inner.o ABSOLUTE
    ../clib/signal.c                         0x00000000   Number         0  defsig_exit.o ABSOLUTE
    ../clib/signal.c                         0x00000000   Number         0  __raise.o ABSOLUTE
    ../clib/signal.c                         0x00000000   Number         0  defsig_fpe_inner.o ABSOLUTE
    ../clib/signal.c                         0x00000000   Number         0  defsig_general.o ABSOLUTE
    ../clib/signal.s                         0x00000000   Number         0  defsig.o ABSOLUTE
    ../clib/stdlib.c                         0x00000000   Number         0  exit.o ABSOLUTE
    ../fplib/fpinit.s                        0x00000000   Number         0  fpinit.o ABSOLUTE
    ..\..\..\..\..\..\libraries\cmsis\cm4\device_support\startup\mdk\startup_at32f435_437.s 0x00000000   Number         0  startup_at32f435_437.o ABSOLUTE
    ..\..\..\..\..\..\libraries\cmsis\cm4\device_support\system_at32f435_437.c 0x00000000   Number         0  system_at32f435_437.o ABSOLUTE
    ..\..\..\..\..\..\libraries\drivers\src\at32f435_437_acc.c 0x00000000   Number         0  at32f435_437_acc.o ABSOLUTE
    ..\..\..\..\..\..\libraries\drivers\src\at32f435_437_crm.c 0x00000000   Number         0  at32f435_437_crm.o ABSOLUTE
    ..\..\..\..\..\..\libraries\drivers\src\at32f435_437_dma.c 0x00000000   Number         0  at32f435_437_dma.o ABSOLUTE
    ..\..\..\..\..\..\libraries\drivers\src\at32f435_437_gpio.c 0x00000000   Number         0  at32f435_437_gpio.o ABSOLUTE
    ..\..\..\..\..\..\libraries\drivers\src\at32f435_437_i2c.c 0x00000000   Number         0  at32f435_437_i2c.o ABSOLUTE
    ..\..\..\..\..\..\libraries\drivers\src\at32f435_437_misc.c 0x00000000   Number         0  at32f435_437_misc.o ABSOLUTE
    ..\..\..\..\..\..\libraries\drivers\src\at32f435_437_usart.c 0x00000000   Number         0  at32f435_437_usart.o ABSOLUTE
    ..\..\..\..\..\..\middlewares\i2c_application_library\i2c_application.c 0x00000000   Number         0  i2c_application.o ABSOLUTE
    ..\..\..\..\..\at32f435_437_board\at32f435_437_board.c 0x00000000   Number         0  at32f435_437_board.o ABSOLUTE
    ..\\..\\..\\..\\..\\..\\libraries\\cmsis\\cm4\\device_support\\system_at32f435_437.c 0x00000000   Number         0  system_at32f435_437.o ABSOLUTE
    ..\\..\\..\\..\\..\\..\\libraries\\drivers\\src\\at32f435_437_acc.c 0x00000000   Number         0  at32f435_437_acc.o ABSOLUTE
    ..\\..\\..\\..\\..\\..\\libraries\\drivers\\src\\at32f435_437_crm.c 0x00000000   Number         0  at32f435_437_crm.o ABSOLUTE
    ..\\..\\..\\..\\..\\..\\libraries\\drivers\\src\\at32f435_437_dma.c 0x00000000   Number         0  at32f435_437_dma.o ABSOLUTE
    ..\\..\\..\\..\\..\\..\\libraries\\drivers\\src\\at32f435_437_gpio.c 0x00000000   Number         0  at32f435_437_gpio.o ABSOLUTE
    ..\\..\\..\\..\\..\\..\\libraries\\drivers\\src\\at32f435_437_i2c.c 0x00000000   Number         0  at32f435_437_i2c.o ABSOLUTE
    ..\\..\\..\\..\\..\\..\\libraries\\drivers\\src\\at32f435_437_misc.c 0x00000000   Number         0  at32f435_437_misc.o ABSOLUTE
    ..\\..\\..\\..\\..\\..\\libraries\\drivers\\src\\at32f435_437_usart.c 0x00000000   Number         0  at32f435_437_usart.o ABSOLUTE
    ..\\..\\..\\..\\..\\..\\middlewares\\i2c_application_library\\i2c_application.c 0x00000000   Number         0  i2c_application.o ABSOLUTE
    ..\\..\\..\\..\\..\\at32f435_437_board\\at32f435_437_board.c 0x00000000   Number         0  at32f435_437_board.o ABSOLUTE
    ..\\src\\at32f435_437_clock.c            0x00000000   Number         0  at32f435_437_clock.o ABSOLUTE
    ..\\src\\at32f435_437_int.c              0x00000000   Number         0  at32f435_437_int.o ABSOLUTE
    ..\\src\\eeprom.c                        0x00000000   Number         0  eeprom.o ABSOLUTE
    ..\\src\\main.c                          0x00000000   Number         0  main.o ABSOLUTE
    ..\src\at32f435_437_clock.c              0x00000000   Number         0  at32f435_437_clock.o ABSOLUTE
    ..\src\at32f435_437_int.c                0x00000000   Number         0  at32f435_437_int.o ABSOLUTE
    ..\src\eeprom.c                          0x00000000   Number         0  eeprom.o ABSOLUTE
    ..\src\main.c                            0x00000000   Number         0  main.o ABSOLUTE
    dc.s                                     0x00000000   Number         0  dc.o ABSOLUTE
    RESET                                    0x08000000   Section      524  startup_at32f435_437.o(RESET)
    !!!main                                  0x0800020c   Section        8  __main.o(!!!main)
    !!!scatter                               0x08000214   Section       52  __scatter.o(!!!scatter)
    !!handler_copy                           0x08000248   Section       26  __scatter_copy.o(!!handler_copy)
    !!handler_zi                             0x08000264   Section       28  __scatter_zi.o(!!handler_zi)
    .ARM.Collect$$libinit$$00000000          0x08000280   Section        2  libinit.o(.ARM.Collect$$libinit$$00000000)
    .ARM.Collect$$libinit$$00000001          0x08000282   Section        4  libinit2.o(.ARM.Collect$$libinit$$00000001)
    .ARM.Collect$$libinit$$00000004          0x08000286   Section        0  libinit2.o(.ARM.Collect$$libinit$$00000004)
    .ARM.Collect$$libinit$$0000000A          0x08000286   Section        0  libinit2.o(.ARM.Collect$$libinit$$0000000A)
    .ARM.Collect$$libinit$$0000000C          0x08000286   Section        0  libinit2.o(.ARM.Collect$$libinit$$0000000C)
    .ARM.Collect$$libinit$$0000000E          0x08000286   Section        0  libinit2.o(.ARM.Collect$$libinit$$0000000E)
    .ARM.Collect$$libinit$$00000011          0x08000286   Section        0  libinit2.o(.ARM.Collect$$libinit$$00000011)
    .ARM.Collect$$libinit$$00000013          0x08000286   Section        0  libinit2.o(.ARM.Collect$$libinit$$00000013)
    .ARM.Collect$$libinit$$00000015          0x08000286   Section        0  libinit2.o(.ARM.Collect$$libinit$$00000015)
    .ARM.Collect$$libinit$$00000017          0x08000286   Section        0  libinit2.o(.ARM.Collect$$libinit$$00000017)
    .ARM.Collect$$libinit$$00000019          0x08000286   Section        0  libinit2.o(.ARM.Collect$$libinit$$00000019)
    .ARM.Collect$$libinit$$0000001B          0x08000286   Section        0  libinit2.o(.ARM.Collect$$libinit$$0000001B)
    .ARM.Collect$$libinit$$0000001D          0x08000286   Section        0  libinit2.o(.ARM.Collect$$libinit$$0000001D)
    .ARM.Collect$$libinit$$0000001F          0x08000286   Section        0  libinit2.o(.ARM.Collect$$libinit$$0000001F)
    .ARM.Collect$$libinit$$00000021          0x08000286   Section        0  libinit2.o(.ARM.Collect$$libinit$$00000021)
    .ARM.Collect$$libinit$$00000023          0x08000286   Section        0  libinit2.o(.ARM.Collect$$libinit$$00000023)
    .ARM.Collect$$libinit$$00000025          0x08000286   Section        0  libinit2.o(.ARM.Collect$$libinit$$00000025)
    .ARM.Collect$$libinit$$0000002C          0x08000286   Section        0  libinit2.o(.ARM.Collect$$libinit$$0000002C)
    .ARM.Collect$$libinit$$0000002E          0x08000286   Section        0  libinit2.o(.ARM.Collect$$libinit$$0000002E)
    .ARM.Collect$$libinit$$00000030          0x08000286   Section        0  libinit2.o(.ARM.Collect$$libinit$$00000030)
    .ARM.Collect$$libinit$$00000032          0x08000286   Section        0  libinit2.o(.ARM.Collect$$libinit$$00000032)
    .ARM.Collect$$libinit$$00000033          0x08000286   Section        2  libinit2.o(.ARM.Collect$$libinit$$00000033)
    .ARM.Collect$$libshutdown$$00000000      0x08000288   Section        2  libshutdown.o(.ARM.Collect$$libshutdown$$00000000)
    .ARM.Collect$$libshutdown$$00000002      0x0800028a   Section        0  libshutdown2.o(.ARM.Collect$$libshutdown$$00000002)
    .ARM.Collect$$libshutdown$$00000004      0x0800028a   Section        0  libshutdown2.o(.ARM.Collect$$libshutdown$$00000004)
    .ARM.Collect$$libshutdown$$00000006      0x0800028a   Section        0  libshutdown2.o(.ARM.Collect$$libshutdown$$00000006)
    .ARM.Collect$$libshutdown$$00000009      0x0800028a   Section        0  libshutdown2.o(.ARM.Collect$$libshutdown$$00000009)
    .ARM.Collect$$libshutdown$$0000000C      0x0800028a   Section        0  libshutdown2.o(.ARM.Collect$$libshutdown$$0000000C)
    .ARM.Collect$$libshutdown$$0000000E      0x0800028a   Section        0  libshutdown2.o(.ARM.Collect$$libshutdown$$0000000E)
    .ARM.Collect$$libshutdown$$00000011      0x0800028a   Section        0  libshutdown2.o(.ARM.Collect$$libshutdown$$00000011)
    .ARM.Collect$$libshutdown$$00000012      0x0800028a   Section        2  libshutdown2.o(.ARM.Collect$$libshutdown$$00000012)
    .ARM.Collect$$rtentry$$00000000          0x0800028c   Section        0  __rtentry.o(.ARM.Collect$$rtentry$$00000000)
    .ARM.Collect$$rtentry$$00000002          0x0800028c   Section        0  __rtentry2.o(.ARM.Collect$$rtentry$$00000002)
    .ARM.Collect$$rtentry$$00000004          0x0800028c   Section        6  __rtentry4.o(.ARM.Collect$$rtentry$$00000004)
    .ARM.Collect$$rtentry$$00000009          0x08000292   Section        0  __rtentry2.o(.ARM.Collect$$rtentry$$00000009)
    .ARM.Collect$$rtentry$$0000000A          0x08000292   Section        4  __rtentry2.o(.ARM.Collect$$rtentry$$0000000A)
    .ARM.Collect$$rtentry$$0000000C          0x08000296   Section        0  __rtentry2.o(.ARM.Collect$$rtentry$$0000000C)
    .ARM.Collect$$rtentry$$0000000D          0x08000296   Section        8  __rtentry2.o(.ARM.Collect$$rtentry$$0000000D)
    .ARM.Collect$$rtexit$$00000000           0x0800029e   Section        2  rtexit.o(.ARM.Collect$$rtexit$$00000000)
    .ARM.Collect$$rtexit$$00000002           0x080002a0   Section        0  rtexit2.o(.ARM.Collect$$rtexit$$00000002)
    .ARM.Collect$$rtexit$$00000003           0x080002a0   Section        4  rtexit2.o(.ARM.Collect$$rtexit$$00000003)
    .ARM.Collect$$rtexit$$00000004           0x080002a4   Section        6  rtexit2.o(.ARM.Collect$$rtexit$$00000004)
    .text                                    0x080002ac   Section       64  startup_at32f435_437.o(.text)
    $v0                                      0x080002ac   Number         0  startup_at32f435_437.o(.text)
    .text                                    0x080002ec   Section        2  use_no_semi_2.o(.text)
    .text                                    0x080002ee   Section      238  lludivv7m.o(.text)
    .text                                    0x080003dc   Section        0  heapauxi.o(.text)
    .text                                    0x080003e2   Section        2  use_no_semi.o(.text)
    .text                                    0x080003e4   Section       74  sys_stackheap_outer.o(.text)
    .text                                    0x0800042e   Section        0  exit.o(.text)
    .text                                    0x08000440   Section        8  libspace.o(.text)
    i.BusFault_Handler                       0x08000448   Section        0  at32f435_437_int.o(i.BusFault_Handler)
    i.DMA1_Channel1_IRQHandler               0x0800044c   Section        0  at32f435_437_int.o(i.DMA1_Channel1_IRQHandler)
    i.DMA1_Channel2_IRQHandler               0x0800045c   Section        0  at32f435_437_int.o(i.DMA1_Channel2_IRQHandler)
    i.DebugMon_Handler                       0x0800046c   Section        0  at32f435_437_int.o(i.DebugMon_Handler)
    i.HardFault_Handler                      0x0800046e   Section        0  at32f435_437_int.o(i.HardFault_Handler)
    i.I2C2_ERR_IRQHandler                    0x08000474   Section        0  at32f435_437_int.o(i.I2C2_ERR_IRQHandler)
    i.I2C2_EVT_IRQHandler                    0x08000484   Section        0  at32f435_437_int.o(i.I2C2_EVT_IRQHandler)
    i.MemManage_Handler                      0x08000494   Section        0  at32f435_437_int.o(i.MemManage_Handler)
    i.NMI_Handler                            0x08000498   Section        0  at32f435_437_int.o(i.NMI_Handler)
    i.PendSV_Handler                         0x0800049a   Section        0  at32f435_437_int.o(i.PendSV_Handler)
    i.SVC_Handler                            0x0800049c   Section        0  at32f435_437_int.o(i.SVC_Handler)
    i.SysTick_Handler                        0x0800049e   Section        0  at32f435_437_int.o(i.SysTick_Handler)
    i.SystemInit                             0x080004a0   Section        0  system_at32f435_437.o(i.SystemInit)
    i.UsageFault_Handler                     0x08000530   Section        0  at32f435_437_int.o(i.UsageFault_Handler)
    i._sys_exit                              0x08000534   Section        0  at32f435_437_board.o(i._sys_exit)
    i.at32_board_init                        0x08000538   Section        0  at32f435_437_board.o(i.at32_board_init)
    i.at32_button_init                       0x08000568   Section        0  at32f435_437_board.o(i.at32_button_init)
    i.at32_button_press                      0x080005a8   Section        0  at32f435_437_board.o(i.at32_button_press)
    i.at32_button_state                      0x080005e4   Section        0  at32f435_437_board.o(i.at32_button_state)
    i.at32_led_init                          0x080005f8   Section        0  at32f435_437_board.o(i.at32_led_init)
    i.at32_led_off                           0x08000648   Section        0  at32f435_437_board.o(i.at32_led_off)
    i.at32_led_on                            0x08000670   Section        0  at32f435_437_board.o(i.at32_led_on)
    i.at32_led_toggle                        0x08000698   Section        0  at32f435_437_board.o(i.at32_led_toggle)
    i.buffer_compare                         0x080006cc   Section        0  main.o(i.buffer_compare)
    i.crm_ahb_div_set                        0x080006ec   Section        0  at32f435_437_crm.o(i.crm_ahb_div_set)
    i.crm_apb1_div_set                       0x08000700   Section        0  at32f435_437_crm.o(i.crm_apb1_div_set)
    i.crm_apb2_div_set                       0x08000714   Section        0  at32f435_437_crm.o(i.crm_apb2_div_set)
    i.crm_auto_step_mode_enable              0x08000728   Section        0  at32f435_437_crm.o(i.crm_auto_step_mode_enable)
    i.crm_clock_source_enable                0x08000750   Section        0  at32f435_437_crm.o(i.crm_clock_source_enable)
    i.crm_flag_get                           0x080007b8   Section        0  at32f435_437_crm.o(i.crm_flag_get)
    i.crm_hext_stable_wait                   0x080007e8   Section        0  at32f435_437_crm.o(i.crm_hext_stable_wait)
    i.crm_periph_clock_enable                0x08000818   Section        0  at32f435_437_crm.o(i.crm_periph_clock_enable)
    i.crm_periph_reset                       0x08000864   Section        0  at32f435_437_crm.o(i.crm_periph_reset)
    i.crm_pll_config                         0x080008b0   Section        0  at32f435_437_crm.o(i.crm_pll_config)
    i.crm_reset                              0x080008f8   Section        0  at32f435_437_crm.o(i.crm_reset)
    i.crm_sysclk_switch                      0x08000970   Section        0  at32f435_437_crm.o(i.crm_sysclk_switch)
    i.crm_sysclk_switch_status_get           0x080009ac   Section        0  at32f435_437_crm.o(i.crm_sysclk_switch_status_get)
    i.delay_init                             0x080009bc   Section        0  at32f435_437_board.o(i.delay_init)
    i.delay_ms                               0x080009f4   Section        0  at32f435_437_board.o(i.delay_ms)
    i.dma_channel_enable                     0x08000a68   Section        0  at32f435_437_dma.o(i.dma_channel_enable)
    i.dma_flag_clear                         0x08000a74   Section        0  at32f435_437_dma.o(i.dma_flag_clear)
    i.dma_flag_get                           0x08000a94   Section        0  at32f435_437_dma.o(i.dma_flag_get)
    i.dma_init                               0x08000ac0   Section        0  at32f435_437_dma.o(i.dma_init)
    i.dma_interrupt_enable                   0x08000b22   Section        0  at32f435_437_dma.o(i.dma_interrupt_enable)
    i.dma_reset                              0x08000b34   Section        0  at32f435_437_dma.o(i.dma_reset)
    i.dmamux_enable                          0x08000ba4   Section        0  at32f435_437_dma.o(i.dmamux_enable)
    i.dmamux_init                            0x08000bb2   Section        0  at32f435_437_dma.o(i.dmamux_init)
    i.eeprom_read_buffer                     0x08000bbc   Section        0  eeprom.o(i.eeprom_read_buffer)
    i.eeprom_ready_check                     0x08000c34   Section        0  eeprom.o(i.eeprom_ready_check)
    i.eeprom_ready_wait                      0x08000cbe   Section        0  eeprom.o(i.eeprom_ready_wait)
    i.eeprom_write_buffer                    0x08000cec   Section        0  eeprom.o(i.eeprom_write_buffer)
    i.eeprom_write_page                      0x08000e00   Section        0  eeprom.o(i.eeprom_write_page)
    i.error_handler                          0x08000e78   Section        0  main.o(i.error_handler)
    i.gpio_default_para_init                 0x08000e8a   Section        0  at32f435_437_gpio.o(i.gpio_default_para_init)
    i.gpio_init                              0x08000e9e   Section        0  at32f435_437_gpio.o(i.gpio_init)
    i.gpio_input_data_bit_read               0x08000f18   Section        0  at32f435_437_gpio.o(i.gpio_input_data_bit_read)
    i.gpio_pin_mux_config                    0x08000f2a   Section        0  at32f435_437_gpio.o(i.gpio_pin_mux_config)
    i.i2c_config                             0x08000f6c   Section        0  i2c_application.o(i.i2c_config)
    i.i2c_data_receive                       0x08000f86   Section        0  at32f435_437_i2c.o(i.i2c_data_receive)
    i.i2c_data_send                          0x08000f8e   Section        0  at32f435_437_i2c.o(i.i2c_data_send)
    i.i2c_dma_config                         0x08000f92   Section        0  i2c_application.o(i.i2c_dma_config)
    i.i2c_dma_enable                         0x08000ff4   Section        0  at32f435_437_i2c.o(i.i2c_dma_enable)
    i.i2c_dma_rx_irq_handler                 0x0800100a   Section        0  i2c_application.o(i.i2c_dma_rx_irq_handler)
    i.i2c_dma_tx_irq_handler                 0x08001018   Section        0  i2c_application.o(i.i2c_dma_tx_irq_handler)
    i.i2c_dma_tx_rx_irq_handler              0x08001028   Section        0  i2c_application.o(i.i2c_dma_tx_rx_irq_handler)
    i.i2c_enable                             0x08001238   Section        0  at32f435_437_i2c.o(i.i2c_enable)
    i.i2c_err_irq_handler                    0x08001242   Section        0  i2c_application.o(i.i2c_err_irq_handler)
    i.i2c_evt_irq_handler                    0x08001320   Section        0  i2c_application.o(i.i2c_evt_irq_handler)
    i.i2c_flag_clear                         0x08001364   Section        0  at32f435_437_i2c.o(i.i2c_flag_clear)
    i.i2c_flag_get                           0x08001368   Section        0  at32f435_437_i2c.o(i.i2c_flag_get)
    i.i2c_init                               0x08001378   Section        0  at32f435_437_i2c.o(i.i2c_init)
    i.i2c_interrupt_enable                   0x0800138c   Section        0  at32f435_437_i2c.o(i.i2c_interrupt_enable)
    i.i2c_lowlevel_init                      0x080013a0   Section        0  main.o(i.i2c_lowlevel_init)
    i.i2c_master_irq_handler_dma             0x080014ec   Section        0  i2c_application.o(i.i2c_master_irq_handler_dma)
    i.i2c_master_irq_handler_int             0x080015ac   Section        0  i2c_application.o(i.i2c_master_irq_handler_int)
    i.i2c_memory_address_send                0x080016b0   Section        0  i2c_application.o(i.i2c_memory_address_send)
    i.i2c_memory_read                        0x080016f4   Section        0  i2c_application.o(i.i2c_memory_read)
    i.i2c_memory_read_dma                    0x080017fa   Section        0  i2c_application.o(i.i2c_memory_read_dma)
    i.i2c_memory_read_int                    0x080018ae   Section        0  i2c_application.o(i.i2c_memory_read_int)
    i.i2c_memory_write                       0x0800194c   Section        0  i2c_application.o(i.i2c_memory_write)
    i.i2c_memory_write_dma                   0x08001a3c   Section        0  i2c_application.o(i.i2c_memory_write_dma)
    i.i2c_memory_write_int                   0x08001af0   Section        0  i2c_application.o(i.i2c_memory_write_int)
    i.i2c_own_address1_set                   0x08001b78   Section        0  at32f435_437_i2c.o(i.i2c_own_address1_set)
    i.i2c_refresh_txdt_register              0x08001b96   Section        0  i2c_application.o(i.i2c_refresh_txdt_register)
    i.i2c_reset                              0x08001bc4   Section        0  at32f435_437_i2c.o(i.i2c_reset)
    i.i2c_reset_ctrl2_register               0x08001c28   Section        0  i2c_application.o(i.i2c_reset_ctrl2_register)
    i.i2c_slave_irq_handler_dma              0x08001c66   Section        0  i2c_application.o(i.i2c_slave_irq_handler_dma)
    i.i2c_slave_irq_handler_int              0x08001cec   Section        0  i2c_application.o(i.i2c_slave_irq_handler_int)
    i.i2c_start_transfer                     0x08001ddc   Section        0  i2c_application.o(i.i2c_start_transfer)
    i.i2c_start_transfer_dma                 0x08001e1a   Section        0  i2c_application.o(i.i2c_start_transfer_dma)
    i.i2c_stop_generate                      0x08001e72   Section        0  at32f435_437_i2c.o(i.i2c_stop_generate)
    i.i2c_transfer_addr_get                  0x08001e80   Section        0  at32f435_437_i2c.o(i.i2c_transfer_addr_get)
    i.i2c_transmit_set                       0x08001e8c   Section        0  at32f435_437_i2c.o(i.i2c_transmit_set)
    i.i2c_wait_end                           0x08001eac   Section        0  i2c_application.o(i.i2c_wait_end)
    i.i2c_wait_flag                          0x08001ece   Section        0  i2c_application.o(i.i2c_wait_flag)
    i.main                                   0x08001f64   Section        0  main.o(i.main)
    i.nvic_irq_enable                        0x080020f0   Section        0  at32f435_437_misc.o(i.nvic_irq_enable)
    i.nvic_priority_group_config             0x080021b8   Section        0  at32f435_437_misc.o(i.nvic_priority_group_config)
    i.system_clock_config                    0x080021e0   Section        0  at32f435_437_clock.o(i.system_clock_config)
    i.system_core_clock_update               0x0800227c   Section        0  system_at32f435_437.o(i.system_core_clock_update)
    i.systick_clock_source_config            0x0800236c   Section        0  at32f435_437_misc.o(i.systick_clock_source_config)
    x$fpl$fpinit                             0x08002394   Section       10  fpinit.o(x$fpl$fpinit)
    $v0                                      0x08002394   Number         0  fpinit.o(x$fpl$fpinit)
    .constdata                               0x0800239e   Section       22  system_at32f435_437.o(.constdata)
    sys_ahb_div_table                        0x0800239e   Data          16  system_at32f435_437.o(.constdata)
    pll_fr_table                             0x080023ae   Data           6  system_at32f435_437.o(.constdata)
    .data                                    0x20000000   Section       36  main.o(.data)
    .data                                    0x20000024   Section       45  at32f435_437_board.o(.data)
    fac_us                                   0x20000044   Data           4  at32f435_437_board.o(.data)
    fac_ms                                   0x20000048   Data           4  at32f435_437_board.o(.data)
    pressed                                  0x20000050   Data           1  at32f435_437_board.o(.data)
    .data                                    0x20000054   Section        4  system_at32f435_437.o(.data)
    .bss                                     0x20000058   Section       88  main.o(.bss)
    .bss                                     0x200000b0   Section       96  libspace.o(.bss)
    HEAP                                     0x20000110   Section      512  startup_at32f435_437.o(HEAP)
    Heap_Mem                                 0x20000110   Data         512  startup_at32f435_437.o(HEAP)
    STACK                                    0x20000310   Section     1024  startup_at32f435_437.o(STACK)
    Stack_Mem                                0x20000310   Data        1024  startup_at32f435_437.o(STACK)
    __initial_sp                             0x20000710   Data           0  startup_at32f435_437.o(STACK)

    Global Symbols

    Symbol Name                              Value     Ov Type        Size  Object(Section)

    BuildAttributes$$THM_ISAv4$E$P$D$K$B$S$7EM$VFPi3$EXTD16$VFPS$VFMA$PE$A:L22UL41UL21$X:L11$S22US41US21$IEEE1$IW$USESV6$~STKCKD$USESV7$~SHL$OSPACE$ROPI$EBA8$UX$STANDARDLIB$REQ8$PRES8$EABIv2 0x00000000   Number         0  anon$$obj.o ABSOLUTE
    __ARM_use_no_argv                        0x00000000   Number         0  main.o ABSOLUTE
    __ARM_exceptions_init                     - Undefined Weak Reference
    __alloca_initialize                       - Undefined Weak Reference
    __arm_fini_                               - Undefined Weak Reference
    __arm_preinit_                            - Undefined Weak Reference
    __cpp_initialize__aeabi_                  - Undefined Weak Reference
    __cxa_finalize                            - Undefined Weak Reference
    __rt_locale                               - Undefined Weak Reference
    __sigvec_lookup                           - Undefined Weak Reference
    _atexit_init                              - Undefined Weak Reference
    _call_atexit_fns                          - Undefined Weak Reference
    _clock_init                               - Undefined Weak Reference
    _fp_trap_init                             - Undefined Weak Reference
    _fp_trap_shutdown                         - Undefined Weak Reference
    _get_lc_collate                           - Undefined Weak Reference
    _get_lc_ctype                             - Undefined Weak Reference
    _get_lc_monetary                          - Undefined Weak Reference
    _get_lc_numeric                           - Undefined Weak Reference
    _get_lc_time                              - Undefined Weak Reference
    _getenv_init                              - Undefined Weak Reference
    _handle_redirection                       - Undefined Weak Reference
    _init_alloc                               - Undefined Weak Reference
    _init_user_alloc                          - Undefined Weak Reference
    _initio                                   - Undefined Weak Reference
    _rand_init                                - Undefined Weak Reference
    _signal_finish                            - Undefined Weak Reference
    _signal_init                              - Undefined Weak Reference
    _terminate_alloc                          - Undefined Weak Reference
    _terminate_user_alloc                     - Undefined Weak Reference
    _terminateio                              - Undefined Weak Reference
    __Vectors_Size                           0x0000020c   Number         0  startup_at32f435_437.o ABSOLUTE
    __Vectors                                0x08000000   Data           4  startup_at32f435_437.o(RESET)
    __Vectors_End                            0x0800020c   Data           0  startup_at32f435_437.o(RESET)
    __main                                   0x0800020d   Thumb Code     8  __main.o(!!!main)
    __scatterload                            0x08000215   Thumb Code     0  __scatter.o(!!!scatter)
    __scatterload_rt2                        0x08000215   Thumb Code    44  __scatter.o(!!!scatter)
    __scatterload_rt2_thumb_only             0x08000215   Thumb Code     0  __scatter.o(!!!scatter)
    __scatterload_null                       0x08000223   Thumb Code     0  __scatter.o(!!!scatter)
    __scatterload_copy                       0x08000249   Thumb Code    26  __scatter_copy.o(!!handler_copy)
    __scatterload_zeroinit                   0x08000265   Thumb Code    28  __scatter_zi.o(!!handler_zi)
    __rt_lib_init                            0x08000281   Thumb Code     0  libinit.o(.ARM.Collect$$libinit$$00000000)
    __rt_lib_init_fp_1                       0x08000283   Thumb Code     0  libinit2.o(.ARM.Collect$$libinit$$00000001)
    __rt_lib_init_alloca_1                   0x08000287   Thumb Code     0  libinit2.o(.ARM.Collect$$libinit$$0000002E)
    __rt_lib_init_argv_1                     0x08000287   Thumb Code     0  libinit2.o(.ARM.Collect$$libinit$$0000002C)
    __rt_lib_init_atexit_1                   0x08000287   Thumb Code     0  libinit2.o(.ARM.Collect$$libinit$$0000001B)
    __rt_lib_init_clock_1                    0x08000287   Thumb Code     0  libinit2.o(.ARM.Collect$$libinit$$00000021)
    __rt_lib_init_cpp_1                      0x08000287   Thumb Code     0  libinit2.o(.ARM.Collect$$libinit$$00000032)
    __rt_lib_init_exceptions_1               0x08000287   Thumb Code     0  libinit2.o(.ARM.Collect$$libinit$$00000030)
    __rt_lib_init_fp_trap_1                  0x08000287   Thumb Code     0  libinit2.o(.ARM.Collect$$libinit$$0000001F)
    __rt_lib_init_getenv_1                   0x08000287   Thumb Code     0  libinit2.o(.ARM.Collect$$libinit$$00000023)
    __rt_lib_init_heap_1                     0x08000287   Thumb Code     0  libinit2.o(.ARM.Collect$$libinit$$0000000A)
    __rt_lib_init_lc_collate_1               0x08000287   Thumb Code     0  libinit2.o(.ARM.Collect$$libinit$$00000011)
    __rt_lib_init_lc_ctype_1                 0x08000287   Thumb Code     0  libinit2.o(.ARM.Collect$$libinit$$00000013)
    __rt_lib_init_lc_monetary_1              0x08000287   Thumb Code     0  libinit2.o(.ARM.Collect$$libinit$$00000015)
    __rt_lib_init_lc_numeric_1               0x08000287   Thumb Code     0  libinit2.o(.ARM.Collect$$libinit$$00000017)
    __rt_lib_init_lc_time_1                  0x08000287   Thumb Code     0  libinit2.o(.ARM.Collect$$libinit$$00000019)
    __rt_lib_init_preinit_1                  0x08000287   Thumb Code     0  libinit2.o(.ARM.Collect$$libinit$$00000004)
    __rt_lib_init_rand_1                     0x08000287   Thumb Code     0  libinit2.o(.ARM.Collect$$libinit$$0000000E)
    __rt_lib_init_return                     0x08000287   Thumb Code     0  libinit2.o(.ARM.Collect$$libinit$$00000033)
    __rt_lib_init_signal_1                   0x08000287   Thumb Code     0  libinit2.o(.ARM.Collect$$libinit$$0000001D)
    __rt_lib_init_stdio_1                    0x08000287   Thumb Code     0  libinit2.o(.ARM.Collect$$libinit$$00000025)
    __rt_lib_init_user_alloc_1               0x08000287   Thumb Code     0  libinit2.o(.ARM.Collect$$libinit$$0000000C)
    __rt_lib_shutdown                        0x08000289   Thumb Code     0  libshutdown.o(.ARM.Collect$$libshutdown$$00000000)
    __rt_lib_shutdown_cpp_1                  0x0800028b   Thumb Code     0  libshutdown2.o(.ARM.Collect$$libshutdown$$00000004)
    __rt_lib_shutdown_fini_1                 0x0800028b   Thumb Code     0  libshutdown2.o(.ARM.Collect$$libshutdown$$00000002)
    __rt_lib_shutdown_fp_trap_1              0x0800028b   Thumb Code     0  libshutdown2.o(.ARM.Collect$$libshutdown$$00000009)
    __rt_lib_shutdown_heap_1                 0x0800028b   Thumb Code     0  libshutdown2.o(.ARM.Collect$$libshutdown$$00000011)
    __rt_lib_shutdown_return                 0x0800028b   Thumb Code     0  libshutdown2.o(.ARM.Collect$$libshutdown$$00000012)
    __rt_lib_shutdown_signal_1               0x0800028b   Thumb Code     0  libshutdown2.o(.ARM.Collect$$libshutdown$$0000000C)
    __rt_lib_shutdown_stdio_1                0x0800028b   Thumb Code     0  libshutdown2.o(.ARM.Collect$$libshutdown$$00000006)
    __rt_lib_shutdown_user_alloc_1           0x0800028b   Thumb Code     0  libshutdown2.o(.ARM.Collect$$libshutdown$$0000000E)
    __rt_entry                               0x0800028d   Thumb Code     0  __rtentry.o(.ARM.Collect$$rtentry$$00000000)
    __rt_entry_presh_1                       0x0800028d   Thumb Code     0  __rtentry2.o(.ARM.Collect$$rtentry$$00000002)
    __rt_entry_sh                            0x0800028d   Thumb Code     0  __rtentry4.o(.ARM.Collect$$rtentry$$00000004)
    __rt_entry_li                            0x08000293   Thumb Code     0  __rtentry2.o(.ARM.Collect$$rtentry$$0000000A)
    __rt_entry_postsh_1                      0x08000293   Thumb Code     0  __rtentry2.o(.ARM.Collect$$rtentry$$00000009)
    __rt_entry_main                          0x08000297   Thumb Code     0  __rtentry2.o(.ARM.Collect$$rtentry$$0000000D)
    __rt_entry_postli_1                      0x08000297   Thumb Code     0  __rtentry2.o(.ARM.Collect$$rtentry$$0000000C)
    __rt_exit                                0x0800029f   Thumb Code     0  rtexit.o(.ARM.Collect$$rtexit$$00000000)
    __rt_exit_ls                             0x080002a1   Thumb Code     0  rtexit2.o(.ARM.Collect$$rtexit$$00000003)
    __rt_exit_prels_1                        0x080002a1   Thumb Code     0  rtexit2.o(.ARM.Collect$$rtexit$$00000002)
    __rt_exit_exit                           0x080002a5   Thumb Code     0  rtexit2.o(.ARM.Collect$$rtexit$$00000004)
    Reset_Handler                            0x080002ad   Thumb Code     8  startup_at32f435_437.o(.text)
    ACC_IRQHandler                           0x080002c7   Thumb Code     0  startup_at32f435_437.o(.text)
    ADC1_2_3_IRQHandler                      0x080002c7   Thumb Code     0  startup_at32f435_437.o(.text)
    CAN1_RX0_IRQHandler                      0x080002c7   Thumb Code     0  startup_at32f435_437.o(.text)
    CAN1_RX1_IRQHandler                      0x080002c7   Thumb Code     0  startup_at32f435_437.o(.text)
    CAN1_SE_IRQHandler                       0x080002c7   Thumb Code     0  startup_at32f435_437.o(.text)
    CAN1_TX_IRQHandler                       0x080002c7   Thumb Code     0  startup_at32f435_437.o(.text)
    CAN2_RX0_IRQHandler                      0x080002c7   Thumb Code     0  startup_at32f435_437.o(.text)
    CAN2_RX1_IRQHandler                      0x080002c7   Thumb Code     0  startup_at32f435_437.o(.text)
    CAN2_SE_IRQHandler                       0x080002c7   Thumb Code     0  startup_at32f435_437.o(.text)
    CAN2_TX_IRQHandler                       0x080002c7   Thumb Code     0  startup_at32f435_437.o(.text)
    CRM_IRQHandler                           0x080002c7   Thumb Code     0  startup_at32f435_437.o(.text)
    DMA1_Channel3_IRQHandler                 0x080002c7   Thumb Code     0  startup_at32f435_437.o(.text)
    DMA1_Channel4_IRQHandler                 0x080002c7   Thumb Code     0  startup_at32f435_437.o(.text)
    DMA1_Channel5_IRQHandler                 0x080002c7   Thumb Code     0  startup_at32f435_437.o(.text)
    DMA1_Channel6_IRQHandler                 0x080002c7   Thumb Code     0  startup_at32f435_437.o(.text)
    DMA1_Channel7_IRQHandler                 0x080002c7   Thumb Code     0  startup_at32f435_437.o(.text)
    DMA2_Channel1_IRQHandler                 0x080002c7   Thumb Code     0  startup_at32f435_437.o(.text)
    DMA2_Channel2_IRQHandler                 0x080002c7   Thumb Code     0  startup_at32f435_437.o(.text)
    DMA2_Channel3_IRQHandler                 0x080002c7   Thumb Code     0  startup_at32f435_437.o(.text)
    DMA2_Channel4_IRQHandler                 0x080002c7   Thumb Code     0  startup_at32f435_437.o(.text)
    DMA2_Channel5_IRQHandler                 0x080002c7   Thumb Code     0  startup_at32f435_437.o(.text)
    DMA2_Channel6_IRQHandler                 0x080002c7   Thumb Code     0  startup_at32f435_437.o(.text)
    DMA2_Channel7_IRQHandler                 0x080002c7   Thumb Code     0  startup_at32f435_437.o(.text)
    DMAMUX_IRQHandler                        0x080002c7   Thumb Code     0  startup_at32f435_437.o(.text)
    DVP_IRQHandler                           0x080002c7   Thumb Code     0  startup_at32f435_437.o(.text)
    EDMA_Stream1_IRQHandler                  0x080002c7   Thumb Code     0  startup_at32f435_437.o(.text)
    EDMA_Stream2_IRQHandler                  0x080002c7   Thumb Code     0  startup_at32f435_437.o(.text)
    EDMA_Stream3_IRQHandler                  0x080002c7   Thumb Code     0  startup_at32f435_437.o(.text)
    EDMA_Stream4_IRQHandler                  0x080002c7   Thumb Code     0  startup_at32f435_437.o(.text)
    EDMA_Stream5_IRQHandler                  0x080002c7   Thumb Code     0  startup_at32f435_437.o(.text)
    EDMA_Stream6_IRQHandler                  0x080002c7   Thumb Code     0  startup_at32f435_437.o(.text)
    EDMA_Stream7_IRQHandler                  0x080002c7   Thumb Code     0  startup_at32f435_437.o(.text)
    EDMA_Stream8_IRQHandler                  0x080002c7   Thumb Code     0  startup_at32f435_437.o(.text)
    EMAC_IRQHandler                          0x080002c7   Thumb Code     0  startup_at32f435_437.o(.text)
    EMAC_WKUP_IRQHandler                     0x080002c7   Thumb Code     0  startup_at32f435_437.o(.text)
    ERTCAlarm_IRQHandler                     0x080002c7   Thumb Code     0  startup_at32f435_437.o(.text)
    ERTC_WKUP_IRQHandler                     0x080002c7   Thumb Code     0  startup_at32f435_437.o(.text)
    EXINT0_IRQHandler                        0x080002c7   Thumb Code     0  startup_at32f435_437.o(.text)
    EXINT15_10_IRQHandler                    0x080002c7   Thumb Code     0  startup_at32f435_437.o(.text)
    EXINT1_IRQHandler                        0x080002c7   Thumb Code     0  startup_at32f435_437.o(.text)
    EXINT2_IRQHandler                        0x080002c7   Thumb Code     0  startup_at32f435_437.o(.text)
    EXINT3_IRQHandler                        0x080002c7   Thumb Code     0  startup_at32f435_437.o(.text)
    EXINT4_IRQHandler                        0x080002c7   Thumb Code     0  startup_at32f435_437.o(.text)
    EXINT9_5_IRQHandler                      0x080002c7   Thumb Code     0  startup_at32f435_437.o(.text)
    FLASH_IRQHandler                         0x080002c7   Thumb Code     0  startup_at32f435_437.o(.text)
    FPU_IRQHandler                           0x080002c7   Thumb Code     0  startup_at32f435_437.o(.text)
    I2C1_ERR_IRQHandler                      0x080002c7   Thumb Code     0  startup_at32f435_437.o(.text)
    I2C1_EVT_IRQHandler                      0x080002c7   Thumb Code     0  startup_at32f435_437.o(.text)
    I2C3_ERR_IRQHandler                      0x080002c7   Thumb Code     0  startup_at32f435_437.o(.text)
    I2C3_EVT_IRQHandler                      0x080002c7   Thumb Code     0  startup_at32f435_437.o(.text)
    OTGFS1_IRQHandler                        0x080002c7   Thumb Code     0  startup_at32f435_437.o(.text)
    OTGFS1_WKUP_IRQHandler                   0x080002c7   Thumb Code     0  startup_at32f435_437.o(.text)
    OTGFS2_IRQHandler                        0x080002c7   Thumb Code     0  startup_at32f435_437.o(.text)
    OTGFS2_WKUP_IRQHandler                   0x080002c7   Thumb Code     0  startup_at32f435_437.o(.text)
    PVM_IRQHandler                           0x080002c7   Thumb Code     0  startup_at32f435_437.o(.text)
    QSPI1_IRQHandler                         0x080002c7   Thumb Code     0  startup_at32f435_437.o(.text)
    QSPI2_IRQHandler                         0x080002c7   Thumb Code     0  startup_at32f435_437.o(.text)
    SDIO1_IRQHandler                         0x080002c7   Thumb Code     0  startup_at32f435_437.o(.text)
    SDIO2_IRQHandler                         0x080002c7   Thumb Code     0  startup_at32f435_437.o(.text)
    SPI1_IRQHandler                          0x080002c7   Thumb Code     0  startup_at32f435_437.o(.text)
    SPI2_I2S2EXT_IRQHandler                  0x080002c7   Thumb Code     0  startup_at32f435_437.o(.text)
    SPI3_I2S3EXT_IRQHandler                  0x080002c7   Thumb Code     0  startup_at32f435_437.o(.text)
    SPI4_IRQHandler                          0x080002c7   Thumb Code     0  startup_at32f435_437.o(.text)
    TAMP_STAMP_IRQHandler                    0x080002c7   Thumb Code     0  startup_at32f435_437.o(.text)
    TMR1_BRK_TMR9_IRQHandler                 0x080002c7   Thumb Code     0  startup_at32f435_437.o(.text)
    TMR1_CH_IRQHandler                       0x080002c7   Thumb Code     0  startup_at32f435_437.o(.text)
    TMR1_OVF_TMR10_IRQHandler                0x080002c7   Thumb Code     0  startup_at32f435_437.o(.text)
    TMR1_TRG_HALL_TMR11_IRQHandler           0x080002c7   Thumb Code     0  startup_at32f435_437.o(.text)
    TMR20_BRK_IRQHandler                     0x080002c7   Thumb Code     0  startup_at32f435_437.o(.text)
    TMR20_CH_IRQHandler                      0x080002c7   Thumb Code     0  startup_at32f435_437.o(.text)
    TMR20_OVF_IRQHandler                     0x080002c7   Thumb Code     0  startup_at32f435_437.o(.text)
    TMR20_TRG_HALL_IRQHandler                0x080002c7   Thumb Code     0  startup_at32f435_437.o(.text)
    TMR2_GLOBAL_IRQHandler                   0x080002c7   Thumb Code     0  startup_at32f435_437.o(.text)
    TMR3_GLOBAL_IRQHandler                   0x080002c7   Thumb Code     0  startup_at32f435_437.o(.text)
    TMR4_GLOBAL_IRQHandler                   0x080002c7   Thumb Code     0  startup_at32f435_437.o(.text)
    TMR5_GLOBAL_IRQHandler                   0x080002c7   Thumb Code     0  startup_at32f435_437.o(.text)
    TMR6_DAC_GLOBAL_IRQHandler               0x080002c7   Thumb Code     0  startup_at32f435_437.o(.text)
    TMR7_GLOBAL_IRQHandler                   0x080002c7   Thumb Code     0  startup_at32f435_437.o(.text)
    TMR8_BRK_TMR12_IRQHandler                0x080002c7   Thumb Code     0  startup_at32f435_437.o(.text)
    TMR8_CH_IRQHandler                       0x080002c7   Thumb Code     0  startup_at32f435_437.o(.text)
    TMR8_OVF_TMR13_IRQHandler                0x080002c7   Thumb Code     0  startup_at32f435_437.o(.text)
    TMR8_TRG_HALL_TMR14_IRQHandler           0x080002c7   Thumb Code     0  startup_at32f435_437.o(.text)
    UART4_IRQHandler                         0x080002c7   Thumb Code     0  startup_at32f435_437.o(.text)
    UART5_IRQHandler                         0x080002c7   Thumb Code     0  startup_at32f435_437.o(.text)
    UART7_IRQHandler                         0x080002c7   Thumb Code     0  startup_at32f435_437.o(.text)
    UART8_IRQHandler                         0x080002c7   Thumb Code     0  startup_at32f435_437.o(.text)
    USART1_IRQHandler                        0x080002c7   Thumb Code     0  startup_at32f435_437.o(.text)
    USART2_IRQHandler                        0x080002c7   Thumb Code     0  startup_at32f435_437.o(.text)
    USART3_IRQHandler                        0x080002c7   Thumb Code     0  startup_at32f435_437.o(.text)
    USART6_IRQHandler                        0x080002c7   Thumb Code     0  startup_at32f435_437.o(.text)
    WWDT_IRQHandler                          0x080002c7   Thumb Code     0  startup_at32f435_437.o(.text)
    XMC_IRQHandler                           0x080002c7   Thumb Code     0  startup_at32f435_437.o(.text)
    __user_initial_stackheap                 0x080002c9   Thumb Code     0  startup_at32f435_437.o(.text)
    __use_no_semihosting                     0x080002ed   Thumb Code     2  use_no_semi_2.o(.text)
    __aeabi_uldivmod                         0x080002ef   Thumb Code     0  lludivv7m.o(.text)
    _ll_udiv                                 0x080002ef   Thumb Code   238  lludivv7m.o(.text)
    __use_two_region_memory                  0x080003dd   Thumb Code     2  heapauxi.o(.text)
    __rt_heap_escrow$2region                 0x080003df   Thumb Code     2  heapauxi.o(.text)
    __rt_heap_expand$2region                 0x080003e1   Thumb Code     2  heapauxi.o(.text)
    __I$use$semihosting                      0x080003e3   Thumb Code     0  use_no_semi.o(.text)
    __use_no_semihosting_swi                 0x080003e3   Thumb Code     2  use_no_semi.o(.text)
    __user_setup_stackheap                   0x080003e5   Thumb Code    74  sys_stackheap_outer.o(.text)
    exit                                     0x0800042f   Thumb Code    18  exit.o(.text)
    __user_libspace                          0x08000441   Thumb Code     8  libspace.o(.text)
    __user_perproc_libspace                  0x08000441   Thumb Code     0  libspace.o(.text)
    __user_perthread_libspace                0x08000441   Thumb Code     0  libspace.o(.text)
    BusFault_Handler                         0x08000449   Thumb Code     4  at32f435_437_int.o(i.BusFault_Handler)
    DMA1_Channel1_IRQHandler                 0x0800044d   Thumb Code    10  at32f435_437_int.o(i.DMA1_Channel1_IRQHandler)
    DMA1_Channel2_IRQHandler                 0x0800045d   Thumb Code    10  at32f435_437_int.o(i.DMA1_Channel2_IRQHandler)
    DebugMon_Handler                         0x0800046d   Thumb Code     2  at32f435_437_int.o(i.DebugMon_Handler)
    HardFault_Handler                        0x0800046f   Thumb Code     4  at32f435_437_int.o(i.HardFault_Handler)
    I2C2_ERR_IRQHandler                      0x08000475   Thumb Code    10  at32f435_437_int.o(i.I2C2_ERR_IRQHandler)
    I2C2_EVT_IRQHandler                      0x08000485   Thumb Code    10  at32f435_437_int.o(i.I2C2_EVT_IRQHandler)
    MemManage_Handler                        0x08000495   Thumb Code     4  at32f435_437_int.o(i.MemManage_Handler)
    NMI_Handler                              0x08000499   Thumb Code     2  at32f435_437_int.o(i.NMI_Handler)
    PendSV_Handler                           0x0800049b   Thumb Code     2  at32f435_437_int.o(i.PendSV_Handler)
    SVC_Handler                              0x0800049d   Thumb Code     2  at32f435_437_int.o(i.SVC_Handler)
    SysTick_Handler                          0x0800049f   Thumb Code     2  at32f435_437_int.o(i.SysTick_Handler)
    SystemInit                               0x080004a1   Thumb Code   128  system_at32f435_437.o(i.SystemInit)
    UsageFault_Handler                       0x08000531   Thumb Code     4  at32f435_437_int.o(i.UsageFault_Handler)
    _sys_exit                                0x08000535   Thumb Code     4  at32f435_437_board.o(i._sys_exit)
    at32_board_init                          0x08000539   Thumb Code    48  at32f435_437_board.o(i.at32_board_init)
    at32_button_init                         0x08000569   Thumb Code    54  at32f435_437_board.o(i.at32_button_init)
    at32_button_press                        0x080005a9   Thumb Code    54  at32f435_437_board.o(i.at32_button_press)
    at32_button_state                        0x080005e5   Thumb Code    14  at32f435_437_board.o(i.at32_button_state)
    at32_led_init                            0x080005f9   Thumb Code    68  at32f435_437_board.o(i.at32_led_init)
    at32_led_off                             0x08000649   Thumb Code    32  at32f435_437_board.o(i.at32_led_off)
    at32_led_on                              0x08000671   Thumb Code    32  at32f435_437_board.o(i.at32_led_on)
    at32_led_toggle                          0x08000699   Thumb Code    42  at32f435_437_board.o(i.at32_led_toggle)
    buffer_compare                           0x080006cd   Thumb Code    32  main.o(i.buffer_compare)
    crm_ahb_div_set                          0x080006ed   Thumb Code    14  at32f435_437_crm.o(i.crm_ahb_div_set)
    crm_apb1_div_set                         0x08000701   Thumb Code    14  at32f435_437_crm.o(i.crm_apb1_div_set)
    crm_apb2_div_set                         0x08000715   Thumb Code    14  at32f435_437_crm.o(i.crm_apb2_div_set)
    crm_auto_step_mode_enable                0x08000729   Thumb Code    34  at32f435_437_crm.o(i.crm_auto_step_mode_enable)
    crm_clock_source_enable                  0x08000751   Thumb Code    98  at32f435_437_crm.o(i.crm_clock_source_enable)
    crm_flag_get                             0x080007b9   Thumb Code    44  at32f435_437_crm.o(i.crm_flag_get)
    crm_hext_stable_wait                     0x080007e9   Thumb Code    46  at32f435_437_crm.o(i.crm_hext_stable_wait)
    crm_periph_clock_enable                  0x08000819   Thumb Code    70  at32f435_437_crm.o(i.crm_periph_clock_enable)
    crm_periph_reset                         0x08000865   Thumb Code    70  at32f435_437_crm.o(i.crm_periph_reset)
    crm_pll_config                           0x080008b1   Thumb Code    68  at32f435_437_crm.o(i.crm_pll_config)
    crm_reset                                0x080008f9   Thumb Code   106  at32f435_437_crm.o(i.crm_reset)
    crm_sysclk_switch                        0x08000971   Thumb Code    54  at32f435_437_crm.o(i.crm_sysclk_switch)
    crm_sysclk_switch_status_get             0x080009ad   Thumb Code    10  at32f435_437_crm.o(i.crm_sysclk_switch_status_get)
    delay_init                               0x080009bd   Thumb Code    38  at32f435_437_board.o(i.delay_init)
    delay_ms                                 0x080009f5   Thumb Code   110  at32f435_437_board.o(i.delay_ms)
    dma_channel_enable                       0x08000a69   Thumb Code    10  at32f435_437_dma.o(i.dma_channel_enable)
    dma_flag_clear                           0x08000a75   Thumb Code    22  at32f435_437_dma.o(i.dma_flag_clear)
    dma_flag_get                             0x08000a95   Thumb Code    34  at32f435_437_dma.o(i.dma_flag_get)
    dma_init                                 0x08000ac1   Thumb Code    98  at32f435_437_dma.o(i.dma_init)
    dma_interrupt_enable                     0x08000b23   Thumb Code    18  at32f435_437_dma.o(i.dma_interrupt_enable)
    dma_reset                                0x08000b35   Thumb Code   102  at32f435_437_dma.o(i.dma_reset)
    dmamux_enable                            0x08000ba5   Thumb Code    14  at32f435_437_dma.o(i.dmamux_enable)
    dmamux_init                              0x08000bb3   Thumb Code    10  at32f435_437_dma.o(i.dmamux_init)
    eeprom_read_buffer                       0x08000bbd   Thumb Code   120  eeprom.o(i.eeprom_read_buffer)
    eeprom_ready_check                       0x08000c35   Thumb Code   138  eeprom.o(i.eeprom_ready_check)
    eeprom_ready_wait                        0x08000cbf   Thumb Code    46  eeprom.o(i.eeprom_ready_wait)
    eeprom_write_buffer                      0x08000ced   Thumb Code   276  eeprom.o(i.eeprom_write_buffer)
    eeprom_write_page                        0x08000e01   Thumb Code   120  eeprom.o(i.eeprom_write_page)
    error_handler                            0x08000e79   Thumb Code    18  main.o(i.error_handler)
    gpio_default_para_init                   0x08000e8b   Thumb Code    20  at32f435_437_gpio.o(i.gpio_default_para_init)
    gpio_init                                0x08000e9f   Thumb Code   122  at32f435_437_gpio.o(i.gpio_init)
    gpio_input_data_bit_read                 0x08000f19   Thumb Code    18  at32f435_437_gpio.o(i.gpio_input_data_bit_read)
    gpio_pin_mux_config                      0x08000f2b   Thumb Code    66  at32f435_437_gpio.o(i.gpio_pin_mux_config)
    i2c_config                               0x08000f6d   Thumb Code    26  i2c_application.o(i.i2c_config)
    i2c_data_receive                         0x08000f87   Thumb Code     8  at32f435_437_i2c.o(i.i2c_data_receive)
    i2c_data_send                            0x08000f8f   Thumb Code     4  at32f435_437_i2c.o(i.i2c_data_send)
    i2c_dma_config                           0x08000f93   Thumb Code    98  i2c_application.o(i.i2c_dma_config)
    i2c_dma_enable                           0x08000ff5   Thumb Code    22  at32f435_437_i2c.o(i.i2c_dma_enable)
    i2c_dma_rx_irq_handler                   0x0800100b   Thumb Code    14  i2c_application.o(i.i2c_dma_rx_irq_handler)
    i2c_dma_tx_irq_handler                   0x08001019   Thumb Code    14  i2c_application.o(i.i2c_dma_tx_irq_handler)
    i2c_dma_tx_rx_irq_handler                0x08001029   Thumb Code   504  i2c_application.o(i.i2c_dma_tx_rx_irq_handler)
    i2c_enable                               0x08001239   Thumb Code    10  at32f435_437_i2c.o(i.i2c_enable)
    i2c_err_irq_handler                      0x08001243   Thumb Code   222  i2c_application.o(i.i2c_err_irq_handler)
    i2c_evt_irq_handler                      0x08001321   Thumb Code    68  i2c_application.o(i.i2c_evt_irq_handler)
    i2c_flag_clear                           0x08001365   Thumb Code     4  at32f435_437_i2c.o(i.i2c_flag_clear)
    i2c_flag_get                             0x08001369   Thumb Code    16  at32f435_437_i2c.o(i.i2c_flag_get)
    i2c_init                                 0x08001379   Thumb Code    20  at32f435_437_i2c.o(i.i2c_init)
    i2c_interrupt_enable                     0x0800138d   Thumb Code    18  at32f435_437_i2c.o(i.i2c_interrupt_enable)
    i2c_lowlevel_init                        0x080013a1   Thumb Code   304  main.o(i.i2c_lowlevel_init)
    i2c_master_irq_handler_dma               0x080014ed   Thumb Code   192  i2c_application.o(i.i2c_master_irq_handler_dma)
    i2c_master_irq_handler_int               0x080015ad   Thumb Code   260  i2c_application.o(i.i2c_master_irq_handler_int)
    i2c_memory_address_send                  0x080016b1   Thumb Code    68  i2c_application.o(i.i2c_memory_address_send)
    i2c_memory_read                          0x080016f5   Thumb Code   262  i2c_application.o(i.i2c_memory_read)
    i2c_memory_read_dma                      0x080017fb   Thumb Code   180  i2c_application.o(i.i2c_memory_read_dma)
    i2c_memory_read_int                      0x080018af   Thumb Code   158  i2c_application.o(i.i2c_memory_read_int)
    i2c_memory_write                         0x0800194d   Thumb Code   240  i2c_application.o(i.i2c_memory_write)
    i2c_memory_write_dma                     0x08001a3d   Thumb Code   180  i2c_application.o(i.i2c_memory_write_dma)
    i2c_memory_write_int                     0x08001af1   Thumb Code   136  i2c_application.o(i.i2c_memory_write_int)
    i2c_own_address1_set                     0x08001b79   Thumb Code    30  at32f435_437_i2c.o(i.i2c_own_address1_set)
    i2c_refresh_txdt_register                0x08001b97   Thumb Code    46  i2c_application.o(i.i2c_refresh_txdt_register)
    i2c_reset                                0x08001bc5   Thumb Code    84  at32f435_437_i2c.o(i.i2c_reset)
    i2c_reset_ctrl2_register                 0x08001c29   Thumb Code    62  i2c_application.o(i.i2c_reset_ctrl2_register)
    i2c_slave_irq_handler_dma                0x08001c67   Thumb Code   134  i2c_application.o(i.i2c_slave_irq_handler_dma)
    i2c_slave_irq_handler_int                0x08001ced   Thumb Code   240  i2c_application.o(i.i2c_slave_irq_handler_int)
    i2c_start_transfer                       0x08001ddd   Thumb Code    62  i2c_application.o(i.i2c_start_transfer)
    i2c_start_transfer_dma                   0x08001e1b   Thumb Code    88  i2c_application.o(i.i2c_start_transfer_dma)
    i2c_stop_generate                        0x08001e73   Thumb Code    14  at32f435_437_i2c.o(i.i2c_stop_generate)
    i2c_transfer_addr_get                    0x08001e81   Thumb Code    10  at32f435_437_i2c.o(i.i2c_transfer_addr_get)
    i2c_transmit_set                         0x08001e8d   Thumb Code    28  at32f435_437_i2c.o(i.i2c_transmit_set)
    i2c_wait_end                             0x08001ead   Thumb Code    34  i2c_application.o(i.i2c_wait_end)
    i2c_wait_flag                            0x08001ecf   Thumb Code   148  i2c_application.o(i.i2c_wait_flag)
    main                                     0x08001f65   Thumb Code   362  main.o(i.main)
    nvic_irq_enable                          0x080020f1   Thumb Code   190  at32f435_437_misc.o(i.nvic_irq_enable)
    nvic_priority_group_config               0x080021b9   Thumb Code    32  at32f435_437_misc.o(i.nvic_priority_group_config)
    system_clock_config                      0x080021e1   Thumb Code   144  at32f435_437_clock.o(i.system_clock_config)
    system_core_clock_update                 0x0800227d   Thumb Code   214  system_at32f435_437.o(i.system_core_clock_update)
    systick_clock_source_config              0x0800236d   Thumb Code    40  at32f435_437_misc.o(i.systick_clock_source_config)
    _fp_init                                 0x08002395   Thumb Code    10  fpinit.o(x$fpl$fpinit)
    __fplib_config_fpu_vfp                   0x0800239d   Thumb Code     0  fpinit.o(x$fpl$fpinit)
    __fplib_config_pureend_doubles           0x0800239d   Thumb Code     0  fpinit.o(x$fpl$fpinit)
    Region$$Table$$Base                      0x080023b4   Number         0  anon$$obj.o(Region$$Table)
    Region$$Table$$Limit                     0x080023d4   Number         0  anon$$obj.o(Region$$Table)
    tx_buf1                                  0x20000000   Data          12  main.o(.data)
    tx_buf2                                  0x2000000c   Data          12  main.o(.data)
    tx_buf3                                  0x20000018   Data          12  main.o(.data)
    led_gpio_port                            0x20000024   Data          12  at32f435_437_board.o(.data)
    led_gpio_pin                             0x20000030   Data           6  at32f435_437_board.o(.data)
    led_gpio_crm_clk                         0x20000038   Data          12  at32f435_437_board.o(.data)
    __stdout                                 0x2000004c   Data           4  at32f435_437_board.o(.data)
    system_core_clock                        0x20000054   Data           4  system_at32f435_437.o(.data)
    rx_buf1                                  0x20000058   Data          12  main.o(.bss)
    rx_buf2                                  0x20000064   Data          12  main.o(.bss)
    rx_buf3                                  0x20000070   Data          12  main.o(.bss)
    hi2cx                                    0x2000007c   Data          52  main.o(.bss)
    __libspace_start                         0x200000b0   Data          96  libspace.o(.bss)
    __temporary_stack_top$libspace           0x20000110   Data           0  libspace.o(.bss)



==============================================================================

Memory Map of the image

  Image Entry point : 0x0800020d

  Load Region LR_IROM1 (Base: 0x08000000, Size: 0x0000242c, Max: 0x003f0000, ABSOLUTE)

    Execution Region ER_IROM1 (Exec base: 0x08000000, Load base: 0x08000000, Size: 0x000023d4, Max: 0x003f0000, ABSOLUTE)

    Exec Addr    Load Addr    Size         Type   Attr      Idx    E Section Name        Object

    0x08000000   0x08000000   0x0000020c   Data   RO         1947    RESET               startup_at32f435_437.o
    0x0800020c   0x0800020c   0x00000008   Code   RO         1960  * !!!main             c_w.l(__main.o)
    0x08000214   0x08000214   0x00000034   Code   RO         2125    !!!scatter          c_w.l(__scatter.o)
    0x08000248   0x08000248   0x0000001a   Code   RO         2127    !!handler_copy      c_w.l(__scatter_copy.o)
    0x08000262   0x08000262   0x00000002   PAD
    0x08000264   0x08000264   0x0000001c   Code   RO         2129    !!handler_zi        c_w.l(__scatter_zi.o)
    0x08000280   0x08000280   0x00000002   Code   RO         1999    .ARM.Collect$$libinit$$00000000  c_w.l(libinit.o)
    0x08000282   0x08000282   0x00000004   Code   RO         2011    .ARM.Collect$$libinit$$00000001  c_w.l(libinit2.o)
    0x08000286   0x08000286   0x00000000   Code   RO         2014    .ARM.Collect$$libinit$$00000004  c_w.l(libinit2.o)
    0x08000286   0x08000286   0x00000000   Code   RO         2017    .ARM.Collect$$libinit$$0000000A  c_w.l(libinit2.o)
    0x08000286   0x08000286   0x00000000   Code   RO         2019    .ARM.Collect$$libinit$$0000000C  c_w.l(libinit2.o)
    0x08000286   0x08000286   0x00000000   Code   RO         2021    .ARM.Collect$$libinit$$0000000E  c_w.l(libinit2.o)
    0x08000286   0x08000286   0x00000000   Code   RO         2024    .ARM.Collect$$libinit$$00000011  c_w.l(libinit2.o)
    0x08000286   0x08000286   0x00000000   Code   RO         2026    .ARM.Collect$$libinit$$00000013  c_w.l(libinit2.o)
    0x08000286   0x08000286   0x00000000   Code   RO         2028    .ARM.Collect$$libinit$$00000015  c_w.l(libinit2.o)
    0x08000286   0x08000286   0x00000000   Code   RO         2030    .ARM.Collect$$libinit$$00000017  c_w.l(libinit2.o)
    0x08000286   0x08000286   0x00000000   Code   RO         2032    .ARM.Collect$$libinit$$00000019  c_w.l(libinit2.o)
    0x08000286   0x08000286   0x00000000   Code   RO         2034    .ARM.Collect$$libinit$$0000001B  c_w.l(libinit2.o)
    0x08000286   0x08000286   0x00000000   Code   RO         2036    .ARM.Collect$$libinit$$0000001D  c_w.l(libinit2.o)
    0x08000286   0x08000286   0x00000000   Code   RO         2038    .ARM.Collect$$libinit$$0000001F  c_w.l(libinit2.o)
    0x08000286   0x08000286   0x00000000   Code   RO         2040    .ARM.Collect$$libinit$$00000021  c_w.l(libinit2.o)
    0x08000286   0x08000286   0x00000000   Code   RO         2042    .ARM.Collect$$libinit$$00000023  c_w.l(libinit2.o)
    0x08000286   0x08000286   0x00000000   Code   RO         2044    .ARM.Collect$$libinit$$00000025  c_w.l(libinit2.o)
    0x08000286   0x08000286   0x00000000   Code   RO         2048    .ARM.Collect$$libinit$$0000002C  c_w.l(libinit2.o)
    0x08000286   0x08000286   0x00000000   Code   RO         2050    .ARM.Collect$$libinit$$0000002E  c_w.l(libinit2.o)
    0x08000286   0x08000286   0x00000000   Code   RO         2052    .ARM.Collect$$libinit$$00000030  c_w.l(libinit2.o)
    0x08000286   0x08000286   0x00000000   Code   RO         2054    .ARM.Collect$$libinit$$00000032  c_w.l(libinit2.o)
    0x08000286   0x08000286   0x00000002   Code   RO         2055    .ARM.Collect$$libinit$$00000033  c_w.l(libinit2.o)
    0x08000288   0x08000288   0x00000002   Code   RO         2079    .ARM.Collect$$libshutdown$$00000000  c_w.l(libshutdown.o)
    0x0800028a   0x0800028a   0x00000000   Code   RO         2105    .ARM.Collect$$libshutdown$$00000002  c_w.l(libshutdown2.o)
    0x0800028a   0x0800028a   0x00000000   Code   RO         2107    .ARM.Collect$$libshutdown$$00000004  c_w.l(libshutdown2.o)
    0x0800028a   0x0800028a   0x00000000   Code   RO         2109    .ARM.Collect$$libshutdown$$00000006  c_w.l(libshutdown2.o)
    0x0800028a   0x0800028a   0x00000000   Code   RO         2112    .ARM.Collect$$libshutdown$$00000009  c_w.l(libshutdown2.o)
    0x0800028a   0x0800028a   0x00000000   Code   RO         2115    .ARM.Collect$$libshutdown$$0000000C  c_w.l(libshutdown2.o)
    0x0800028a   0x0800028a   0x00000000   Code   RO         2117    .ARM.Collect$$libshutdown$$0000000E  c_w.l(libshutdown2.o)
    0x0800028a   0x0800028a   0x00000000   Code   RO         2120    .ARM.Collect$$libshutdown$$00000011  c_w.l(libshutdown2.o)
    0x0800028a   0x0800028a   0x00000002   Code   RO         2121    .ARM.Collect$$libshutdown$$00000012  c_w.l(libshutdown2.o)
    0x0800028c   0x0800028c   0x00000000   Code   RO         1964    .ARM.Collect$$rtentry$$00000000  c_w.l(__rtentry.o)
    0x0800028c   0x0800028c   0x00000000   Code   RO         1970    .ARM.Collect$$rtentry$$00000002  c_w.l(__rtentry2.o)
    0x0800028c   0x0800028c   0x00000006   Code   RO         1982    .ARM.Collect$$rtentry$$00000004  c_w.l(__rtentry4.o)
    0x08000292   0x08000292   0x00000000   Code   RO         1972    .ARM.Collect$$rtentry$$00000009  c_w.l(__rtentry2.o)
    0x08000292   0x08000292   0x00000004   Code   RO         1973    .ARM.Collect$$rtentry$$0000000A  c_w.l(__rtentry2.o)
    0x08000296   0x08000296   0x00000000   Code   RO         1975    .ARM.Collect$$rtentry$$0000000C  c_w.l(__rtentry2.o)
    0x08000296   0x08000296   0x00000008   Code   RO         1976    .ARM.Collect$$rtentry$$0000000D  c_w.l(__rtentry2.o)
    0x0800029e   0x0800029e   0x00000002   Code   RO         2003    .ARM.Collect$$rtexit$$00000000  c_w.l(rtexit.o)
    0x080002a0   0x080002a0   0x00000000   Code   RO         2057    .ARM.Collect$$rtexit$$00000002  c_w.l(rtexit2.o)
    0x080002a0   0x080002a0   0x00000004   Code   RO         2058    .ARM.Collect$$rtexit$$00000003  c_w.l(rtexit2.o)
    0x080002a4   0x080002a4   0x00000006   Code   RO         2059    .ARM.Collect$$rtexit$$00000004  c_w.l(rtexit2.o)
    0x080002aa   0x080002aa   0x00000002   PAD
    0x080002ac   0x080002ac   0x00000040   Code   RO         1948    .text               startup_at32f435_437.o
    0x080002ec   0x080002ec   0x00000002   Code   RO         1954    .text               c_w.l(use_no_semi_2.o)
    0x080002ee   0x080002ee   0x000000ee   Code   RO         1956    .text               c_w.l(lludivv7m.o)
    0x080003dc   0x080003dc   0x00000006   Code   RO         1958    .text               c_w.l(heapauxi.o)
    0x080003e2   0x080003e2   0x00000002   Code   RO         1962    .text               c_w.l(use_no_semi.o)
    0x080003e4   0x080003e4   0x0000004a   Code   RO         1986    .text               c_w.l(sys_stackheap_outer.o)
    0x0800042e   0x0800042e   0x00000012   Code   RO         1988    .text               c_w.l(exit.o)
    0x08000440   0x08000440   0x00000008   Code   RO         2000    .text               c_w.l(libspace.o)
    0x08000448   0x08000448   0x00000004   Code   RO          150    i.BusFault_Handler  at32f435_437_int.o
    0x0800044c   0x0800044c   0x00000010   Code   RO          151    i.DMA1_Channel1_IRQHandler  at32f435_437_int.o
    0x0800045c   0x0800045c   0x00000010   Code   RO          152    i.DMA1_Channel2_IRQHandler  at32f435_437_int.o
    0x0800046c   0x0800046c   0x00000002   Code   RO          153    i.DebugMon_Handler  at32f435_437_int.o
    0x0800046e   0x0800046e   0x00000004   Code   RO          154    i.HardFault_Handler  at32f435_437_int.o
    0x08000472   0x08000472   0x00000002   PAD
    0x08000474   0x08000474   0x00000010   Code   RO          155    i.I2C2_ERR_IRQHandler  at32f435_437_int.o
    0x08000484   0x08000484   0x00000010   Code   RO          156    i.I2C2_EVT_IRQHandler  at32f435_437_int.o
    0x08000494   0x08000494   0x00000004   Code   RO          157    i.MemManage_Handler  at32f435_437_int.o
    0x08000498   0x08000498   0x00000002   Code   RO          158    i.NMI_Handler       at32f435_437_int.o
    0x0800049a   0x0800049a   0x00000002   Code   RO          159    i.PendSV_Handler    at32f435_437_int.o
    0x0800049c   0x0800049c   0x00000002   Code   RO          160    i.SVC_Handler       at32f435_437_int.o
    0x0800049e   0x0800049e   0x00000002   Code   RO          161    i.SysTick_Handler   at32f435_437_int.o
    0x080004a0   0x080004a0   0x00000090   Code   RO         1911    i.SystemInit        system_at32f435_437.o
    0x08000530   0x08000530   0x00000004   Code   RO          162    i.UsageFault_Handler  at32f435_437_int.o
    0x08000534   0x08000534   0x00000004   Code   RO          357    i._sys_exit         at32f435_437_board.o
    0x08000538   0x08000538   0x00000030   Code   RO          359    i.at32_board_init   at32f435_437_board.o
    0x08000568   0x08000568   0x00000040   Code   RO          360    i.at32_button_init  at32f435_437_board.o
    0x080005a8   0x080005a8   0x0000003c   Code   RO          361    i.at32_button_press  at32f435_437_board.o
    0x080005e4   0x080005e4   0x00000014   Code   RO          362    i.at32_button_state  at32f435_437_board.o
    0x080005f8   0x080005f8   0x00000050   Code   RO          363    i.at32_led_init     at32f435_437_board.o
    0x08000648   0x08000648   0x00000028   Code   RO          364    i.at32_led_off      at32f435_437_board.o
    0x08000670   0x08000670   0x00000028   Code   RO          365    i.at32_led_on       at32f435_437_board.o
    0x08000698   0x08000698   0x00000034   Code   RO          366    i.at32_led_toggle   at32f435_437_board.o
    0x080006cc   0x080006cc   0x00000020   Code   RO          253    i.buffer_compare    main.o
    0x080006ec   0x080006ec   0x00000014   Code   RO          850    i.crm_ahb_div_set   at32f435_437_crm.o
    0x08000700   0x08000700   0x00000014   Code   RO          851    i.crm_apb1_div_set  at32f435_437_crm.o
    0x08000714   0x08000714   0x00000014   Code   RO          852    i.crm_apb2_div_set  at32f435_437_crm.o
    0x08000728   0x08000728   0x00000028   Code   RO          853    i.crm_auto_step_mode_enable  at32f435_437_crm.o
    0x08000750   0x08000750   0x00000068   Code   RO          860    i.crm_clock_source_enable  at32f435_437_crm.o
    0x080007b8   0x080007b8   0x00000030   Code   RO          866    i.crm_flag_get      at32f435_437_crm.o
    0x080007e8   0x080007e8   0x0000002e   Code   RO          868    i.crm_hext_stable_wait  at32f435_437_crm.o
    0x08000816   0x08000816   0x00000002   PAD
    0x08000818   0x08000818   0x0000004c   Code   RO          876    i.crm_periph_clock_enable  at32f435_437_crm.o
    0x08000864   0x08000864   0x0000004c   Code   RO          878    i.crm_periph_reset  at32f435_437_crm.o
    0x080008b0   0x080008b0   0x00000048   Code   RO          879    i.crm_pll_config    at32f435_437_crm.o
    0x080008f8   0x080008f8   0x00000078   Code   RO          881    i.crm_reset         at32f435_437_crm.o
    0x08000970   0x08000970   0x0000003c   Code   RO          882    i.crm_sysclk_switch  at32f435_437_crm.o
    0x080009ac   0x080009ac   0x00000010   Code   RO          883    i.crm_sysclk_switch_status_get  at32f435_437_crm.o
    0x080009bc   0x080009bc   0x00000038   Code   RO          367    i.delay_init        at32f435_437_board.o
    0x080009f4   0x080009f4   0x00000074   Code   RO          368    i.delay_ms          at32f435_437_board.o
    0x08000a68   0x08000a68   0x0000000a   Code   RO         1085    i.dma_channel_enable  at32f435_437_dma.o
    0x08000a72   0x08000a72   0x00000002   PAD
    0x08000a74   0x08000a74   0x00000020   Code   RO         1089    i.dma_flag_clear    at32f435_437_dma.o
    0x08000a94   0x08000a94   0x0000002c   Code   RO         1090    i.dma_flag_get      at32f435_437_dma.o
    0x08000ac0   0x08000ac0   0x00000062   Code   RO         1092    i.dma_init          at32f435_437_dma.o
    0x08000b22   0x08000b22   0x00000012   Code   RO         1093    i.dma_interrupt_enable  at32f435_437_dma.o
    0x08000b34   0x08000b34   0x00000070   Code   RO         1095    i.dma_reset         at32f435_437_dma.o
    0x08000ba4   0x08000ba4   0x0000000e   Code   RO         1096    i.dmamux_enable     at32f435_437_dma.o
    0x08000bb2   0x08000bb2   0x0000000a   Code   RO         1103    i.dmamux_init       at32f435_437_dma.o
    0x08000bbc   0x08000bbc   0x00000078   Code   RO          309    i.eeprom_read_buffer  eeprom.o
    0x08000c34   0x08000c34   0x0000008a   Code   RO          310    i.eeprom_ready_check  eeprom.o
    0x08000cbe   0x08000cbe   0x0000002e   Code   RO          311    i.eeprom_ready_wait  eeprom.o
    0x08000cec   0x08000cec   0x00000114   Code   RO          312    i.eeprom_write_buffer  eeprom.o
    0x08000e00   0x08000e00   0x00000078   Code   RO          313    i.eeprom_write_page  eeprom.o
    0x08000e78   0x08000e78   0x00000012   Code   RO          254    i.error_handler     main.o
    0x08000e8a   0x08000e8a   0x00000014   Code   RO         1256    i.gpio_default_para_init  at32f435_437_gpio.o
    0x08000e9e   0x08000e9e   0x0000007a   Code   RO         1257    i.gpio_init         at32f435_437_gpio.o
    0x08000f18   0x08000f18   0x00000012   Code   RO         1258    i.gpio_input_data_bit_read  at32f435_437_gpio.o
    0x08000f2a   0x08000f2a   0x00000042   Code   RO         1262    i.gpio_pin_mux_config  at32f435_437_gpio.o
    0x08000f6c   0x08000f6c   0x0000001a   Code   RO          478    i.i2c_config        i2c_application.o
    0x08000f86   0x08000f86   0x00000008   Code   RO         1361    i.i2c_data_receive  at32f435_437_i2c.o
    0x08000f8e   0x08000f8e   0x00000004   Code   RO         1362    i.i2c_data_send     at32f435_437_i2c.o
    0x08000f92   0x08000f92   0x00000062   Code   RO          479    i.i2c_dma_config    i2c_application.o
    0x08000ff4   0x08000ff4   0x00000016   Code   RO         1363    i.i2c_dma_enable    at32f435_437_i2c.o
    0x0800100a   0x0800100a   0x0000000e   Code   RO          480    i.i2c_dma_rx_irq_handler  i2c_application.o
    0x08001018   0x08001018   0x0000000e   Code   RO          481    i.i2c_dma_tx_irq_handler  i2c_application.o
    0x08001026   0x08001026   0x00000002   PAD
    0x08001028   0x08001028   0x00000210   Code   RO          482    i.i2c_dma_tx_rx_irq_handler  i2c_application.o
    0x08001238   0x08001238   0x0000000a   Code   RO         1364    i.i2c_enable        at32f435_437_i2c.o
    0x08001242   0x08001242   0x000000de   Code   RO          483    i.i2c_err_irq_handler  i2c_application.o
    0x08001320   0x08001320   0x00000044   Code   RO          484    i.i2c_evt_irq_handler  i2c_application.o
    0x08001364   0x08001364   0x00000004   Code   RO         1367    i.i2c_flag_clear    at32f435_437_i2c.o
    0x08001368   0x08001368   0x00000010   Code   RO         1368    i.i2c_flag_get      at32f435_437_i2c.o
    0x08001378   0x08001378   0x00000014   Code   RO         1370    i.i2c_init          at32f435_437_i2c.o
    0x0800138c   0x0800138c   0x00000012   Code   RO         1371    i.i2c_interrupt_enable  at32f435_437_i2c.o
    0x0800139e   0x0800139e   0x00000002   PAD
    0x080013a0   0x080013a0   0x0000014c   Code   RO          255    i.i2c_lowlevel_init  main.o
    0x080014ec   0x080014ec   0x000000c0   Code   RO          486    i.i2c_master_irq_handler_dma  i2c_application.o
    0x080015ac   0x080015ac   0x00000104   Code   RO          487    i.i2c_master_irq_handler_int  i2c_application.o
    0x080016b0   0x080016b0   0x00000044   Code   RO          494    i.i2c_memory_address_send  i2c_application.o
    0x080016f4   0x080016f4   0x00000106   Code   RO          495    i.i2c_memory_read   i2c_application.o
    0x080017fa   0x080017fa   0x000000b4   Code   RO          496    i.i2c_memory_read_dma  i2c_application.o
    0x080018ae   0x080018ae   0x0000009e   Code   RO          497    i.i2c_memory_read_int  i2c_application.o
    0x0800194c   0x0800194c   0x000000f0   Code   RO          498    i.i2c_memory_write  i2c_application.o
    0x08001a3c   0x08001a3c   0x000000b4   Code   RO          499    i.i2c_memory_write_dma  i2c_application.o
    0x08001af0   0x08001af0   0x00000088   Code   RO          500    i.i2c_memory_write_int  i2c_application.o
    0x08001b78   0x08001b78   0x0000001e   Code   RO         1375    i.i2c_own_address1_set  at32f435_437_i2c.o
    0x08001b96   0x08001b96   0x0000002e   Code   RO          501    i.i2c_refresh_txdt_register  i2c_application.o
    0x08001bc4   0x08001bc4   0x00000064   Code   RO         1382    i.i2c_reset         at32f435_437_i2c.o
    0x08001c28   0x08001c28   0x0000003e   Code   RO          502    i.i2c_reset_ctrl2_register  i2c_application.o
    0x08001c66   0x08001c66   0x00000086   Code   RO          503    i.i2c_slave_irq_handler_dma  i2c_application.o
    0x08001cec   0x08001cec   0x000000f0   Code   RO          504    i.i2c_slave_irq_handler_int  i2c_application.o
    0x08001ddc   0x08001ddc   0x0000003e   Code   RO          515    i.i2c_start_transfer  i2c_application.o
    0x08001e1a   0x08001e1a   0x00000058   Code   RO          516    i.i2c_start_transfer_dma  i2c_application.o
    0x08001e72   0x08001e72   0x0000000e   Code   RO         1387    i.i2c_stop_generate  at32f435_437_i2c.o
    0x08001e80   0x08001e80   0x0000000a   Code   RO         1391    i.i2c_transfer_addr_get  at32f435_437_i2c.o
    0x08001e8a   0x08001e8a   0x00000002   PAD
    0x08001e8c   0x08001e8c   0x00000020   Code   RO         1395    i.i2c_transmit_set  at32f435_437_i2c.o
    0x08001eac   0x08001eac   0x00000022   Code   RO          517    i.i2c_wait_end      i2c_application.o
    0x08001ece   0x08001ece   0x00000094   Code   RO          518    i.i2c_wait_flag     i2c_application.o
    0x08001f62   0x08001f62   0x00000002   PAD
    0x08001f64   0x08001f64   0x0000018c   Code   RO          256    i.main              main.o
    0x080020f0   0x080020f0   0x000000c8   Code   RO         1848    i.nvic_irq_enable   at32f435_437_misc.o
    0x080021b8   0x080021b8   0x00000028   Code   RO         1850    i.nvic_priority_group_config  at32f435_437_misc.o
    0x080021e0   0x080021e0   0x0000009c   Code   RO            4    i.system_clock_config  at32f435_437_clock.o
    0x0800227c   0x0800227c   0x000000f0   Code   RO         1912    i.system_core_clock_update  system_at32f435_437.o
    0x0800236c   0x0800236c   0x00000028   Code   RO         1853    i.systick_clock_source_config  at32f435_437_misc.o
    0x08002394   0x08002394   0x0000000a   Code   RO         2069    x$fpl$fpinit        fz_wm.l(fpinit.o)
    0x0800239e   0x0800239e   0x00000016   Data   RO         1913    .constdata          system_at32f435_437.o
    0x080023b4   0x080023b4   0x00000020   Data   RO         2123    Region$$Table       anon$$obj.o


    Execution Region RW_IRAM1 (Exec base: 0x20000000, Load base: 0x080023d4, Size: 0x00000710, Max: 0x00060000, ABSOLUTE)

    Exec Addr    Load Addr    Size         Type   Attr      Idx    E Section Name        Object

    0x20000000   0x080023d4   0x00000024   Data   RW          258    .data               main.o
    0x20000024   0x080023f8   0x0000002d   Data   RW          373    .data               at32f435_437_board.o
    0x20000051   0x08002425   0x00000003   PAD
    0x20000054   0x08002428   0x00000004   Data   RW         1914    .data               system_at32f435_437.o
    0x20000058        -       0x00000058   Zero   RW          257    .bss                main.o
    0x200000b0        -       0x00000060   Zero   RW         2001    .bss                c_w.l(libspace.o)
    0x20000110        -       0x00000200   Zero   RW         1946    HEAP                startup_at32f435_437.o
    0x20000310        -       0x00000400   Zero   RW         1945    STACK               startup_at32f435_437.o


==============================================================================

Image component sizes


      Code (inc. data)   RO Data    RW Data    ZI Data      Debug   Object Name

       580         84          0         45          0       9606   at32f435_437_board.o
       156         12          0          0          0      59790   at32f435_437_clock.o
       718         82          0          0          0       9037   at32f435_437_crm.o
       338         30          0          0          0       6125   at32f435_437_dma.o
       226          0          0          0          0       3570   at32f435_437_gpio.o
       288         20          0          0          0       9709   at32f435_437_i2c.o
        90         24          0          0          0       8656   at32f435_437_int.o
       280         18          0          0          0      33056   at32f435_437_misc.o
       700          0          0          0          0       5464   eeprom.o
      3460         32          0          0          0      25839   i2c_application.o
       778         62          0         36         88       6516   main.o
        64         26        524          0       1536       1020   startup_at32f435_437.o
       384         42         22          4          0       2628   system_at32f435_437.o

    ----------------------------------------------------------------------
      8076        432        578         88       1624     181016   Object Totals
         0          0         32          0          0          0   (incl. Generated)
        14          0          0          3          0          0   (incl. Padding)

    ----------------------------------------------------------------------

      Code (inc. data)   RO Data    RW Data    ZI Data      Debug   Library Member Name

         8          0          0          0          0         68   __main.o
         0          0          0          0          0          0   __rtentry.o
        12          0          0          0          0          0   __rtentry2.o
         6          0          0          0          0          0   __rtentry4.o
        52          8          0          0          0          0   __scatter.o
        26          0          0          0          0          0   __scatter_copy.o
        28          0          0          0          0          0   __scatter_zi.o
        18          0          0          0          0         80   exit.o
         6          0          0          0          0        152   heapauxi.o
         2          0          0          0          0          0   libinit.o
         6          0          0          0          0          0   libinit2.o
         2          0          0          0          0          0   libshutdown.o
         2          0          0          0          0          0   libshutdown2.o
         8          4          0          0         96         68   libspace.o
       238          0          0          0          0        100   lludivv7m.o
         2          0          0          0          0          0   rtexit.o
        10          0          0          0          0          0   rtexit2.o
        74          0          0          0          0         80   sys_stackheap_outer.o
         2          0          0          0          0         68   use_no_semi.o
         2          0          0          0          0         68   use_no_semi_2.o
        10          0          0          0          0        116   fpinit.o

    ----------------------------------------------------------------------
       518         12          0          0         96        800   Library Totals
         4          0          0          0          0          0   (incl. Padding)

    ----------------------------------------------------------------------

      Code (inc. data)   RO Data    RW Data    ZI Data      Debug   Library Name

       504         12          0          0         96        684   c_w.l
        10          0          0          0          0        116   fz_wm.l

    ----------------------------------------------------------------------
       518         12          0          0         96        800   Library Totals

    ----------------------------------------------------------------------

==============================================================================


      Code (inc. data)   RO Data    RW Data    ZI Data      Debug   

      8594        444        578         88       1720     172108   Grand Totals
      8594        444        578         88       1720     172108   ELF Image Totals
      8594        444        578         88          0          0   ROM Totals

==============================================================================

    Total RO  Size (Code + RO Data)                 9172 (   8.96kB)
    Total RW  Size (RW Data + ZI Data)              1808 (   1.77kB)
    Total ROM Size (Code + RO Data + RW Data)       9260 (   9.04kB)

==============================================================================

